Archive member included to satisfy reference by file (symbol)

c:/nxp/mcuxpressoide_10.2.0_759/ide/tools/bin/../lib/gcc/arm-none-eabi/7.2.1/../../../../arm-none-eabi/lib/thumb/v7e-m/fpv4-sp/hard\libcr_c.a(fpprintf.o)
                              ./source/App.o (printf)
c:/nxp/mcuxpressoide_10.2.0_759/ide/tools/bin/../lib/gcc/arm-none-eabi/7.2.1/../../../../arm-none-eabi/lib/thumb/v7e-m/fpv4-sp/hard\libcr_c.a(printf.o)
                              c:/nxp/mcuxpressoide_10.2.0_759/ide/tools/bin/../lib/gcc/arm-none-eabi/7.2.1/../../../../arm-none-eabi/lib/thumb/v7e-m/fpv4-sp/hard\libcr_c.a(fpprintf.o) (__vfprintf)
c:/nxp/mcuxpressoide_10.2.0_759/ide/tools/bin/../lib/gcc/arm-none-eabi/7.2.1/../../../../arm-none-eabi/lib/thumb/v7e-m/fpv4-sp/hard\libcr_c.a(strlen.o)
                              c:/nxp/mcuxpressoide_10.2.0_759/ide/tools/bin/../lib/gcc/arm-none-eabi/7.2.1/../../../../arm-none-eabi/lib/thumb/v7e-m/fpv4-sp/hard\libcr_c.a(printf.o) (strlen)
c:/nxp/mcuxpressoide_10.2.0_759/ide/tools/bin/../lib/gcc/arm-none-eabi/7.2.1/../../../../arm-none-eabi/lib/thumb/v7e-m/fpv4-sp/hard\libcr_c.a(memset.o)
                              c:/nxp/mcuxpressoide_10.2.0_759/ide/tools/bin/../lib/gcc/arm-none-eabi/7.2.1/../../../../arm-none-eabi/lib/thumb/v7e-m/fpv4-sp/hard\libcr_c.a(fpprintf.o) (memset)
c:/nxp/mcuxpressoide_10.2.0_759/ide/tools/bin/../lib/gcc/arm-none-eabi/7.2.1/../../../../arm-none-eabi/lib/thumb/v7e-m/fpv4-sp/hard\libcr_c.a(_deferredlazyseek.o)
                              c:/nxp/mcuxpressoide_10.2.0_759/ide/tools/bin/../lib/gcc/arm-none-eabi/7.2.1/../../../../arm-none-eabi/lib/thumb/v7e-m/fpv4-sp/hard\libcr_c.a(fpprintf.o) (__flsbuf)
c:/nxp/mcuxpressoide_10.2.0_759/ide/tools/bin/../lib/gcc/arm-none-eabi/7.2.1/../../../../arm-none-eabi/lib/thumb/v7e-m/fpv4-sp/hard\libcr_c.a(_fflush.o)
                              c:/nxp/mcuxpressoide_10.2.0_759/ide/tools/bin/../lib/gcc/arm-none-eabi/7.2.1/../../../../arm-none-eabi/lib/thumb/v7e-m/fpv4-sp/hard\libcr_c.a(_deferredlazyseek.o) (_fflush)
c:/nxp/mcuxpressoide_10.2.0_759/ide/tools/bin/../lib/gcc/arm-none-eabi/7.2.1/../../../../arm-none-eabi/lib/thumb/v7e-m/fpv4-sp/hard\libcr_c.a(_frexpl.o)
                              c:/nxp/mcuxpressoide_10.2.0_759/ide/tools/bin/../lib/gcc/arm-none-eabi/7.2.1/../../../../arm-none-eabi/lib/thumb/v7e-m/fpv4-sp/hard\libcr_c.a(fpprintf.o) (_frexpl)
c:/nxp/mcuxpressoide_10.2.0_759/ide/tools/bin/../lib/gcc/arm-none-eabi/7.2.1/../../../../arm-none-eabi/lib/thumb/v7e-m/fpv4-sp/hard\libcr_c.a(_ldexpl.o)
                              c:/nxp/mcuxpressoide_10.2.0_759/ide/tools/bin/../lib/gcc/arm-none-eabi/7.2.1/../../../../arm-none-eabi/lib/thumb/v7e-m/fpv4-sp/hard\libcr_c.a(fpprintf.o) (_ldexpl)
c:/nxp/mcuxpressoide_10.2.0_759/ide/tools/bin/../lib/gcc/arm-none-eabi/7.2.1/../../../../arm-none-eabi/lib/thumb/v7e-m/fpv4-sp/hard\libcr_c.a(_writebuf.o)
                              c:/nxp/mcuxpressoide_10.2.0_759/ide/tools/bin/../lib/gcc/arm-none-eabi/7.2.1/../../../../arm-none-eabi/lib/thumb/v7e-m/fpv4-sp/hard\libcr_c.a(_deferredlazyseek.o) (_Cwritebuf)
c:/nxp/mcuxpressoide_10.2.0_759/ide/tools/bin/../lib/gcc/arm-none-eabi/7.2.1/../../../../arm-none-eabi/lib/thumb/v7e-m/fpv4-sp/hard\libcr_c.a(alloc.o)
                              c:/nxp/mcuxpressoide_10.2.0_759/ide/tools/bin/../lib/gcc/arm-none-eabi/7.2.1/../../../../arm-none-eabi/lib/thumb/v7e-m/fpv4-sp/hard\libcr_c.a(fpprintf.o) (malloc)
c:/nxp/mcuxpressoide_10.2.0_759/ide/tools/bin/../lib/gcc/arm-none-eabi/7.2.1/../../../../arm-none-eabi/lib/thumb/v7e-m/fpv4-sp/hard\libcr_c.a(errno.o)
                              c:/nxp/mcuxpressoide_10.2.0_759/ide/tools/bin/../lib/gcc/arm-none-eabi/7.2.1/../../../../arm-none-eabi/lib/thumb/v7e-m/fpv4-sp/hard\libcr_c.a(_ldexpl.o) (errno)
c:/nxp/mcuxpressoide_10.2.0_759/ide/tools/bin/../lib/gcc/arm-none-eabi/7.2.1/../../../../arm-none-eabi/lib/thumb/v7e-m/fpv4-sp/hard\libcr_c.a(fseek.o)
                              c:/nxp/mcuxpressoide_10.2.0_759/ide/tools/bin/../lib/gcc/arm-none-eabi/7.2.1/../../../../arm-none-eabi/lib/thumb/v7e-m/fpv4-sp/hard\libcr_c.a(_deferredlazyseek.o) (fseek)
c:/nxp/mcuxpressoide_10.2.0_759/ide/tools/bin/../lib/gcc/arm-none-eabi/7.2.1/../../../../arm-none-eabi/lib/thumb/v7e-m/fpv4-sp/hard\libcr_c.a(ftell.o)
                              c:/nxp/mcuxpressoide_10.2.0_759/ide/tools/bin/../lib/gcc/arm-none-eabi/7.2.1/../../../../arm-none-eabi/lib/thumb/v7e-m/fpv4-sp/hard\libcr_c.a(fseek.o) (ftell)
c:/nxp/mcuxpressoide_10.2.0_759/ide/tools/bin/../lib/gcc/arm-none-eabi/7.2.1/../../../../arm-none-eabi/lib/thumb/v7e-m/fpv4-sp/hard\libcr_c.a(memcpy.o)
                              c:/nxp/mcuxpressoide_10.2.0_759/ide/tools/bin/../lib/gcc/arm-none-eabi/7.2.1/../../../../arm-none-eabi/lib/thumb/v7e-m/fpv4-sp/hard\libcr_c.a(alloc.o) (memcpy)
c:/nxp/mcuxpressoide_10.2.0_759/ide/tools/bin/../lib/gcc/arm-none-eabi/7.2.1/../../../../arm-none-eabi/lib/thumb/v7e-m/fpv4-sp/hard\libcr_c.a(__init_alloc.o)
[...]
Memory Configuration

Name             Origin             Length             Attributes
PROGRAM_FLASH    0x00000000         0x00100000         xr
SRAM_UPPER       0x20000000         0x00030000         xrw
SRAM_LOWER       0x1fff0000         0x00010000         xrw
FLEX_RAM         0x14000000         0x00001000         xrw
*default*        0x00000000         0xffffffff

Linker script and memory map

LOAD ./source/App.o
LOAD ./source/SysTick.o
LOAD ./source/button.o
LOAD ./source/card_reader.o
LOAD ./source/display.o
LOAD ./source/encoder.o
LOAD ./source/gpio.o
LOAD ./source/leds.o
LOAD ./source/timer.o
LOAD ./source/user.o
LOAD ./SDK/startup/hardware.o
LOAD ./SDK/startup/main.o
LOAD ./SDK/startup/semihost_hardfault.o
LOAD ./SDK/startup/startup_mk64f12.o
LOAD ./SDK/CMSIS/system_MK64F12.o
START GROUP
LOAD c:/nxp/mcuxpressoide_10.2.0_759/ide/tools/bin/../lib/gcc/arm-none-eabi/7.2.1/../../../../arm-none-eabi/lib/thumb/v7e-m/fpv4-sp/hard\libcr_semihost_nf.a
LOAD c:/nxp/mcuxpressoide_10.2.0_759/ide/tools/bin/../lib/gcc/arm-none-eabi/7.2.1/../../../../arm-none-eabi/lib/thumb/v7e-m/fpv4-sp/hard\libcr_c.a
LOAD c:/nxp/mcuxpressoide_10.2.0_759/ide/tools/bin/../lib/gcc/arm-none-eabi/7.2.1/thumb/v7e-m/fpv4-sp/hard\libcr_eabihelpers.a
END GROUP
                0x00000000                __base_PROGRAM_FLASH = 0x0
                0x00000000                __base_Flash = 0x0
                0x00100000                __top_PROGRAM_FLASH = 0x100000
                0x00100000                __top_Flash = 0x100000
                0x20000000                __base_SRAM_UPPER = 0x20000000
                0x20000000                __base_RAM = 0x20000000
                0x20030000                __top_SRAM_UPPER = 0x20030000
                0x20030000                __top_RAM = 0x20030000
                0x1fff0000                __base_SRAM_LOWER = 0x1fff0000
                0x1fff0000                __base_RAM2 = 0x1fff0000
                0x20000000                __top_SRAM_LOWER = 0x20000000
                0x20000000                __top_RAM2 = 0x20000000
                0x14000000                __base_FLEX_RAM = 0x14000000
                0x14000000                __base_RAM3 = 0x14000000
                0x14001000                __top_FLEX_RAM = 0x14001000
                0x14001000                __top_RAM3 = 0x14001000

.text           0x00000000     0x4ea0
 FILL mask 0xff
                0x00000000                __vectors_start__ = ABSOLUTE (.)
 *(SORT_BY_ALIGNMENT(.isr_vector))
 .isr_vector    0x00000000      0x198 ./SDK/startup/startup_mk64f12.o
                0x00000000                g_pfnVectors
                0x00000000                __Vectors
                0x00000198                . = ALIGN (0x4)
                0x00000198                __section_table_start = .
                0x00000198                __data_section_table = .
                0x00000198        0x4 LONG 0x4ea0 LOADADDR (.data)
                0x0000019c        0x4 LONG 0x20000000 ADDR (.data)
                0x000001a0        0x4 LONG 0xa0 SIZEOF (.data)
                0x000001a4        0x4 LONG 0x4ea0 LOADADDR (.data_RAM2)
                0x000001a8        0x4 LONG 0x1fff0000 ADDR (.data_RAM2)
                0x000001ac        0x4 LONG 0x0 SIZEOF (.data_RAM2)
                0x000001b0        0x4 LONG 0x4ea0 LOADADDR (.data_RAM3)
                0x000001b4        0x4 LONG 0x14000000 ADDR (.data_RAM3)
                0x000001b8        0x4 LONG 0x0 SIZEOF (.data_RAM3)
                0x000001bc                __data_section_table_end = .
                0x000001bc                __bss_section_table = .
                0x000001bc        0x4 LONG 0x200000a0 ADDR (.bss)
                0x000001c0        0x4 LONG 0x4d8 SIZEOF (.bss)
                0x000001c4        0x4 LONG 0x1fff0000 ADDR (.bss_RAM2)
                0x000001c8        0x4 LONG 0x0 SIZEOF (.bss_RAM2)
                0x000001cc        0x4 LONG 0x14000000 ADDR (.bss_RAM3)
                0x000001d0        0x4 LONG 0x0 SIZEOF (.bss_RAM3)
                0x000001d4                __bss_section_table_end = .
                0x000001d4                __section_table_end = .
 *(SORT_BY_ALIGNMENT(.after_vectors*))
 .after_vectors.reset
                0x000001d4       0x4c ./SDK/startup/startup_mk64f12.o
                0x000001d4                ResetISR
 .after_vectors.init_data
                0x00000220       0x1e ./SDK/startup/startup_mk64f12.o
                0x00000220                data_init
 .after_vectors.init_bss
                0x0000023e       0x12 ./SDK/startup/startup_mk64f12.o
                0x0000023e                bss_init
 .after_vectors
                0x00000250       0x14 ./SDK/startup/startup_mk64f12.o
                0x00000250                NMI_Handler
                0x00000254                MemManage_Handler
                0x00000256                BusFault_Handler
                0x00000258                UsageFault_Handler
                0x0000025a                SVC_Handler
                0x0000025c                DebugMon_Handler
                0x0000025e                PendSV_Handler
                0x00000262                DMA_Error_DriverIRQHandler
                0x00000262                LPTMR0_DriverIRQHandler
                0x00000262                FTM1_DriverIRQHandler
                0x00000262                FTM2_DriverIRQHandler
                0x00000262                PIT2_DriverIRQHandler
                0x00000262                SDHC_DriverIRQHandler
                0x00000262                I2S0_Tx_DriverIRQHandler
                0x00000262                RTC_Seconds_DriverIRQHandler
                0x00000262                DMA6_DriverIRQHandler
                0x00000262                LLWU_DriverIRQHandler
                0x00000262                MCM_DriverIRQHandler
                0x00000262                MCG_DriverIRQHandler
                0x00000262                ENET_1588_Timer_DriverIRQHandler
                0x00000262                I2C2_DriverIRQHandler
                0x00000262                DAC1_DriverIRQHandler
                0x00000262                SPI1_DriverIRQHandler
                0x00000262                CMP1_DriverIRQHandler
                0x00000262                UART5_RX_TX_DriverIRQHandler
                0x00000262                FTM0_DriverIRQHandler
                0x00000262                IntDefaultHandler
                0x00000262                USB0_DriverIRQHandler
                0x00000262                UART5_ERR_DriverIRQHandler
                0x00000262                PORTC_DriverIRQHandler
                0x00000262                DMA11_DriverIRQHandler
                0x00000262                DAC0_DriverIRQHandler
                0x00000262                DMA10_DriverIRQHandler
                0x00000262                CMP2_DriverIRQHandler
                0x00000262                UART2_ERR_DriverIRQHandler
                0x00000262                SPI2_DriverIRQHandler
                0x00000262                LVD_LVW_DriverIRQHandler
                0x00000262                PIT0_DriverIRQHandler
                0x00000262                RNG_DriverIRQHandler
                0x00000262                DMA5_DriverIRQHandler
                0x00000262                DMA12_DriverIRQHandler
                0x00000262                UART2_RX_TX_DriverIRQHandler
                0x00000262                USBDCD_DriverIRQHandler
                0x00000262                UART3_ERR_DriverIRQHandler
                0x00000262                DMA3_DriverIRQHandler
                0x00000262                DMA8_DriverIRQHandler
                0x00000262                DMA9_DriverIRQHandler
                0x00000262                UART0_ERR_DriverIRQHandler
                0x00000262                CMT_DriverIRQHandler
                0x00000262                Reserved71_DriverIRQHandler
                0x00000262                ADC1_DriverIRQHandler
                0x00000262                PORTA_DriverIRQHandler
                0x00000262                DMA14_DriverIRQHandler
                0x00000262                PIT3_DriverIRQHandler
                0x00000262                PIT1_DriverIRQHandler
                0x00000262                WDOG_EWM_DriverIRQHandler
                0x00000262                PDB0_DriverIRQHandler
                0x00000262                RTC_DriverIRQHandler
                0x00000262                I2S0_Rx_DriverIRQHandler
                0x00000262                Read_Collision_DriverIRQHandler
                0x00000262                SWI_DriverIRQHandler
                0x00000262                UART4_RX_TX_DriverIRQHandler
                0x00000262                UART4_ERR_DriverIRQHandler
                0x00000262                PORTB_DriverIRQHandler
                0x00000262                UART0_LON_DriverIRQHandler
                0x00000262                DMA0_DriverIRQHandler
                0x00000262                DMA1_DriverIRQHandler
                0x00000262                I2C1_DriverIRQHandler
                0x00000262                UART3_RX_TX_DriverIRQHandler
                0x00000262                ENET_Receive_DriverIRQHandler
                0x00000262                DMA13_DriverIRQHandler
                0x00000262                ENET_Error_DriverIRQHandler
                0x00000262                DMA15_DriverIRQHandler
                0x00000262                UART0_RX_TX_DriverIRQHandler
                0x00000262                SPI0_DriverIRQHandler
                0x00000262                ADC0_DriverIRQHandler
                0x00000262                CMP0_DriverIRQHandler
                0x00000262                CAN0_DriverIRQHandler
                0x00000262                FTM3_DriverIRQHandler
                0x00000262                DMA4_DriverIRQHandler
                0x00000262                UART1_ERR_DriverIRQHandler
                0x00000262                DMA2_DriverIRQHandler
                0x00000262                ENET_Transmit_DriverIRQHandler
                0x00000262                PORTD_DriverIRQHandler
                0x00000262                PORTE_DriverIRQHandler
                0x00000262                FTFE_DriverIRQHandler
                0x00000262                I2C0_DriverIRQHandler
                0x00000262                DMA7_DriverIRQHandler
                0x00000262                UART1_RX_TX_DriverIRQHandler
                0x00000400                . = 0x400
 *fill*         0x00000264      0x19c ff
                0x00000400                PROVIDE (__FLASH_CONFIG_START__, .)
 *(SORT_BY_ALIGNMENT(.FlashConfig))
 .FlashConfig   0x00000400       0x10 ./SDK/startup/startup_mk64f12.o
                0x00000400                Flash_Config
                0x00000410                PROVIDE (__FLASH_CONFIG_END__, .)
                0x00000001                ASSERT (! ((__FLASH_CONFIG_START__ == __FLASH_CONFIG_END__)), Linker Flash Config Support Enabled, but no .FlashConfig section provided within application)
 *(SORT_BY_ALIGNMENT(.text*))
 .text.fp_display
                0x00000410      0x974 c:/nxp/mcuxpressoide_10.2.0_759/ide/tools/bin/../lib/gcc/arm-none-eabi/7.2.1/../../../../arm-none-eabi/lib/thumb/v7e-m/fpv4-sp/hard\libcr_c.a(fpprintf.o)
 *fill*         0x00000d84        0x4 ff
 .text._frexpl  0x00000d88       0x68 c:/nxp/mcuxpressoide_10.2.0_759/ide/tools/bin/../lib/gcc/arm-none-eabi/7.2.1/../../../../arm-none-eabi/lib/thumb/v7e-m/fpv4-sp/hard\libcr_c.a(_frexpl.o)
                0x00000d88                _frexpl
 .text._ldexpl  0x00000df0       0x58 c:/nxp/mcuxpressoide_10.2.0_759/ide/tools/bin/../lib/gcc/arm-none-eabi/7.2.1/../../../../arm-none-eabi/lib/thumb/v7e-m/fpv4-sp/hard\libcr_c.a(_ldexpl.o)
                0x00000df0                _ldexpl
 .text.App_Run  0x00000e48       0xf8 ./source/App.o
                0x00000e48                App_Run
 .text.modificar_id
                0x00000f40      0x1fc ./source/App.o
 .text.modificar_pass
                0x0000113c      0x24c ./source/App.o
 .text.modificar_brillo
                0x00001388       0x40 ./source/App.o
 .text.verificar_estado
                0x000013c8       0x7c ./source/App.o
 .text.reset_all
                0x00001444       0x84 ./source/App.o
 .text.SysTick_Init
                0x000014c8       0x40 ./source/SysTick.o
                0x000014c8                SysTick_Init
 .text.SysTick_Handler
                0x00001508       0x24 ./source/SysTick.o
                0x00001508                SysTick_Handler
 .text.initButton
                0x0000152c       0x4c ./source/button.o
                0x0000152c                initButton
 .text.buttonGetStatus
                0x00001578       0x28 ./source/button.o
                0x00001578                buttonGetStatus
 .text.buttonGetEvent
                0x000015a0       0x18 ./source/button.o
                0x000015a0                buttonGetEvent
 .text.buttonSetStatus
                0x000015b8       0x24 ./source/button.o
                0x000015b8                buttonSetStatus
 .text.event_coming
                0x000015dc       0xb0 ./source/button.o
 .text.callback_button
                0x0000168c       0x1c ./source/button.o
 .text.callback_click
                0x000016a8       0x6c ./source/button.o
 .text.get_current_values
                0x00001714       0x1c ./source/button.o
 .text.CardReaderIsReady
                0x00001730       0x28 ./source/card_reader.o
                0x00001730                CardReaderIsReady
 .text.readCard
                0x00001758       0xb4 ./source/card_reader.o
                0x00001758                readCard
 .text.initCardReader
                0x0000180c       0xa0 ./source/card_reader.o
                0x0000180c                initCardReader
 .text.irq_clk_falling_edge
                0x000018ac       0x18 ./source/card_reader.o
 .text.pin2data
                0x000018c4      0x108 ./source/card_reader.o
 .text.validateParity
                0x000019cc       0x80 ./source/card_reader.o
                0x000019cc                validateParity
 .text.validateChar
                0x00001a4c       0x68 ./source/card_reader.o
                0x00001a4c                validateChar
 .text.add2track
                0x00001ab4      0x144 ./source/card_reader.o
                0x00001ab4                add2track
 .text.add2ID   0x00001bf8       0x3c ./source/card_reader.o
                0x00001bf8                add2ID
 .text.validate_LRC
                0x00001c34       0x80 ./source/card_reader.o
                0x00001c34                validate_LRC
 .text.initDisplay
                0x00001cb4       0xcc ./source/display.o
                0x00001cb4                initDisplay
 .text.setBlinkMode
                0x00001d80       0x4c ./source/display.o
                0x00001d80                setBlinkMode
 .text.loadBuffer
                0x00001dcc       0x38 ./source/display.o
                0x00001dcc                loadBuffer
 .text.showLastDigits
                0x00001e04       0x28 ./source/display.o
                0x00001e04                showLastDigits
 .text.setBlinkingDigits
                0x00001e2c       0x38 ./source/display.o
                0x00001e2c                setBlinkingDigits
 .text.refresh_display
                0x00001e64       0x68 ./source/display.o
 .text.clear_display
                0x00001ecc       0x18 ./source/display.o
 .text.set_digit
                0x00001ee4       0x8c ./source/display.o
 .text.set_buffer
                0x00001f70       0x4c ./source/display.o
 .text.auto_set_buffer_index
                0x00001fbc       0x34 ./source/display.o
 .text.scroll_message
                0x00001ff0       0xc8 ./source/display.o
 .text.display_blink
                0x000020b8       0x5c ./source/display.o
 .text.scroll_buffer
                0x00002114       0x20 ./source/display.o
 .text.blink_digits
                0x00002134       0x30 ./source/display.o
 .text.clear_buffer
                0x00002164       0x40 ./source/display.o
 .text.initEncoder
                0x000021a4       0x54 ./source/encoder.o
                0x000021a4                initEncoder
 .text.encoderGetStatus
                0x000021f8       0x28 ./source/encoder.o
                0x000021f8                encoderGetStatus
 .text.encoderGetEvent
                0x00002220       0x18 ./source/encoder.o
                0x00002220                encoderGetEvent
 .text.encoderSetStatus
                0x00002238       0x24 ./source/encoder.o
                0x00002238                encoderSetStatus
 .text.event_coming
                0x0000225c      0x1f8 ./source/encoder.o
 .text.callback_encoder
                0x00002454       0x30 ./source/encoder.o
 .text.get_current_values
                0x00002484       0x2c ./source/encoder.o
 .text.__NVIC_EnableIRQ
                0x000024b0       0x3c ./source/gpio.o
 .text.__NVIC_DisableIRQ
                0x000024ec       0x44 ./source/gpio.o
 .text.gpioMode
                0x00002530      0x13c ./source/gpio.o
                0x00002530                gpioMode
 .text.gpioWrite
                0x0000266c       0x5c ./source/gpio.o
                0x0000266c                gpioWrite
 .text.gpioRead
                0x000026c8       0x58 ./source/gpio.o
                0x000026c8                gpioRead
 .text.gpioIRQ  0x00002720       0xbc ./source/gpio.o
                0x00002720                gpioIRQ
 .text.IRQHandler
                0x000027dc       0x74 ./source/gpio.o
 .text.initLeds
                0x00002850       0x5c ./source/leds.o
                0x00002850                initLeds
 .text.clear_led
                0x000028ac       0x24 ./source/leds.o
                0x000028ac                clear_led
 .text.callback_leds
                0x000028d0       0x84 ./source/leds.o
 .text.timerInit
                0x00002954       0x28 ./source/timer.o
                0x00002954                timerInit
 .text.timerGetId
                0x0000297c       0x2c ./source/timer.o
                0x0000297c                timerGetId
 .text.timerStart
                0x000029a8       0xa4 ./source/timer.o
                0x000029a8                timerStart
 .text.timerRestart
                0x00002a4c       0x6c ./source/timer.o
                0x00002a4c                timerRestart
 .text.timerFinish
                0x00002ab8       0x5c ./source/timer.o
                0x00002ab8                timerFinish
 .text.timerReset
                0x00002b14       0x58 ./source/timer.o
                0x00002b14                timerReset
 .text.timerActivate
                0x00002b6c       0x58 ./source/timer.o
                0x00002b6c                timerActivate
 .text.timer_isr
                0x00002bc4       0xd4 ./source/timer.o
 .text.checkUser
                0x00002c98       0xb8 ./source/user.o
                0x00002c98                checkUser
 .text.hw_Init  0x00002d50      0x10c ./SDK/startup/hardware.o
                0x00002d50                hw_Init
 .text.hw_EnableInterrupts
                0x00002e5c       0x30 ./SDK/startup/hardware.o
                0x00002e5c                hw_EnableInterrupts
 .text.hw_DisableInterrupts
                0x00002e8c       0x20 ./SDK/startup/hardware.o
                0x00002e8c                hw_DisableInterrupts
 .text.SystemInit
                0x00002eac       0x3c ./SDK/CMSIS/system_MK64F12.o
                0x00002eac                SystemInit
 .text.sprintf  0x00002ee8       0x6c c:/nxp/mcuxpressoide_10.2.0_759/ide/tools/bin/../lib/gcc/arm-none-eabi/7.2.1/../../../../arm-none-eabi/lib/thumb/v7e-m/fpv4-sp/hard\libcr_c.a(fpprintf.o)
                0x00002ee8                sprintf
 .text.vsnprintf
                0x00002f54       0x5c c:/nxp/mcuxpressoide_10.2.0_759/ide/tools/bin/../lib/gcc/arm-none-eabi/7.2.1/../../../../arm-none-eabi/lib/thumb/v7e-m/fpv4-sp/hard\libcr_c.a(fpprintf.o)
                0x00002f54                vsnprintf
 .text.printf   0x00002fb0       0x54 c:/nxp/mcuxpressoide_10.2.0_759/ide/tools/bin/../lib/gcc/arm-none-eabi/7.2.1/../../../../arm-none-eabi/lib/thumb/v7e-m/fpv4-sp/hard\libcr_c.a(fpprintf.o)
                0x00002fb0                printf
 .text.__vfprintf
                0x00003004      0xb98 c:/nxp/mcuxpressoide_10.2.0_759/ide/tools/bin/../lib/gcc/arm-none-eabi/7.2.1/../../../../arm-none-eabi/lib/thumb/v7e-m/fpv4-sp/hard\libcr_c.a(printf.o)
                0x00003004                __vfprintf
 .text._Cwritebuf
                0x00003b9c       0x6c c:/nxp/mcuxpressoide_10.2.0_759/ide/tools/bin/../lib/gcc/arm-none-eabi/7.2.1/../../../../arm-none-eabi/lib/thumb/v7e-m/fpv4-sp/hard\libcr_c.a(_writebuf.o)
                0x00003b9c                _Cwritebuf
 .text.malloc   0x00003c08       0xc8 c:/nxp/mcuxpressoide_10.2.0_759/ide/tools/bin/../lib/gcc/arm-none-eabi/7.2.1/../../../../arm-none-eabi/lib/thumb/v7e-m/fpv4-sp/hard\libcr_c.a(alloc.o)
                0x00003c08                malloc
 .text._Csys_alloc
                0x00003cd0       0x20 c:/nxp/mcuxpressoide_10.2.0_759/ide/tools/bin/../lib/gcc/arm-none-eabi/7.2.1/../../../../arm-none-eabi/lib/thumb/v7e-m/fpv4-sp/hard\libcr_c.a(alloc.o)
                0x00003cd0                _Csys_alloc
 .text.fseek    0x00003cf0      0x100 c:/nxp/mcuxpressoide_10.2.0_759/ide/tools/bin/../lib/gcc/arm-none-eabi/7.2.1/../../../../arm-none-eabi/lib/thumb/v7e-m/fpv4-sp/hard\libcr_c.a(fseek.o)
                0x00003cf0                fseek
 .text.ftell    0x00003df0       0x44 c:/nxp/mcuxpressoide_10.2.0_759/ide/tools/bin/../lib/gcc/arm-none-eabi/7.2.1/../../../../arm-none-eabi/lib/thumb/v7e-m/fpv4-sp/hard\libcr_c.a(ftell.o)
                0x00003df0                ftell
 .text._sbrk    0x00003e34       0x3c c:/nxp/mcuxpressoide_10.2.0_759/ide/tools/bin/../lib/gcc/arm-none-eabi/7.2.1/../../../../arm-none-eabi/lib/thumb/v7e-m/fpv4-sp/hard\libcr_c.a(_cr_sbrk.o)
                0x00003e34                _sbrk
 .text.__check_heap_overflow
                0x00003e70       0x18 c:/nxp/mcuxpressoide_10.2.0_759/ide/tools/bin/../lib/gcc/arm-none-eabi/7.2.1/../../../../arm-none-eabi/lib/thumb/v7e-m/fpv4-sp/hard\libcr_c.a(_cr_check_heap.o)
                0x00003e70                __check_heap_overflow
 .text.__aeabi_dmul
                0x00003e88      0x11c c:/nxp/mcuxpressoide_10.2.0_759/ide/tools/bin/../lib/gcc/arm-none-eabi/7.2.1/thumb/v7e-m/fpv4-sp/hard\libcr_eabihelpers.a(double.o)
                0x00003e88                __aeabi_dmul
 .text.__aeabi_ddiv
                0x00003fa4      0x138 c:/nxp/mcuxpressoide_10.2.0_759/ide/tools/bin/../lib/gcc/arm-none-eabi/7.2.1/thumb/v7e-m/fpv4-sp/hard\libcr_eabihelpers.a(double.o)
                0x00003fa4                __aeabi_ddiv
 .text.__aeabi_dsub
                0x000040dc      0x1b4 c:/nxp/mcuxpressoide_10.2.0_759/ide/tools/bin/../lib/gcc/arm-none-eabi/7.2.1/thumb/v7e-m/fpv4-sp/hard\libcr_eabihelpers.a(double.o)
                0x000040dc                __aeabi_dsub
 .text.__aeabi_dadd
                0x00004290      0x10c c:/nxp/mcuxpressoide_10.2.0_759/ide/tools/bin/../lib/gcc/arm-none-eabi/7.2.1/thumb/v7e-m/fpv4-sp/hard\libcr_eabihelpers.a(double.o)
                0x00004290                __aeabi_dadd
 .text.__sys_appexit
                0x0000439c        0xc c:/nxp/mcuxpressoide_10.2.0_759/ide/tools/bin/../lib/gcc/arm-none-eabi/7.2.1/../../../../arm-none-eabi/lib/thumb/v7e-m/fpv4-sp/hard\libcr_semihost_nf.a(__sys_appexit.o)
                0x0000439c                __sys_appexit
                0x0000439c                __exit
 .text.App_Init
                0x000043a8       0x1c ./source/App.o
                0x000043a8                App_Init
 .text.showMessage
                0x000043c4       0x54 ./source/App.o
 .text.irq_enable
                0x00004418        0xc ./source/card_reader.o
 .text.set_display
                0x00004424       0x34 ./source/display.o
 .text.set_segment
                0x00004458       0x2e ./source/display.o
 .text.autoSetBufferIndex
                0x00004486        0xe ./source/display.o
 .text.PORTA_IRQHandler
                0x00004494       0x1e ./source/gpio.o
                0x00004494                PORTA_IRQHandler
 .text.PORTB_IRQHandler
                0x000044b2       0x1e ./source/gpio.o
                0x000044b2                PORTB_IRQHandler
 .text.PORTC_IRQHandler
                0x000044d0       0x1e ./source/gpio.o
                0x000044d0                PORTC_IRQHandler
 .text.PORTD_IRQHandler
                0x000044ee       0x1e ./source/gpio.o
                0x000044ee                PORTD_IRQHandler
 .text.PORTE_IRQHandler
                0x0000450c       0x1e ./source/gpio.o
                0x0000450c                PORTE_IRQHandler
 .text.timerCreate
                0x0000452a       0x2e ./source/timer.o
                0x0000452a                timerCreate
 .text.main     0x00004558       0x1a ./SDK/startup/main.o
                0x00004558                main
 .text.HardFault_Handler
                0x00004572       0x2c ./SDK/startup/semihost_hardfault.o
                0x00004572                HardFault_Handler
 .text.DMA0_IRQHandler
                0x0000459e        0x8 ./SDK/startup/startup_mk64f12.o
                0x0000459e                DMA0_IRQHandler
 .text.DMA1_IRQHandler
                0x000045a6        0x8 ./SDK/startup/startup_mk64f12.o
                0x000045a6                DMA1_IRQHandler
 .text.DMA2_IRQHandler
                0x000045ae        0x8 ./SDK/startup/startup_mk64f12.o
                0x000045ae                DMA2_IRQHandler
 .text.DMA3_IRQHandler
                0x000045b6        0x8 ./SDK/startup/startup_mk64f12.o
                0x000045b6                DMA3_IRQHandler
 .text.DMA4_IRQHandler
                0x000045be        0x8 ./SDK/startup/startup_mk64f12.o
                0x000045be                DMA4_IRQHandler
 .text.DMA5_IRQHandler
                0x000045c6        0x8 ./SDK/startup/startup_mk64f12.o
                0x000045c6                DMA5_IRQHandler
 .text.DMA6_IRQHandler
                0x000045ce        0x8 ./SDK/startup/startup_mk64f12.o
                0x000045ce                DMA6_IRQHandler
 .text.DMA7_IRQHandler
                0x000045d6        0x8 ./SDK/startup/startup_mk64f12.o
                0x000045d6                DMA7_IRQHandler
 .text.DMA8_IRQHandler
                0x000045de        0x8 ./SDK/startup/startup_mk64f12.o
                0x000045de                DMA8_IRQHandler
 .text.DMA9_IRQHandler
                0x000045e6        0x8 ./SDK/startup/startup_mk64f12.o
                0x000045e6                DMA9_IRQHandler
 .text.DMA10_IRQHandler
                0x000045ee        0x8 ./SDK/startup/startup_mk64f12.o
                0x000045ee                DMA10_IRQHandler
 .text.DMA11_IRQHandler
                0x000045f6        0x8 ./SDK/startup/startup_mk64f12.o
                0x000045f6                DMA11_IRQHandler
 .text.DMA12_IRQHandler
                0x000045fe        0x8 ./SDK/startup/startup_mk64f12.o
                0x000045fe                DMA12_IRQHandler
 .text.DMA13_IRQHandler
                0x00004606        0x8 ./SDK/startup/startup_mk64f12.o
                0x00004606                DMA13_IRQHandler
 .text.DMA14_IRQHandler
                0x0000460e        0x8 ./SDK/startup/startup_mk64f12.o
                0x0000460e                DMA14_IRQHandler
 .text.DMA15_IRQHandler
                0x00004616        0x8 ./SDK/startup/startup_mk64f12.o
                0x00004616                DMA15_IRQHandler
 .text.DMA_Error_IRQHandler
                0x0000461e        0x8 ./SDK/startup/startup_mk64f12.o
                0x0000461e                DMA_Error_IRQHandler
 .text.MCM_IRQHandler
                0x00004626        0x8 ./SDK/startup/startup_mk64f12.o
                0x00004626                MCM_IRQHandler
 .text.FTFE_IRQHandler
                0x0000462e        0x8 ./SDK/startup/startup_mk64f12.o
                0x0000462e                FTFE_IRQHandler
 .text.Read_Collision_IRQHandler
                0x00004636        0x8 ./SDK/startup/startup_mk64f12.o
                0x00004636                Read_Collision_IRQHandler
 .text.LVD_LVW_IRQHandler
                0x0000463e        0x8 ./SDK/startup/startup_mk64f12.o
                0x0000463e                LVD_LVW_IRQHandler
 .text.LLWU_IRQHandler
                0x00004646        0x8 ./SDK/startup/startup_mk64f12.o
                0x00004646                LLWU_IRQHandler
 .text.WDOG_EWM_IRQHandler
                0x0000464e        0x8 ./SDK/startup/startup_mk64f12.o
                0x0000464e                WDOG_EWM_IRQHandler
 .text.RNG_IRQHandler
                0x00004656        0x8 ./SDK/startup/startup_mk64f12.o
                0x00004656                RNG_IRQHandler
 .text.I2C0_IRQHandler
                0x0000465e        0x8 ./SDK/startup/startup_mk64f12.o
                0x0000465e                I2C0_IRQHandler
 .text.I2C1_IRQHandler
                0x00004666        0x8 ./SDK/startup/startup_mk64f12.o
                0x00004666                I2C1_IRQHandler
 .text.SPI0_IRQHandler
                0x0000466e        0x8 ./SDK/startup/startup_mk64f12.o
                0x0000466e                SPI0_IRQHandler
 .text.SPI1_IRQHandler
                0x00004676        0x8 ./SDK/startup/startup_mk64f12.o
                0x00004676                SPI1_IRQHandler
 .text.I2S0_Tx_IRQHandler
                0x0000467e        0x8 ./SDK/startup/startup_mk64f12.o
                0x0000467e                I2S0_Tx_IRQHandler
 .text.I2S0_Rx_IRQHandler
                0x00004686        0x8 ./SDK/startup/startup_mk64f12.o
                0x00004686                I2S0_Rx_IRQHandler
 .text.UART0_LON_IRQHandler
                0x0000468e        0x8 ./SDK/startup/startup_mk64f12.o
                0x0000468e                UART0_LON_IRQHandler
 .text.UART0_RX_TX_IRQHandler
                0x00004696        0x8 ./SDK/startup/startup_mk64f12.o
                0x00004696                UART0_RX_TX_IRQHandler
 .text.UART0_ERR_IRQHandler
                0x0000469e        0x8 ./SDK/startup/startup_mk64f12.o
                0x0000469e                UART0_ERR_IRQHandler
 .text.UART1_RX_TX_IRQHandler
                0x000046a6        0x8 ./SDK/startup/startup_mk64f12.o
                0x000046a6                UART1_RX_TX_IRQHandler
 .text.UART1_ERR_IRQHandler
                0x000046ae        0x8 ./SDK/startup/startup_mk64f12.o
                0x000046ae                UART1_ERR_IRQHandler
 .text.UART2_RX_TX_IRQHandler
                0x000046b6        0x8 ./SDK/startup/startup_mk64f12.o
                0x000046b6                UART2_RX_TX_IRQHandler
 .text.UART2_ERR_IRQHandler
                0x000046be        0x8 ./SDK/startup/startup_mk64f12.o
                0x000046be                UART2_ERR_IRQHandler
 .text.UART3_RX_TX_IRQHandler
                0x000046c6        0x8 ./SDK/startup/startup_mk64f12.o
                0x000046c6                UART3_RX_TX_IRQHandler
 .text.UART3_ERR_IRQHandler
                0x000046ce        0x8 ./SDK/startup/startup_mk64f12.o
                0x000046ce                UART3_ERR_IRQHandler
 .text.ADC0_IRQHandler
                0x000046d6        0x8 ./SDK/startup/startup_mk64f12.o
                0x000046d6                ADC0_IRQHandler
 .text.CMP0_IRQHandler
                0x000046de        0x8 ./SDK/startup/startup_mk64f12.o
                0x000046de                CMP0_IRQHandler
 .text.CMP1_IRQHandler
                0x000046e6        0x8 ./SDK/startup/startup_mk64f12.o
                0x000046e6                CMP1_IRQHandler
 .text.FTM0_IRQHandler
                0x000046ee        0x8 ./SDK/startup/startup_mk64f12.o
                0x000046ee                FTM0_IRQHandler
 .text.FTM1_IRQHandler
                0x000046f6        0x8 ./SDK/startup/startup_mk64f12.o
                0x000046f6                FTM1_IRQHandler
 .text.FTM2_IRQHandler
                0x000046fe        0x8 ./SDK/startup/startup_mk64f12.o
                0x000046fe                FTM2_IRQHandler
 .text.CMT_IRQHandler
                0x00004706        0x8 ./SDK/startup/startup_mk64f12.o
                0x00004706                CMT_IRQHandler
 .text.RTC_IRQHandler
                0x0000470e        0x8 ./SDK/startup/startup_mk64f12.o
                0x0000470e                RTC_IRQHandler
 .text.RTC_Seconds_IRQHandler
                0x00004716        0x8 ./SDK/startup/startup_mk64f12.o
                0x00004716                RTC_Seconds_IRQHandler
 .text.PIT0_IRQHandler
                0x0000471e        0x8 ./SDK/startup/startup_mk64f12.o
                0x0000471e                PIT0_IRQHandler
 .text.PIT1_IRQHandler
                0x00004726        0x8 ./SDK/startup/startup_mk64f12.o
                0x00004726                PIT1_IRQHandler
 .text.PIT2_IRQHandler
                0x0000472e        0x8 ./SDK/startup/startup_mk64f12.o
                0x0000472e                PIT2_IRQHandler
 .text.PIT3_IRQHandler
                0x00004736        0x8 ./SDK/startup/startup_mk64f12.o
                0x00004736                PIT3_IRQHandler
 .text.PDB0_IRQHandler
                0x0000473e        0x8 ./SDK/startup/startup_mk64f12.o
                0x0000473e                PDB0_IRQHandler
 .text.USB0_IRQHandler
                0x00004746        0x8 ./SDK/startup/startup_mk64f12.o
                0x00004746                USB0_IRQHandler
 .text.USBDCD_IRQHandler
                0x0000474e        0x8 ./SDK/startup/startup_mk64f12.o
                0x0000474e                USBDCD_IRQHandler
 .text.Reserved71_IRQHandler
                0x00004756        0x8 ./SDK/startup/startup_mk64f12.o
                0x00004756                Reserved71_IRQHandler
 .text.DAC0_IRQHandler
                0x0000475e        0x8 ./SDK/startup/startup_mk64f12.o
                0x0000475e                DAC0_IRQHandler
 .text.MCG_IRQHandler
                0x00004766        0x8 ./SDK/startup/startup_mk64f12.o
                0x00004766                MCG_IRQHandler
 .text.LPTMR0_IRQHandler
                0x0000476e        0x8 ./SDK/startup/startup_mk64f12.o
                0x0000476e                LPTMR0_IRQHandler
 .text.SWI_IRQHandler
                0x00004776        0x8 ./SDK/startup/startup_mk64f12.o
                0x00004776                SWI_IRQHandler
 .text.SPI2_IRQHandler
                0x0000477e        0x8 ./SDK/startup/startup_mk64f12.o
                0x0000477e                SPI2_IRQHandler
 .text.UART4_RX_TX_IRQHandler
                0x00004786        0x8 ./SDK/startup/startup_mk64f12.o
                0x00004786                UART4_RX_TX_IRQHandler
 .text.UART4_ERR_IRQHandler
                0x0000478e        0x8 ./SDK/startup/startup_mk64f12.o
                0x0000478e                UART4_ERR_IRQHandler
 .text.UART5_RX_TX_IRQHandler
                0x00004796        0x8 ./SDK/startup/startup_mk64f12.o
                0x00004796                UART5_RX_TX_IRQHandler
 .text.UART5_ERR_IRQHandler
                0x0000479e        0x8 ./SDK/startup/startup_mk64f12.o
                0x0000479e                UART5_ERR_IRQHandler
 .text.CMP2_IRQHandler
                0x000047a6        0x8 ./SDK/startup/startup_mk64f12.o
                0x000047a6                CMP2_IRQHandler
 .text.FTM3_IRQHandler
                0x000047ae        0x8 ./SDK/startup/startup_mk64f12.o
                0x000047ae                FTM3_IRQHandler
 .text.DAC1_IRQHandler
                0x000047b6        0x8 ./SDK/startup/startup_mk64f12.o
                0x000047b6                DAC1_IRQHandler
 .text.ADC1_IRQHandler
                0x000047be        0x8 ./SDK/startup/startup_mk64f12.o
                0x000047be                ADC1_IRQHandler
 .text.I2C2_IRQHandler
                0x000047c6        0x8 ./SDK/startup/startup_mk64f12.o
                0x000047c6                I2C2_IRQHandler
 .text.CAN0_ORed_Message_buffer_IRQHandler
                0x000047ce        0x8 ./SDK/startup/startup_mk64f12.o
                0x000047ce                CAN0_ORed_Message_buffer_IRQHandler
 .text.CAN0_Bus_Off_IRQHandler
                0x000047d6        0x8 ./SDK/startup/startup_mk64f12.o
                0x000047d6                CAN0_Bus_Off_IRQHandler
 .text.CAN0_Error_IRQHandler
                0x000047de        0x8 ./SDK/startup/startup_mk64f12.o
                0x000047de                CAN0_Error_IRQHandler
 .text.CAN0_Tx_Warning_IRQHandler
                0x000047e6        0x8 ./SDK/startup/startup_mk64f12.o
                0x000047e6                CAN0_Tx_Warning_IRQHandler
 .text.CAN0_Rx_Warning_IRQHandler
                0x000047ee        0x8 ./SDK/startup/startup_mk64f12.o
                0x000047ee                CAN0_Rx_Warning_IRQHandler
 .text.CAN0_Wake_Up_IRQHandler
                0x000047f6        0x8 ./SDK/startup/startup_mk64f12.o
                0x000047f6                CAN0_Wake_Up_IRQHandler
 .text.SDHC_IRQHandler
                0x000047fe        0x8 ./SDK/startup/startup_mk64f12.o
                0x000047fe                SDHC_IRQHandler
 .text.ENET_1588_Timer_IRQHandler
                0x00004806        0x8 ./SDK/startup/startup_mk64f12.o
                0x00004806                ENET_1588_Timer_IRQHandler
 .text.ENET_Transmit_IRQHandler
                0x0000480e        0x8 ./SDK/startup/startup_mk64f12.o
                0x0000480e                ENET_Transmit_IRQHandler
 .text.ENET_Receive_IRQHandler
                0x00004816        0x8 ./SDK/startup/startup_mk64f12.o
                0x00004816                ENET_Receive_IRQHandler
 .text.ENET_Error_IRQHandler
                0x0000481e        0x8 ./SDK/startup/startup_mk64f12.o
                0x0000481e                ENET_Error_IRQHandler
 .text.SystemInitHook
                0x00004826        0xe ./SDK/CMSIS/system_MK64F12.o
                0x00004826                SystemInitHook
 .text.fp_round
                0x00004834       0x4e c:/nxp/mcuxpressoide_10.2.0_759/ide/tools/bin/../lib/gcc/arm-none-eabi/7.2.1/../../../../arm-none-eabi/lib/thumb/v7e-m/fpv4-sp/hard\libcr_c.a(fpprintf.o)
 .text.pr_dec.constprop.1
                0x00004882       0x26 c:/nxp/mcuxpressoide_10.2.0_759/ide/tools/bin/../lib/gcc/arm-none-eabi/7.2.1/../../../../arm-none-eabi/lib/thumb/v7e-m/fpv4-sp/hard\libcr_c.a(fpprintf.o)
 .text.strlen   0x000048a8       0x4a c:/nxp/mcuxpressoide_10.2.0_759/ide/tools/bin/../lib/gcc/arm-none-eabi/7.2.1/../../../../arm-none-eabi/lib/thumb/v7e-m/fpv4-sp/hard\libcr_c.a(strlen.o)
                0x000048a8                strlen
 .text.memset   0x000048f2        0x4 c:/nxp/mcuxpressoide_10.2.0_759/ide/tools/bin/../lib/gcc/arm-none-eabi/7.2.1/../../../../arm-none-eabi/lib/thumb/v7e-m/fpv4-sp/hard\libcr_c.a(memset.o)
                0x000048f2                memset
 .text._deferredlazyseek
                0x000048f6       0x40 c:/nxp/mcuxpressoide_10.2.0_759/ide/tools/bin/../lib/gcc/arm-none-eabi/7.2.1/../../../../arm-none-eabi/lib/thumb/v7e-m/fpv4-sp/hard\libcr_c.a(_deferredlazyseek.o)
                0x000048f6                _deferredlazyseek
 .text.__flsbuf
                0x00004936      0x140 c:/nxp/mcuxpressoide_10.2.0_759/ide/tools/bin/../lib/gcc/arm-none-eabi/7.2.1/../../../../arm-none-eabi/lib/thumb/v7e-m/fpv4-sp/hard\libcr_c.a(_deferredlazyseek.o)
                0x00004936                __flsbuf
 .text._fflush  0x00004a76       0x52 c:/nxp/mcuxpressoide_10.2.0_759/ide/tools/bin/../lib/gcc/arm-none-eabi/7.2.1/../../../../arm-none-eabi/lib/thumb/v7e-m/fpv4-sp/hard\libcr_c.a(_fflush.o)
                0x00004a76                _fflush
 .text.free     0x00004ac8       0x30 c:/nxp/mcuxpressoide_10.2.0_759/ide/tools/bin/../lib/gcc/arm-none-eabi/7.2.1/../../../../arm-none-eabi/lib/thumb/v7e-m/fpv4-sp/hard\libcr_c.a(alloc.o)
                0x00004ac8                free
 .text.__aeabi_d2iz
                0x00004af8       0x40 c:/nxp/mcuxpressoide_10.2.0_759/ide/tools/bin/../lib/gcc/arm-none-eabi/7.2.1/thumb/v7e-m/fpv4-sp/hard\libcr_eabihelpers.a(double.o)
                0x00004af8                __aeabi_d2iz
 .text.__bhs_ui2d
                0x00004b38       0x46 c:/nxp/mcuxpressoide_10.2.0_759/ide/tools/bin/../lib/gcc/arm-none-eabi/7.2.1/thumb/v7e-m/fpv4-sp/hard\libcr_eabihelpers.a(double.o)
                0x00004b38                __bhs_ui2d
 .text.__aeabi_i2d
                0x00004b7e       0x12 c:/nxp/mcuxpressoide_10.2.0_759/ide/tools/bin/../lib/gcc/arm-none-eabi/7.2.1/thumb/v7e-m/fpv4-sp/hard\libcr_eabihelpers.a(double.o)
                0x00004b7e                __aeabi_i2d
 .text.__aeabi_dcmpeq
                0x00004b90       0x30 c:/nxp/mcuxpressoide_10.2.0_759/ide/tools/bin/../lib/gcc/arm-none-eabi/7.2.1/thumb/v7e-m/fpv4-sp/hard\libcr_eabihelpers.a(double.o)
                0x00004b90                __aeabi_dcmpeq
 .text.__aeabi_dcmplt
                0x00004bc0       0x58 c:/nxp/mcuxpressoide_10.2.0_759/ide/tools/bin/../lib/gcc/arm-none-eabi/7.2.1/thumb/v7e-m/fpv4-sp/hard\libcr_eabihelpers.a(double.o)
                0x00004bc0                __aeabi_dcmplt
 .text.__aeabi_dcmple
                0x00004c18       0x5a c:/nxp/mcuxpressoide_10.2.0_759/ide/tools/bin/../lib/gcc/arm-none-eabi/7.2.1/thumb/v7e-m/fpv4-sp/hard\libcr_eabihelpers.a(double.o)
                0x00004c18                __aeabi_dcmple
 .text.__aeabi_dcmpge
                0x00004c72       0x58 c:/nxp/mcuxpressoide_10.2.0_759/ide/tools/bin/../lib/gcc/arm-none-eabi/7.2.1/thumb/v7e-m/fpv4-sp/hard\libcr_eabihelpers.a(double.o)
                0x00004c72                __aeabi_dcmpge
 .text.__aeabi_memset_lowlevel
                0x00004cca       0x32 c:/nxp/mcuxpressoide_10.2.0_759/ide/tools/bin/../lib/gcc/arm-none-eabi/7.2.1/thumb/v7e-m/fpv4-sp/hard\libcr_eabihelpers.a(memcpy.o)
                0x00004cca                __aeabi_lowlevel_memset
 .text.__sys_flen
                0x00004cfc        0xc c:/nxp/mcuxpressoide_10.2.0_759/ide/tools/bin/../lib/gcc/arm-none-eabi/7.2.1/../../../../arm-none-eabi/lib/thumb/v7e-m/fpv4-sp/hard\libcr_semihost_nf.a(__sys_flen.o)
                0x00004cfc                __sys_flen
 .text.__sys_istty
                0x00004d08        0xc c:/nxp/mcuxpressoide_10.2.0_759/ide/tools/bin/../lib/gcc/arm-none-eabi/7.2.1/../../../../arm-none-eabi/lib/thumb/v7e-m/fpv4-sp/hard\libcr_semihost_nf.a(__sys_istty.o)
                0x00004d08                __sys_istty
 .text.__sys_seek
                0x00004d14        0xc c:/nxp/mcuxpressoide_10.2.0_759/ide/tools/bin/../lib/gcc/arm-none-eabi/7.2.1/../../../../arm-none-eabi/lib/thumb/v7e-m/fpv4-sp/hard\libcr_semihost_nf.a(__sys_seek.o)
                0x00004d14                __sys_seek
 .text.__sys_write
                0x00004d20        0xc c:/nxp/mcuxpressoide_10.2.0_759/ide/tools/bin/../lib/gcc/arm-none-eabi/7.2.1/../../../../arm-none-eabi/lib/thumb/v7e-m/fpv4-sp/hard\libcr_semihost_nf.a(__sys_write.o)
                0x00004d20                __sys_write
 *(SORT_BY_ALIGNMENT(.rodata) SORT_BY_ALIGNMENT(.rodata.*) SORT_BY_ALIGNMENT(.constdata) SORT_BY_ALIGNMENT(.constdata.*))
 *fill*         0x00004d2c        0x4 ff
 .rodata.__huge_vall
                0x00004d30        0x8 c:/nxp/mcuxpressoide_10.2.0_759/ide/tools/bin/../lib/gcc/arm-none-eabi/7.2.1/../../../../arm-none-eabi/lib/thumb/v7e-m/fpv4-sp/hard\libcr_c.a(_hugeval.o)
                0x00004d30                __huge_vall
 .rodata        0x00004d38       0x9c ./source/App.o
 .rodata        0x00004dd4        0xa ./source/display.o
 *fill*         0x00004dde        0x2 ff
 .rodata.PORT_PTRS
                0x00004de0       0x14 ./source/gpio.o
 .rodata.GPIO_PTRS
                0x00004df4       0x14 ./source/gpio.o
 .rodata.IRQC_MODES
                0x00004e08       0x18 ./source/gpio.o
 .rodata.fp_display.str1.1
                0x00004e20       0x34 c:/nxp/mcuxpressoide_10.2.0_759/ide/tools/bin/../lib/gcc/arm-none-eabi/7.2.1/../../../../arm-none-eabi/lib/thumb/v7e-m/fpv4-sp/hard\libcr_c.a(fpprintf.o)
                                 0x35 (size before relaxing)
 .rodata.__vfprintf.str1.1
                0x00004e54       0x31 c:/nxp/mcuxpressoide_10.2.0_759/ide/tools/bin/../lib/gcc/arm-none-eabi/7.2.1/../../../../arm-none-eabi/lib/thumb/v7e-m/fpv4-sp/hard\libcr_c.a(printf.o)
                                 0x38 (size before relaxing)
 .rodata._Csys_alloc.str1.1
                0x00004e85       0x18 c:/nxp/mcuxpressoide_10.2.0_759/ide/tools/bin/../lib/gcc/arm-none-eabi/7.2.1/../../../../arm-none-eabi/lib/thumb/v7e-m/fpv4-sp/hard\libcr_c.a(alloc.o)
                0x00004ea0                . = ALIGN (0x8)
 *fill*         0x00004e9d        0x3 ff

.glue_7         0x00004ea0        0x0
 .glue_7        0x00004ea0        0x0 linker stubs

.glue_7t        0x00004ea0        0x0
 .glue_7t       0x00004ea0        0x0 linker stubs

.vfp11_veneer   0x00004ea0        0x0
 .vfp11_veneer  0x00004ea0        0x0 linker stubs

.v4_bx          0x00004ea0        0x0
 .v4_bx         0x00004ea0        0x0 linker stubs

.iplt           0x00004ea0        0x0
 .iplt          0x00004ea0        0x0 ./source/App.o

.rel.dyn        0x00004ea0        0x0
 .rel.iplt      0x00004ea0        0x0 ./source/App.o

.ARM.extab
 *(SORT_BY_ALIGNMENT(.ARM.extab*) SORT_BY_ALIGNMENT(.gnu.linkonce.armextab.*))
                0x00004ea0                __exidx_start = .

.ARM.exidx
 *(SORT_BY_ALIGNMENT(.ARM.exidx*) SORT_BY_ALIGNMENT(.gnu.linkonce.armexidx.*))
                0x00004ea0                __exidx_end = .
                0x00004ea0                _etext = .

.m_usb_data
 *(SORT_BY_ALIGNMENT(m_usb_bdt))

.data_RAM2      0x1fff0000        0x0 load address 0x00004ea0
 FILL mask 0xff
                [!provide]                PROVIDE (__start_data_RAM2, .)
 *(SORT_BY_ALIGNMENT(.ramfunc.$RAM2))
 *(SORT_BY_ALIGNMENT(.ramfunc.$SRAM_LOWER))
 *(SORT_BY_ALIGNMENT(.data.$RAM2*))
 *(SORT_BY_ALIGNMENT(.data.$SRAM_LOWER*))
                0x1fff0000                . = ALIGN (0x8)
                [!provide]                PROVIDE (__end_data_RAM2, .)

.data_RAM3      0x14000000        0x0 load address 0x00004ea0
 FILL mask 0xff
                [!provide]                PROVIDE (__start_data_RAM3, .)
 *(SORT_BY_ALIGNMENT(.ramfunc.$RAM3))
 *(SORT_BY_ALIGNMENT(.ramfunc.$FLEX_RAM))
 *(SORT_BY_ALIGNMENT(.data.$RAM3*))
 *(SORT_BY_ALIGNMENT(.data.$FLEX_RAM*))
                0x14000000                . = ALIGN (0x8)
                [!provide]                PROVIDE (__end_data_RAM3, .)

.uninit_RESERVED
                0x20000000        0x0
 *(SORT_BY_ALIGNMENT(.bss.$RESERVED*))
                0x20000000                . = ALIGN (0x4)
                0x20000000                _end_uninit_RESERVED = .

.data           0x20000000       0xa0 load address 0x00004ea0
 FILL mask 0xff
                0x20000000                _data = .
 *(SORT_BY_ALIGNMENT(vtable))
 *(SORT_BY_ALIGNMENT(.ramfunc*))
 *(SORT_BY_ALIGNMENT(.data*))
 .data.eventos_cola
                0x20000000       0x30 ./source/App.o
                0x20000000                eventos_cola
 .data.char_arr
                0x20000030       0x19 ./source/display.o
 *fill*         0x20000049        0x3 ff
 .data.seg_arr  0x2000004c        0x8 ./source/display.o
 .data.led_selector
                0x20000054        0x8 ./source/leds.o
                0x20000054                led_selector
 .data.user1    0x2000005c        0xc ./source/user.o
                0x2000005c                user1
 .data.user2    0x20000068        0xc ./source/user.o
                0x20000068                user2
 .data.user3    0x20000074        0xc ./source/user.o
                0x20000074                user3
 .data.user4    0x20000080        0xc ./source/user.o
                0x20000080                user4
 .data.user5    0x2000008c        0xc ./source/user.o
                0x2000008c                user5
 .data.brightness
                0x20000098        0x1 ./source/display.o
 .data.timers_cant
                0x20000099        0x1 ./source/timer.o
                0x200000a0                . = ALIGN (0x8)
 *fill*         0x2000009a        0x6 ff
                0x200000a0                _edata = .

.igot.plt       0x200000a0        0x0 load address 0x00004f40
 .igot.plt      0x200000a0        0x0 ./source/App.o

.bss_RAM2       0x1fff0000        0x0
                [!provide]                PROVIDE (__start_bss_RAM2, .)
 *(SORT_BY_ALIGNMENT(.bss.$RAM2*))
 *(SORT_BY_ALIGNMENT(.bss.$SRAM_LOWER*))
                0x1fff0000                . = ALIGN ((. != 0x0)?0x8:0x1)
                [!provide]                PROVIDE (__end_bss_RAM2, .)

.bss_RAM3       0x14000000        0x0
                [!provide]                PROVIDE (__start_bss_RAM3, .)
 *(SORT_BY_ALIGNMENT(.bss.$RAM3*))
 *(SORT_BY_ALIGNMENT(.bss.$FLEX_RAM*))
                0x14000000                . = ALIGN ((. != 0x0)?0x8:0x1)
                [!provide]                PROVIDE (__end_bss_RAM3, .)

.bss            0x200000a0      0x4d8
                0x200000a0                _bss = .
 *(SORT_BY_ALIGNMENT(.bss*))
 .bss.id        0x200000a0       0x20 ./source/App.o
 .bss.posicion_id
                0x200000c0        0x4 ./source/App.o
 .bss.pass      0x200000c4       0x10 ./source/App.o
 .bss.posicion_pass
                0x200000d4        0x4 ./source/App.o
 .bss.i         0x200000d8        0x4 ./source/App.o
                0x200000d8                i
 .bss.callback_ptr
                0x200000dc        0x4 ./source/SysTick.o
 .bss.click_counter
                0x200000e0        0x4 ./source/button.o
 .bss.current_char
                0x200000e4        0x1 ./source/card_reader.o
 *fill*         0x200000e5        0x3 
 .bss.Track     0x200000e8        0x4 ./source/card_reader.o
 .bss.ID        0x200000ec        0x4 ./source/card_reader.o
 .bss.stored_ID
                0x200000f0        0x4 ./source/card_reader.o
 .bss.track_index
                0x200000f4        0x4 ./source/card_reader.o
 .bss.buffer    0x200000f8       0x10 ./source/display.o
 .bss.blinking_digits
                0x20000108        0x4 ./source/display.o
 .bss.CALLBACKS
                0x2000010c      0x280 ./source/gpio.o
 .bss.leds      0x2000038c        0x3 ./source/leds.o
                0x2000038c                leds
 *fill*         0x2000038f        0x1 
 .bss.timers    0x20000390      0x100 ./source/timer.o
 .bss.__LDM_interruptDisableCount
                0x20000490        0x4 ./SDK/startup/hardware.o
 .bss.errno     0x20000494        0x4 c:/nxp/mcuxpressoide_10.2.0_759/ide/tools/bin/../lib/gcc/arm-none-eabi/7.2.1/../../../../arm-none-eabi/lib/thumb/v7e-m/fpv4-sp/hard\libcr_c.a(errno.o)
                0x20000494                errno
 .bss.__end_of_heap
                0x20000498        0x4 c:/nxp/mcuxpressoide_10.2.0_759/ide/tools/bin/../lib/gcc/arm-none-eabi/7.2.1/../../../../arm-none-eabi/lib/thumb/v7e-m/fpv4-sp/hard\libcr_c.a(__init_alloc.o)
                0x20000498                __end_of_heap
 .bss.__heaps   0x2000049c        0x4 c:/nxp/mcuxpressoide_10.2.0_759/ide/tools/bin/../lib/gcc/arm-none-eabi/7.2.1/../../../../arm-none-eabi/lib/thumb/v7e-m/fpv4-sp/hard\libcr_c.a(__init_alloc.o)
                0x2000049c                __heaps
 .bss.__Ciob    0x200004a0       0xb4 c:/nxp/mcuxpressoide_10.2.0_759/ide/tools/bin/../lib/gcc/arm-none-eabi/7.2.1/../../../../arm-none-eabi/lib/thumb/v7e-m/fpv4-sp/hard\libcr_semihost_nf.a(__ciob.o)
                0x200004a0                __Ciob
 .bss.estado    0x20000554        0x1 ./source/App.o
 .bss.ultimo_estado
                0x20000555        0x1 ./source/App.o
 .bss.ha_hecho_click
                0x20000556        0x1 ./source/App.o
 .bss.user_is_ready
                0x20000557        0x1 ./source/App.o
 .bss.last_state_button
                0x20000558        0x1 ./source/button.o
 .bss.current_C
                0x20000559        0x1 ./source/button.o
 .bss.status    0x2000055a        0x1 ./source/button.o
 .bss.button_event
                0x2000055b        0x1 ./source/button.o
 .bss.button_timer
                0x2000055c        0x1 ./source/button.o
 .bss.click_timer
                0x2000055d        0x1 ./source/button.o
 .bss.error_type
                0x2000055e        0x1 ./source/card_reader.o
 .bss.init      0x2000055f        0x1 ./source/card_reader.o
 .bss.clock_received
                0x20000560        0x1 ./source/card_reader.o
 .bss.data_was_stored
                0x20000561        0x1 ./source/card_reader.o
 .bss.display_state
                0x20000562        0x1 ./source/display.o
 .bss.buffer_len
                0x20000563        0x1 ./source/display.o
 .bss.buffer_idx
                0x20000564        0x1 ./source/display.o
 .bss.scroll_idx
                0x20000565        0x1 ./source/display.o
 .bss.show_last
                0x20000566        0x1 ./source/display.o
 .bss.blink     0x20000567        0x1 ./source/display.o
 .bss.refresh_timer
                0x20000568        0x1 ./source/display.o
 .bss.blink_timer
                0x20000569        0x1 ./source/display.o
 .bss.scroll_timer
                0x2000056a        0x1 ./source/display.o
 .bss.current_state
                0x2000056b        0x1 ./source/encoder.o
 .bss.current_A
                0x2000056c        0x1 ./source/encoder.o
 .bss.current_B
                0x2000056d        0x1 ./source/encoder.o
 .bss.status    0x2000056e        0x1 ./source/encoder.o
 .bss.encoder_event
                0x2000056f        0x1 ./source/encoder.o
 .bss.encoder_timer
                0x20000570        0x1 ./source/encoder.o
 .bss.index     0x20000571        0x1 ./source/leds.o
                0x20000571                index
 .bss.leds_timer
                0x20000572        0x1 ./source/leds.o
                0x20000572                leds_timer
 .bss.yaInit.5624
                0x20000573        0x1 ./source/timer.o
 *(SORT_BY_ALIGNMENT(COMMON))
                0x20000578                . = ALIGN (0x8)
 *fill*         0x20000574        0x4 
                0x20000578                _ebss = .
                [!provide]                PROVIDE (end, .)

.noinit_RAM2    0x1fff0000        0x0
 *(SORT_BY_ALIGNMENT(.noinit.$RAM2*))
 *(SORT_BY_ALIGNMENT(.noinit.$SRAM_LOWER*))
                0x1fff0000                . = ALIGN (0x8)

.noinit_RAM3    0x14000000        0x0
 *(SORT_BY_ALIGNMENT(.noinit.$RAM3*))
 *(SORT_BY_ALIGNMENT(.noinit.$FLEX_RAM*))
                0x14000000                . = ALIGN (0x8)

.noinit         0x20000578        0x0
                0x20000578                _noinit = .
 *(SORT_BY_ALIGNMENT(.noinit*))
                0x20000578                . = ALIGN (0x8)
                0x20000578                _end_noinit = .
                0x00001000                _HeapSize = 0x1000

.heap           0x20000578     0x1000
                0x20000578                _pvHeapStart = .
                0x20001578                . = (. + _HeapSize)
 *fill*         0x20000578     0x1000 
                0x20001578                . = ALIGN (0x8)
                0x20001578                _pvHeapLimit = .
                0x00001000                _StackSize = 0x1000

.heap2stackfill
                0x20001578     0x1000
                0x20002578                . = (. + _StackSize)
 *fill*         0x20001578     0x1000 

.stack          0x2002f000        0x0
                0x2002f000                _vStackBase = .
                0x2002f000                . = ALIGN (0x8)
                0x20030000                _vStackTop = (. + _StackSize)
                0x00000000                _image_start = LOADADDR (.text)
                0x00004f40                _image_end = (LOADADDR (.data) + SIZEOF (.data))
                0x00004f40                _image_size = (_image_end - _image_start)
OUTPUT(Blink.axf elf32-littlearm)

.debug_info     0x00000000     0x7f26
 .debug_info    0x00000000      0xc91 ./source/App.o
 .debug_info    0x00000c91      0x14e ./source/SysTick.o
 .debug_info    0x00000ddf      0xa9e ./source/button.o
 .debug_info    0x0000187d      0xc90 ./source/card_reader.o
 .debug_info    0x0000250d      0xe40 ./source/display.o
 .debug_info    0x0000334d      0xa9a ./source/encoder.o
 .debug_info    0x00003de7      0xb20 ./source/gpio.o
 .debug_info    0x00004907      0xa37 ./source/leds.o
 .debug_info    0x0000533e      0xc2b ./source/timer.o
 .debug_info    0x00005f69      0x9aa ./source/user.o
 .debug_info    0x00006913      0x675 ./SDK/startup/hardware.o
 .debug_info    0x00006f88       0xb7 ./SDK/startup/main.o
 .debug_info    0x0000703f       0x3b ./SDK/startup/semihost_hardfault.o
 .debug_info    0x0000707a      0x8b0 ./SDK/startup/startup_mk64f12.o
 .debug_info    0x0000792a      0x5fc ./SDK/CMSIS/system_MK64F12.o

.debug_abbrev   0x00000000     0x1cb8
 .debug_abbrev  0x00000000      0x2ea ./source/App.o
 .debug_abbrev  0x000002ea      0x104 ./source/SysTick.o
 .debug_abbrev  0x000003ee      0x276 ./source/button.o
 .debug_abbrev  0x00000664      0x321 ./source/card_reader.o
 .debug_abbrev  0x00000985      0x34f ./source/display.o
 .debug_abbrev  0x00000cd4      0x26f ./source/encoder.o
 .debug_abbrev  0x00000f43      0x243 ./source/gpio.o
 .debug_abbrev  0x00001186      0x231 ./source/leds.o
 .debug_abbrev  0x000013b7      0x288 ./source/timer.o
 .debug_abbrev  0x0000163f      0x1fa ./source/user.o
 .debug_abbrev  0x00001839      0x138 ./SDK/startup/hardware.o
 .debug_abbrev  0x00001971       0x7d ./SDK/startup/main.o
 .debug_abbrev  0x000019ee       0x2f ./SDK/startup/semihost_hardfault.o
 .debug_abbrev  0x00001a1d      0x15c ./SDK/startup/startup_mk64f12.o
 .debug_abbrev  0x00001b79      0x13f ./SDK/CMSIS/system_MK64F12.o

.debug_aranges  0x00000000      0x7d0
 .debug_aranges
                0x00000000       0x58 ./source/App.o
 .debug_aranges
                0x00000058       0x28 ./source/SysTick.o
 .debug_aranges
                0x00000080       0x58 ./source/button.o
 .debug_aranges
                0x000000d8       0x88 ./source/card_reader.o
 .debug_aranges
                0x00000160       0xe0 ./source/display.o
 .debug_aranges
                0x00000240       0x50 ./source/encoder.o
 .debug_aranges
                0x00000290       0x80 ./source/gpio.o
 .debug_aranges
                0x00000310       0x40 ./source/leds.o
 .debug_aranges
                0x00000350       0x90 ./source/timer.o
 .debug_aranges
                0x000003e0       0x20 ./source/user.o
 .debug_aranges
                0x00000400       0x30 ./SDK/startup/hardware.o
 .debug_aranges
                0x00000430       0x20 ./SDK/startup/main.o
 .debug_aranges
                0x00000450       0x20 ./SDK/startup/semihost_hardfault.o
 .debug_aranges
                0x00000470      0x330 ./SDK/startup/startup_mk64f12.o
 .debug_aranges
                0x000007a0       0x30 ./SDK/CMSIS/system_MK64F12.o

.debug_ranges   0x00000000      0x6e0
 .debug_ranges  0x00000000       0x48 ./source/App.o
 .debug_ranges  0x00000048       0x18 ./source/SysTick.o
 .debug_ranges  0x00000060       0x48 ./source/button.o
 .debug_ranges  0x000000a8       0x78 ./source/card_reader.o
 .debug_ranges  0x00000120       0xd0 ./source/display.o
 .debug_ranges  0x000001f0       0x40 ./source/encoder.o
 .debug_ranges  0x00000230       0x70 ./source/gpio.o
 .debug_ranges  0x000002a0       0x30 ./source/leds.o
 .debug_ranges  0x000002d0       0x80 ./source/timer.o
 .debug_ranges  0x00000350       0x10 ./source/user.o
 .debug_ranges  0x00000360       0x20 ./SDK/startup/hardware.o
 .debug_ranges  0x00000380       0x10 ./SDK/startup/main.o
 .debug_ranges  0x00000390       0x10 ./SDK/startup/semihost_hardfault.o
 .debug_ranges  0x000003a0      0x320 ./SDK/startup/startup_mk64f12.o
 .debug_ranges  0x000006c0       0x20 ./SDK/CMSIS/system_MK64F12.o

.debug_macro    0x00000000    0x13888
 .debug_macro   0x00000000      0x282 ./source/App.o
 .debug_macro   0x00000282      0xa60 ./source/App.o
 .debug_macro   0x00000ce2       0x22 ./source/App.o
 .debug_macro   0x00000d04       0x52 ./source/App.o
 .debug_macro   0x00000d56       0x17 ./source/App.o
 .debug_macro   0x00000d6d       0x8d ./source/App.o
 .debug_macro   0x00000dfa       0x35 ./source/App.o
 .debug_macro   0x00000e2f       0x9c ./source/App.o
 .debug_macro   0x00000ecb       0x16 ./source/App.o
 .debug_macro   0x00000ee1       0x57 ./source/App.o
 .debug_macro   0x00000f38       0x97 ./source/App.o
 .debug_macro   0x00000fcf      0x330 ./source/App.o
 .debug_macro   0x000012ff       0xfd ./source/App.o
 .debug_macro   0x000013fc       0x10 ./source/App.o
 .debug_macro   0x0000140c       0x58 ./source/App.o
 .debug_macro   0x00001464       0x1f ./source/App.o
 .debug_macro   0x00001483       0x43 ./source/App.o
 .debug_macro   0x000014c6       0x20 ./source/App.o
 .debug_macro   0x000014e6      0x18e ./source/App.o
 .debug_macro   0x00001674       0x10 ./source/App.o
 .debug_macro   0x00001684       0x6a ./source/App.o
 .debug_macro   0x000016ee       0x1c ./source/App.o
 .debug_macro   0x0000170a       0x52 ./source/App.o
 .debug_macro   0x0000175c       0x40 ./source/App.o
 .debug_macro   0x0000179c       0x10 ./source/App.o
 .debug_macro   0x000017ac       0x40 ./source/App.o
 .debug_macro   0x000017ec       0xd7 ./source/App.o
 .debug_macro   0x000018c3       0x1c ./source/App.o
 .debug_macro   0x000018df       0x3d ./source/App.o
 .debug_macro   0x0000191c       0x16 ./source/App.o
 .debug_macro   0x00001932      0x16f ./source/App.o
 .debug_macro   0x00001aa1       0x16 ./source/App.o
 .debug_macro   0x00001ab7       0x35 ./source/App.o
 .debug_macro   0x00001aec      0x34e ./source/App.o
 .debug_macro   0x00001e3a       0x22 ./source/App.o
 .debug_macro   0x00001e5c       0x3a ./source/App.o
 .debug_macro   0x00001e96       0x5e ./source/App.o
 .debug_macro   0x00001ef4       0xac ./source/App.o
 .debug_macro   0x00001fa0       0x10 ./source/App.o
 .debug_macro   0x00001fb0       0x16 ./source/App.o
 .debug_macro   0x00001fc6       0xe6 ./source/SysTick.o
 .debug_macro   0x000020ac       0x5c ./source/SysTick.o
 .debug_macro   0x00002108       0x1c ./source/SysTick.o
 .debug_macro   0x00002124       0x22 ./source/SysTick.o
 .debug_macro   0x00002146       0xdf ./source/SysTick.o
 .debug_macro   0x00002225      0xecf ./source/SysTick.o
 .debug_macro   0x000030f4       0x48 ./source/SysTick.o
 .debug_macro   0x0000313c     0xe07b ./source/SysTick.o
 .debug_macro   0x000111b7       0x10 ./source/SysTick.o
 .debug_macro   0x000111c7     0x122b ./source/SysTick.o
 .debug_macro   0x000123f2       0x16 ./source/SysTick.o
 .debug_macro   0x00012408      0x15b ./source/button.o
 .debug_macro   0x00012563       0x16 ./source/button.o
 .debug_macro   0x00012579      0x10e ./source/button.o
 .debug_macro   0x00012687       0x8d ./source/button.o
 .debug_macro   0x00012714       0x16 ./source/button.o
 .debug_macro   0x0001272a       0x29 ./source/button.o
 .debug_macro   0x00012753       0x1c ./source/button.o
 .debug_macro   0x0001276f      0x239 ./source/card_reader.o
 .debug_macro   0x000129a8      0x32a ./source/card_reader.o
 .debug_macro   0x00012cd2      0x27a ./source/display.o
 .debug_macro   0x00012f4c       0x64 ./source/display.o
 .debug_macro   0x00012fb0      0x155 ./source/encoder.o
 .debug_macro   0x00013105       0xcd ./source/gpio.o
 .debug_macro   0x000131d2       0x40 ./source/gpio.o
 .debug_macro   0x00013212      0x155 ./source/leds.o
 .debug_macro   0x00013367      0x136 ./source/timer.o
 .debug_macro   0x0001349d       0x10 ./source/timer.o
 .debug_macro   0x000134ad      0x1d9 ./source/user.o
 .debug_macro   0x00013686       0x10 ./source/user.o
 .debug_macro   0x00013696       0x9c ./SDK/startup/hardware.o
 .debug_macro   0x00013732       0x9c ./SDK/startup/main.o
 .debug_macro   0x000137ce       0x11 ./SDK/startup/semihost_hardfault.o
 .debug_macro   0x000137df       0x29 ./SDK/startup/startup_mk64f12.o
 .debug_macro   0x00013808       0x80 ./SDK/CMSIS/system_MK64F12.o

.debug_line     0x00000000     0x310e
 .debug_line    0x00000000      0x4f9 ./source/App.o
 .debug_line    0x000004f9      0x19f ./source/SysTick.o
 .debug_line    0x00000698      0x324 ./source/button.o
 .debug_line    0x000009bc      0x554 ./source/card_reader.o
 .debug_line    0x00000f10      0x53d ./source/display.o
 .debug_line    0x0000144d      0x3b8 ./source/encoder.o
 .debug_line    0x00001805      0x2ee ./source/gpio.o
 .debug_line    0x00001af3      0x2f7 ./source/leds.o
 .debug_line    0x00001dea      0x3b8 ./source/timer.o
 .debug_line    0x000021a2      0x32b ./source/user.o
 .debug_line    0x000024cd      0x1d4 ./SDK/startup/hardware.o
 .debug_line    0x000026a1      0x175 ./SDK/startup/main.o
 .debug_line    0x00002816       0x59 ./SDK/startup/semihost_hardfault.o
 .debug_line    0x0000286f      0x6d8 ./SDK/startup/startup_mk64f12.o
 .debug_line    0x00002f47      0x1c7 ./SDK/CMSIS/system_MK64F12.o

.debug_str      0x00000000    0x7dc68
 .debug_str     0x00000000     0x82d6 ./source/App.o
                               0x8586 (size before relaxing)
 .debug_str     0x000082d6    0x738fa ./source/SysTick.o
                              0x77146 (size before relaxing)
 .debug_str     0x0007bbd0      0x2d5 ./source/button.o
                               0x707d (size before relaxing)
 .debug_str     0x0007bea5      0x2d8 ./source/card_reader.o
                              0x74f29 (size before relaxing)
 .debug_str     0x0007c17d      0x52f ./source/display.o
                               0x7580 (size before relaxing)
 .debug_str     0x0007c6ac      0x11a ./source/encoder.o
                               0x707b (size before relaxing)
 .debug_str     0x0007c7c6      0x84e ./source/gpio.o
                              0x779c9 (size before relaxing)
 .debug_str     0x0007d014       0xa4 ./source/leds.o
                               0x6fdf (size before relaxing)
 .debug_str     0x0007d0b8      0x159 ./source/timer.o
                               0x6eaa (size before relaxing)
 .debug_str     0x0007d211       0x57 ./source/user.o
                               0x7582 (size before relaxing)
 .debug_str     0x0007d268      0x178 ./SDK/startup/hardware.o
                              0x77230 (size before relaxing)
 .debug_str     0x0007d3e0       0x1b ./SDK/startup/main.o
                              0x77004 (size before relaxing)
 .debug_str     0x0007d3fb       0x36 ./SDK/startup/semihost_hardfault.o
                               0x2d6a (size before relaxing)
 .debug_str     0x0007d431      0x7d5 ./SDK/startup/startup_mk64f12.o
                               0x35d8 (size before relaxing)
 .debug_str     0x0007dc06       0x62 ./SDK/CMSIS/system_MK64F12.o
                              0x7713f (size before relaxing)

.comment        0x00000000       0x7e
 .comment       0x00000000       0x7e ./source/App.o
                                 0x7f (size before relaxing)
 .comment       0x0000007e       0x7f ./source/SysTick.o
 .comment       0x0000007e       0x7f ./source/button.o
 .comment       0x0000007e       0x7f ./source/card_reader.o
 .comment       0x0000007e       0x7f ./source/display.o
 .comment       0x0000007e       0x7f ./source/encoder.o
 .comment       0x0000007e       0x7f ./source/gpio.o
 .comment       0x0000007e       0x7f ./source/leds.o
 .comment       0x0000007e       0x7f ./source/timer.o
 .comment       0x0000007e       0x7f ./source/user.o
 .comment       0x0000007e       0x7f ./SDK/startup/hardware.o
 .comment       0x0000007e       0x7f ./SDK/startup/main.o
 .comment       0x0000007e       0x7f ./SDK/startup/semihost_hardfault.o
 .comment       0x0000007e       0x7f ./SDK/startup/startup_mk64f12.o
 .comment       0x0000007e       0x7f ./SDK/CMSIS/system_MK64F12.o
 .comment       0x0000007e       0x7f c:/nxp/mcuxpressoide_10.2.0_759/ide/tools/bin/../lib/gcc/arm-none-eabi/7.2.1/../../../../arm-none-eabi/lib/thumb/v7e-m/fpv4-sp/hard\libcr_c.a(fpprintf.o)
 .comment       0x0000007e       0x7f c:/nxp/mcuxpressoide_10.2.0_759/ide/tools/bin/../lib/gcc/arm-none-eabi/7.2.1/../../../../arm-none-eabi/lib/thumb/v7e-m/fpv4-sp/hard\libcr_c.a(printf.o)
 .comment       0x0000007e       0x7f c:/nxp/mcuxpressoide_10.2.0_759/ide/tools/bin/../lib/gcc/arm-none-eabi/7.2.1/../../../../arm-none-eabi/lib/thumb/v7e-m/fpv4-sp/hard\libcr_c.a(strlen.o)
 .comment       0x0000007e       0x7f c:/nxp/mcuxpressoide_10.2.0_759/ide/tools/bin/../lib/gcc/arm-none-eabi/7.2.1/../../../../arm-none-eabi/lib/thumb/v7e-m/fpv4-sp/hard\libcr_c.a(memset.o)
 .comment       0x0000007e       0x7f c:/nxp/mcuxpressoide_10.2.0_759/ide/tools/bin/../lib/gcc/arm-none-eabi/7.2.1/../../../../arm-none-eabi/lib/thumb/v7e-m/fpv4-sp/hard\libcr_c.a(_deferredlazyseek.o)
 .comment       0x0000007e       0x7f c:/nxp/mcuxpressoide_10.2.0_759/ide/tools/bin/../lib/gcc/arm-none-eabi/7.2.1/../../../../arm-none-eabi/lib/thumb/v7e-m/fpv4-sp/hard\libcr_c.a(_fflush.o)
 .comment       0x0000007e       0x7f c:/nxp/mcuxpressoide_10.2.0_759/ide/tools/bin/../lib/gcc/arm-none-eabi/7.2.1/../../../../arm-none-eabi/lib/thumb/v7e-m/fpv4-sp/hard\libcr_c.a(_frexpl.o)
 .comment       0x0000007e       0x7f c:/nxp/mcuxpressoide_10.2.0_759/ide/tools/bin/../lib/gcc/arm-none-eabi/7.2.1/../../../../arm-none-eabi/lib/thumb/v7e-m/fpv4-sp/hard\libcr_c.a(_ldexpl.o)
 .comment       0x0000007e       0x7f c:/nxp/mcuxpressoide_10.2.0_759/ide/tools/bin/../lib/gcc/arm-none-eabi/7.2.1/../../../../arm-none-eabi/lib/thumb/v7e-m/fpv4-sp/hard\libcr_c.a(_writebuf.o)
 .comment       0x0000007e       0x7f c:/nxp/mcuxpressoide_10.2.0_759/ide/tools/bin/../lib/gcc/arm-none-eabi/7.2.1/../../../../arm-none-eabi/lib/thumb/v7e-m/fpv4-sp/hard\libcr_c.a(alloc.o)
 .comment       0x0000007e       0x7f c:/nxp/mcuxpressoide_10.2.0_759/ide/tools/bin/../lib/gcc/arm-none-eabi/7.2.1/../../../../arm-none-eabi/lib/thumb/v7e-m/fpv4-sp/hard\libcr_c.a(errno.o)
 .comment       0x0000007e       0x7f c:/nxp/mcuxpressoide_10.2.0_759/ide/tools/bin/../lib/gcc/arm-none-eabi/7.2.1/../../../../arm-none-eabi/lib/thumb/v7e-m/fpv4-sp/hard\libcr_c.a(fseek.o)
 .comment       0x0000007e       0x7f c:/nxp/mcuxpressoide_10.2.0_759/ide/tools/bin/../lib/gcc/arm-none-eabi/7.2.1/../../../../arm-none-eabi/lib/thumb/v7e-m/fpv4-sp/hard\libcr_c.a(ftell.o)
 .comment       0x0000007e       0x7f c:/nxp/mcuxpressoide_10.2.0_759/ide/tools/bin/../lib/gcc/arm-none-eabi/7.2.1/../../../../arm-none-eabi/lib/thumb/v7e-m/fpv4-sp/hard\libcr_c.a(__init_alloc.o)
 .comment       0x0000007e       0x7f c:/nxp/mcuxpressoide_10.2.0_759/ide/tools/bin/../lib/gcc/arm-none-eabi/7.2.1/../../../../arm-none-eabi/lib/thumb/v7e-m/fpv4-sp/hard\libcr_c.a(_cr_sbrk.o)
 .comment       0x0000007e       0x7f c:/nxp/mcuxpressoide_10.2.0_759/ide/tools/bin/../lib/gcc/arm-none-eabi/7.2.1/../../../../arm-none-eabi/lib/thumb/v7e-m/fpv4-sp/hard\libcr_c.a(_hugeval.o)
 .comment       0x0000007e       0x7f c:/nxp/mcuxpressoide_10.2.0_759/ide/tools/bin/../lib/gcc/arm-none-eabi/7.2.1/../../../../arm-none-eabi/lib/thumb/v7e-m/fpv4-sp/hard\libcr_c.a(_cr_check_heap.o)
 .comment       0x0000007e       0x7f c:/nxp/mcuxpressoide_10.2.0_759/ide/tools/bin/../lib/gcc/arm-none-eabi/7.2.1/thumb/v7e-m/fpv4-sp/hard\libcr_eabihelpers.a(double.o)
 .comment       0x0000007e       0x7f c:/nxp/mcuxpressoide_10.2.0_759/ide/tools/bin/../lib/gcc/arm-none-eabi/7.2.1/../../../../arm-none-eabi/lib/thumb/v7e-m/fpv4-sp/hard\libcr_semihost_nf.a(__ciob.o)

.ARM.attributes
                0x00000000       0x37
 .ARM.attributes
                0x00000000       0x39 ./source/App.o
 .ARM.attributes
                0x00000039       0x39 ./source/SysTick.o
 .ARM.attributes
                0x00000072       0x39 ./source/button.o
 .ARM.attributes
                0x000000ab       0x39 ./source/card_reader.o
 .ARM.attributes
                0x000000e4       0x39 ./source/display.o
 .ARM.attributes
                0x0000011d       0x39 ./source/encoder.o
 .ARM.attributes
                0x00000156       0x39 ./source/gpio.o
 .ARM.attributes
                0x0000018f       0x39 ./source/leds.o
 .ARM.attributes
                0x000001c8       0x39 ./source/timer.o
 .ARM.attributes
                0x00000201       0x39 ./source/user.o
 .ARM.attributes
                0x0000023a       0x39 ./SDK/startup/hardware.o
 .ARM.attributes
                0x00000273       0x39 ./SDK/startup/main.o
 .ARM.attributes
                0x000002ac       0x39 ./SDK/startup/semihost_hardfault.o
 .ARM.attributes
                0x000002e5       0x39 ./SDK/startup/startup_mk64f12.o
 .ARM.attributes
                0x0000031e       0x39 ./SDK/CMSIS/system_MK64F12.o
 .ARM.attributes
                0x00000357       0x39 c:/nxp/mcuxpressoide_10.2.0_759/ide/tools/bin/../lib/gcc/arm-none-eabi/7.2.1/../../../../arm-none-eabi/lib/thumb/v7e-m/fpv4-sp/hard\libcr_c.a(fpprintf.o)
 .ARM.attributes
                0x00000390       0x39 c:/nxp/mcuxpressoide_10.2.0_759/ide/tools/bin/../lib/gcc/arm-none-eabi/7.2.1/../../../../arm-none-eabi/lib/thumb/v7e-m/fpv4-sp/hard\libcr_c.a(printf.o)
 .ARM.attributes
                0x000003c9       0x39 c:/nxp/mcuxpressoide_10.2.0_759/ide/tools/bin/../lib/gcc/arm-none-eabi/7.2.1/../../../../arm-none-eabi/lib/thumb/v7e-m/fpv4-sp/hard\libcr_c.a(strlen.o)
 .ARM.attributes
                0x00000402       0x39 c:/nxp/mcuxpressoide_10.2.0_759/ide/tools/bin/../lib/gcc/arm-none-eabi/7.2.1/../../../../arm-none-eabi/lib/thumb/v7e-m/fpv4-sp/hard\libcr_c.a(memset.o)
 .ARM.attributes
                0x0000043b       0x39 c:/nxp/mcuxpressoide_10.2.0_759/ide/tools/bin/../lib/gcc/arm-none-eabi/7.2.1/../../../../arm-none-eabi/lib/thumb/v7e-m/fpv4-sp/hard\libcr_c.a(_deferredlazyseek.o)
 .ARM.attributes
                0x00000474       0x39 c:/nxp/mcuxpressoide_10.2.0_759/ide/tools/bin/../lib/gcc/arm-none-eabi/7.2.1/../../../../arm-none-eabi/lib/thumb/v7e-m/fpv4-sp/hard\libcr_c.a(_fflush.o)
 .ARM.attributes
                0x000004ad       0x39 c:/nxp/mcuxpressoide_10.2.0_759/ide/tools/bin/../lib/gcc/arm-none-eabi/7.2.1/../../../../arm-none-eabi/lib/thumb/v7e-m/fpv4-sp/hard\libcr_c.a(_frexpl.o)
 .ARM.attributes
                0x000004e6       0x39 c:/nxp/mcuxpressoide_10.2.0_759/ide/tools/bin/../lib/gcc/arm-none-eabi/7.2.1/../../../../arm-none-eabi/lib/thumb/v7e-m/fpv4-sp/hard\libcr_c.a(_ldexpl.o)
 .ARM.attributes
                0x0000051f       0x39 c:/nxp/mcuxpressoide_10.2.0_759/ide/tools/bin/../lib/gcc/arm-none-eabi/7.2.1/../../../../arm-none-eabi/lib/thumb/v7e-m/fpv4-sp/hard\libcr_c.a(_writebuf.o)
 .ARM.attributes
                0x00000558       0x39 c:/nxp/mcuxpressoide_10.2.0_759/ide/tools/bin/../lib/gcc/arm-none-eabi/7.2.1/../../../../arm-none-eabi/lib/thumb/v7e-m/fpv4-sp/hard\libcr_c.a(alloc.o)
 .ARM.attributes
                0x00000591       0x39 c:/nxp/mcuxpressoide_10.2.0_759/ide/tools/bin/../lib/gcc/arm-none-eabi/7.2.1/../../../../arm-none-eabi/lib/thumb/v7e-m/fpv4-sp/hard\libcr_c.a(errno.o)
 .ARM.attributes
                0x000005ca       0x39 c:/nxp/mcuxpressoide_10.2.0_759/ide/tools/bin/../lib/gcc/arm-none-eabi/7.2.1/../../../../arm-none-eabi/lib/thumb/v7e-m/fpv4-sp/hard\libcr_c.a(fseek.o)
 .ARM.attributes
                0x00000603       0x39 c:/nxp/mcuxpressoide_10.2.0_759/ide/tools/bin/../lib/gcc/arm-none-eabi/7.2.1/../../../../arm-none-eabi/lib/thumb/v7e-m/fpv4-sp/hard\libcr_c.a(ftell.o)
 .ARM.attributes
                0x0000063c       0x39 c:/nxp/mcuxpressoide_10.2.0_759/ide/tools/bin/../lib/gcc/arm-none-eabi/7.2.1/../../../../arm-none-eabi/lib/thumb/v7e-m/fpv4-sp/hard\libcr_c.a(__init_alloc.o)
 .ARM.attributes
                0x00000675       0x39 c:/nxp/mcuxpressoide_10.2.0_759/ide/tools/bin/../lib/gcc/arm-none-eabi/7.2.1/../../../../arm-none-eabi/lib/thumb/v7e-m/fpv4-sp/hard\libcr_c.a(_cr_sbrk.o)
 .ARM.attributes
                0x000006ae       0x39 c:/nxp/mcuxpressoide_10.2.0_759/ide/tools/bin/../lib/gcc/arm-none-eabi/7.2.1/../../../../arm-none-eabi/lib/thumb/v7e-m/fpv4-sp/hard\libcr_c.a(_hugeval.o)
 .ARM.attributes
                0x000006e7       0x39 c:/nxp/mcuxpressoide_10.2.0_759/ide/tools/bin/../lib/gcc/arm-none-eabi/7.2.1/../../../../arm-none-eabi/lib/thumb/v7e-m/fpv4-sp/hard\libcr_c.a(_cr_check_heap.o)
 .ARM.attributes
                0x00000720       0x39 c:/nxp/mcuxpressoide_10.2.0_759/ide/tools/bin/../lib/gcc/arm-none-eabi/7.2.1/thumb/v7e-m/fpv4-sp/hard\libcr_eabihelpers.a(double.o)
 .ARM.attributes
                0x00000759       0x25 c:/nxp/mcuxpressoide_10.2.0_759/ide/tools/bin/../lib/gcc/arm-none-eabi/7.2.1/thumb/v7e-m/fpv4-sp/hard\libcr_eabihelpers.a(memcpy.o)
 .ARM.attributes
                0x0000077e       0x39 c:/nxp/mcuxpressoide_10.2.0_759/ide/tools/bin/../lib/gcc/arm-none-eabi/7.2.1/../../../../arm-none-eabi/lib/thumb/v7e-m/fpv4-sp/hard\libcr_semihost_nf.a(__ciob.o)
 .ARM.attributes
                0x000007b7       0x25 c:/nxp/mcuxpressoide_10.2.0_759/ide/tools/bin/../lib/gcc/arm-none-eabi/7.2.1/../../../../arm-none-eabi/lib/thumb/v7e-m/fpv4-sp/hard\libcr_semihost_nf.a(__sys_appexit.o)
 .ARM.attributes
                0x000007dc       0x25 c:/nxp/mcuxpressoide_10.2.0_759/ide/tools/bin/../lib/gcc/arm-none-eabi/7.2.1/../../../../arm-none-eabi/lib/thumb/v7e-m/fpv4-sp/hard\libcr_semihost_nf.a(__sys_flen.o)
 .ARM.attributes
                0x00000801       0x25 c:/nxp/mcuxpressoide_10.2.0_759/ide/tools/bin/../lib/gcc/arm-none-eabi/7.2.1/../../../../arm-none-eabi/lib/thumb/v7e-m/fpv4-sp/hard\libcr_semihost_nf.a(__sys_istty.o)
 .ARM.attributes
                0x00000826       0x25 c:/nxp/mcuxpressoide_10.2.0_759/ide/tools/bin/../lib/gcc/arm-none-eabi/7.2.1/../../../../arm-none-eabi/lib/thumb/v7e-m/fpv4-sp/hard\libcr_semihost_nf.a(__sys_seek.o)
 .ARM.attributes
                0x0000084b       0x25 c:/nxp/mcuxpressoide_10.2.0_759/ide/tools/bin/../lib/gcc/arm-none-eabi/7.2.1/../../../../arm-none-eabi/lib/thumb/v7e-m/fpv4-sp/hard\libcr_semihost_nf.a(__sys_write.o)

.debug_frame    0x00000000     0x1884
 .debug_frame   0x00000000      0x134 ./source/App.o
 .debug_frame   0x00000134       0x64 ./source/SysTick.o
 .debug_frame   0x00000198      0x118 ./source/button.o
 .debug_frame   0x000002b0      0x1f4 ./source/card_reader.o
 .debug_frame   0x000004a4      0x350 ./source/display.o
 .debug_frame   0x000007f4       0xf4 ./source/encoder.o
 .debug_frame   0x000008e8      0x224 ./source/gpio.o
 .debug_frame   0x00000b0c       0xc8 ./source/leds.o
 .debug_frame   0x00000bd4      0x244 ./source/timer.o
 .debug_frame   0x00000e18       0x38 ./source/user.o
 .debug_frame   0x00000e50       0x70 ./SDK/startup/hardware.o
 .debug_frame   0x00000ec0       0x2c ./SDK/startup/main.o
 .debug_frame   0x00000eec       0x20 ./SDK/startup/semihost_hardfault.o
 .debug_frame   0x00000f0c      0x904 ./SDK/startup/startup_mk64f12.o
 .debug_frame   0x00001810       0x74 ./SDK/CMSIS/system_MK64F12.o
