
Discarded input sections

 .group         0x00000000        0xc ./source/App.o
 .group         0x00000000        0xc ./source/App.o
 .group         0x00000000        0xc ./source/App.o
 .group         0x00000000        0xc ./source/App.o
 .group         0x00000000        0xc ./source/App.o
 .group         0x00000000        0xc ./source/App.o
 .group         0x00000000        0xc ./source/App.o
 .group         0x00000000        0xc ./source/App.o
 .group         0x00000000        0xc ./source/App.o
 .group         0x00000000        0xc ./source/App.o
 .group         0x00000000        0xc ./source/App.o
 .group         0x00000000        0xc ./source/App.o
 .group         0x00000000        0xc ./source/App.o
 .group         0x00000000        0xc ./source/App.o
 .group         0x00000000        0xc ./source/App.o
 .group         0x00000000        0xc ./source/App.o
 .group         0x00000000        0xc ./source/App.o
 .group         0x00000000        0xc ./source/App.o
 .group         0x00000000        0xc ./source/App.o
 .group         0x00000000        0xc ./source/App.o
 .group         0x00000000        0xc ./source/App.o
 .group         0x00000000        0xc ./source/App.o
 .group         0x00000000        0xc ./source/App.o
 .group         0x00000000        0xc ./source/App.o
 .group         0x00000000        0xc ./source/App.o
 .group         0x00000000        0xc ./source/App.o
 .group         0x00000000        0xc ./source/App.o
 .group         0x00000000        0xc ./source/App.o
 .group         0x00000000        0xc ./source/App.o
 .group         0x00000000        0xc ./source/App.o
 .group         0x00000000        0xc ./source/App.o
 .group         0x00000000        0xc ./source/App.o
 .group         0x00000000        0xc ./source/App.o
 .group         0x00000000        0xc ./source/App.o
 .group         0x00000000        0xc ./source/App.o
 .group         0x00000000        0xc ./source/App.o
 .group         0x00000000        0xc ./source/App.o
 .group         0x00000000        0xc ./source/App.o
 .group         0x00000000        0xc ./source/App.o
 .text          0x00000000        0x0 ./source/App.o
 .data          0x00000000        0x0 ./source/App.o
 .bss           0x00000000        0x0 ./source/App.o
 .group         0x00000000        0xc ./source/SysTick.o
 .group         0x00000000        0xc ./source/SysTick.o
 .group         0x00000000        0xc ./source/SysTick.o
 .group         0x00000000        0xc ./source/SysTick.o
 .group         0x00000000        0xc ./source/SysTick.o
 .group         0x00000000        0xc ./source/SysTick.o
 .group         0x00000000        0xc ./source/SysTick.o
 .group         0x00000000        0xc ./source/SysTick.o
 .group         0x00000000        0xc ./source/SysTick.o
 .group         0x00000000        0xc ./source/SysTick.o
 .group         0x00000000        0xc ./source/SysTick.o
 .group         0x00000000        0xc ./source/SysTick.o
 .group         0x00000000        0xc ./source/SysTick.o
 .text          0x00000000        0x0 ./source/SysTick.o
 .data          0x00000000        0x0 ./source/SysTick.o
 .bss           0x00000000        0x0 ./source/SysTick.o
 .debug_macro   0x00000000      0xa5a ./source/SysTick.o
 .debug_macro   0x00000000       0x22 ./source/SysTick.o
 .debug_macro   0x00000000      0x34e ./source/SysTick.o
 .group         0x00000000        0xc ./source/button.o
 .group         0x00000000        0xc ./source/button.o
 .group         0x00000000        0xc ./source/button.o
 .group         0x00000000        0xc ./source/button.o
 .group         0x00000000        0xc ./source/button.o
 .group         0x00000000        0xc ./source/button.o
 .group         0x00000000        0xc ./source/button.o
 .group         0x00000000        0xc ./source/button.o
 .group         0x00000000        0xc ./source/button.o
 .group         0x00000000        0xc ./source/button.o
 .group         0x00000000        0xc ./source/button.o
 .group         0x00000000        0xc ./source/button.o
 .group         0x00000000        0xc ./source/button.o
 .group         0x00000000        0xc ./source/button.o
 .group         0x00000000        0xc ./source/button.o
 .group         0x00000000        0xc ./source/button.o
 .group         0x00000000        0xc ./source/button.o
 .group         0x00000000        0xc ./source/button.o
 .group         0x00000000        0xc ./source/button.o
 .group         0x00000000        0xc ./source/button.o
 .group         0x00000000        0xc ./source/button.o
 .group         0x00000000        0xc ./source/button.o
 .group         0x00000000        0xc ./source/button.o
 .group         0x00000000        0xc ./source/button.o
 .group         0x00000000        0xc ./source/button.o
 .text          0x00000000        0x0 ./source/button.o
 .data          0x00000000        0x0 ./source/button.o
 .bss           0x00000000        0x0 ./source/button.o
 .debug_macro   0x00000000      0xa5a ./source/button.o
 .debug_macro   0x00000000      0x34e ./source/button.o
 .debug_macro   0x00000000       0x22 ./source/button.o
 .debug_macro   0x00000000       0x3a ./source/button.o
 .debug_macro   0x00000000       0x76 ./source/button.o
 .debug_macro   0x00000000       0x17 ./source/button.o
 .debug_macro   0x00000000       0x22 ./source/button.o
 .debug_macro   0x00000000       0x52 ./source/button.o
 .debug_macro   0x00000000       0x8d ./source/button.o
 .debug_macro   0x00000000       0x35 ./source/button.o
 .debug_macro   0x00000000       0x9c ./source/button.o
 .debug_macro   0x00000000       0x57 ./source/button.o
 .debug_macro   0x00000000       0x58 ./source/button.o
 .debug_macro   0x00000000       0x1f ./source/button.o
 .debug_macro   0x00000000       0x43 ./source/button.o
 .debug_macro   0x00000000       0x20 ./source/button.o
 .debug_macro   0x00000000      0x18e ./source/button.o
 .debug_macro   0x00000000      0x330 ./source/button.o
 .group         0x00000000        0xc ./source/card_reader.o
 .group         0x00000000        0xc ./source/card_reader.o
 .group         0x00000000        0xc ./source/card_reader.o
 .group         0x00000000        0xc ./source/card_reader.o
 .group         0x00000000        0xc ./source/card_reader.o
 .group         0x00000000        0xc ./source/card_reader.o
 .group         0x00000000        0xc ./source/card_reader.o
 .group         0x00000000        0xc ./source/card_reader.o
 .group         0x00000000        0xc ./source/card_reader.o
 .group         0x00000000        0xc ./source/card_reader.o
 .group         0x00000000        0xc ./source/card_reader.o
 .group         0x00000000        0xc ./source/card_reader.o
 .group         0x00000000        0xc ./source/card_reader.o
 .group         0x00000000        0xc ./source/card_reader.o
 .group         0x00000000        0xc ./source/card_reader.o
 .group         0x00000000        0xc ./source/card_reader.o
 .group         0x00000000        0xc ./source/card_reader.o
 .group         0x00000000        0xc ./source/card_reader.o
 .group         0x00000000        0xc ./source/card_reader.o
 .group         0x00000000        0xc ./source/card_reader.o
 .group         0x00000000        0xc ./source/card_reader.o
 .group         0x00000000        0xc ./source/card_reader.o
 .group         0x00000000        0xc ./source/card_reader.o
 .group         0x00000000        0xc ./source/card_reader.o
 .group         0x00000000        0xc ./source/card_reader.o
 .group         0x00000000        0xc ./source/card_reader.o
 .group         0x00000000        0xc ./source/card_reader.o
 .group         0x00000000        0xc ./source/card_reader.o
 .group         0x00000000        0xc ./source/card_reader.o
 .group         0x00000000        0xc ./source/card_reader.o
 .group         0x00000000        0xc ./source/card_reader.o
 .group         0x00000000        0xc ./source/card_reader.o
 .group         0x00000000        0xc ./source/card_reader.o
 .group         0x00000000        0xc ./source/card_reader.o
 .group         0x00000000        0xc ./source/card_reader.o
 .group         0x00000000        0xc ./source/card_reader.o
 .group         0x00000000        0xc ./source/card_reader.o
 .group         0x00000000        0xc ./source/card_reader.o
 .group         0x00000000        0xc ./source/card_reader.o
 .group         0x00000000        0xc ./source/card_reader.o
 .text          0x00000000        0x0 ./source/card_reader.o
 .data          0x00000000        0x0 ./source/card_reader.o
 .bss           0x00000000        0x0 ./source/card_reader.o
 .text.getError
                0x00000000       0x18 ./source/card_reader.o
 .text.getID    0x00000000       0x28 ./source/card_reader.o
 .text.resetReader
                0x00000000       0x64 ./source/card_reader.o
 .debug_macro   0x00000000      0xa5a ./source/card_reader.o
 .debug_macro   0x00000000       0x5c ./source/card_reader.o
 .debug_macro   0x00000000      0x34e ./source/card_reader.o
 .debug_macro   0x00000000       0x1c ./source/card_reader.o
 .debug_macro   0x00000000       0x22 ./source/card_reader.o
 .debug_macro   0x00000000       0xdf ./source/card_reader.o
 .debug_macro   0x00000000      0xecf ./source/card_reader.o
 .debug_macro   0x00000000       0x48 ./source/card_reader.o
 .debug_macro   0x00000000     0xe07b ./source/card_reader.o
 .debug_macro   0x00000000       0x22 ./source/card_reader.o
 .debug_macro   0x00000000       0x3a ./source/card_reader.o
 .debug_macro   0x00000000       0x22 ./source/card_reader.o
 .debug_macro   0x00000000       0x52 ./source/card_reader.o
 .debug_macro   0x00000000       0x17 ./source/card_reader.o
 .debug_macro   0x00000000       0x8d ./source/card_reader.o
 .debug_macro   0x00000000       0x35 ./source/card_reader.o
 .debug_macro   0x00000000       0x9c ./source/card_reader.o
 .debug_macro   0x00000000       0x16 ./source/card_reader.o
 .debug_macro   0x00000000       0x57 ./source/card_reader.o
 .debug_macro   0x00000000       0x97 ./source/card_reader.o
 .debug_macro   0x00000000       0xfd ./source/card_reader.o
 .debug_macro   0x00000000       0x10 ./source/card_reader.o
 .debug_macro   0x00000000       0x58 ./source/card_reader.o
 .debug_macro   0x00000000       0x1f ./source/card_reader.o
 .debug_macro   0x00000000       0x43 ./source/card_reader.o
 .debug_macro   0x00000000       0x20 ./source/card_reader.o
 .debug_macro   0x00000000      0x18e ./source/card_reader.o
 .debug_macro   0x00000000       0x10 ./source/card_reader.o
 .debug_macro   0x00000000       0x6a ./source/card_reader.o
 .debug_macro   0x00000000       0x1c ./source/card_reader.o
 .debug_macro   0x00000000       0x52 ./source/card_reader.o
 .debug_macro   0x00000000       0x40 ./source/card_reader.o
 .debug_macro   0x00000000       0x10 ./source/card_reader.o
 .debug_macro   0x00000000       0x40 ./source/card_reader.o
 .debug_macro   0x00000000       0xd7 ./source/card_reader.o
 .debug_macro   0x00000000       0x1c ./source/card_reader.o
 .debug_macro   0x00000000       0x3d ./source/card_reader.o
 .debug_macro   0x00000000       0x16 ./source/card_reader.o
 .debug_macro   0x00000000      0x16f ./source/card_reader.o
 .group         0x00000000        0xc ./source/display.o
 .group         0x00000000        0xc ./source/display.o
 .group         0x00000000        0xc ./source/display.o
 .group         0x00000000        0xc ./source/display.o
 .group         0x00000000        0xc ./source/display.o
 .group         0x00000000        0xc ./source/display.o
 .group         0x00000000        0xc ./source/display.o
 .group         0x00000000        0xc ./source/display.o
 .group         0x00000000        0xc ./source/display.o
 .group         0x00000000        0xc ./source/display.o
 .group         0x00000000        0xc ./source/display.o
 .group         0x00000000        0xc ./source/display.o
 .group         0x00000000        0xc ./source/display.o
 .group         0x00000000        0xc ./source/display.o
 .group         0x00000000        0xc ./source/display.o
 .group         0x00000000        0xc ./source/display.o
 .group         0x00000000        0xc ./source/display.o
 .group         0x00000000        0xc ./source/display.o
 .group         0x00000000        0xc ./source/display.o
 .group         0x00000000        0xc ./source/display.o
 .group         0x00000000        0xc ./source/display.o
 .group         0x00000000        0xc ./source/display.o
 .group         0x00000000        0xc ./source/display.o
 .group         0x00000000        0xc ./source/display.o
 .group         0x00000000        0xc ./source/display.o
 .text          0x00000000        0x0 ./source/display.o
 .data          0x00000000        0x0 ./source/display.o
 .bss           0x00000000        0x0 ./source/display.o
 .text.setClearMode
                0x00000000       0x38 ./source/display.o
 .text.setScrollMode
                0x00000000       0x40 ./source/display.o
 .text.setStaticMode
                0x00000000       0x38 ./source/display.o
 .text.setBufferIndex
                0x00000000       0x28 ./source/display.o
 .text.setBrightness
                0x00000000       0x44 ./source/display.o
 .text.upBrightness
                0x00000000       0x1c ./source/display.o
 .text.downBrightness
                0x00000000       0x1c ./source/display.o
 .debug_macro   0x00000000      0xa5a ./source/display.o
 .debug_macro   0x00000000      0x34e ./source/display.o
 .debug_macro   0x00000000       0x22 ./source/display.o
 .debug_macro   0x00000000       0x3a ./source/display.o
 .debug_macro   0x00000000       0xac ./source/display.o
 .debug_macro   0x00000000       0x17 ./source/display.o
 .debug_macro   0x00000000       0x22 ./source/display.o
 .debug_macro   0x00000000       0x52 ./source/display.o
 .debug_macro   0x00000000       0x8d ./source/display.o
 .debug_macro   0x00000000       0x35 ./source/display.o
 .debug_macro   0x00000000       0x9c ./source/display.o
 .debug_macro   0x00000000       0x16 ./source/display.o
 .debug_macro   0x00000000      0x10e ./source/display.o
 .debug_macro   0x00000000       0x8d ./source/display.o
 .debug_macro   0x00000000       0x57 ./source/display.o
 .debug_macro   0x00000000       0x58 ./source/display.o
 .debug_macro   0x00000000       0x1f ./source/display.o
 .debug_macro   0x00000000       0x43 ./source/display.o
 .debug_macro   0x00000000       0x20 ./source/display.o
 .debug_macro   0x00000000      0x18e ./source/display.o
 .debug_macro   0x00000000      0x330 ./source/display.o
 .debug_macro   0x00000000       0x16 ./source/display.o
 .debug_macro   0x00000000       0x29 ./source/display.o
 .debug_macro   0x00000000       0x1c ./source/display.o
 .group         0x00000000        0xc ./source/encoder.o
 .group         0x00000000        0xc ./source/encoder.o
 .group         0x00000000        0xc ./source/encoder.o
 .group         0x00000000        0xc ./source/encoder.o
 .group         0x00000000        0xc ./source/encoder.o
 .group         0x00000000        0xc ./source/encoder.o
 .group         0x00000000        0xc ./source/encoder.o
 .group         0x00000000        0xc ./source/encoder.o
 .group         0x00000000        0xc ./source/encoder.o
 .group         0x00000000        0xc ./source/encoder.o
 .group         0x00000000        0xc ./source/encoder.o
 .group         0x00000000        0xc ./source/encoder.o
 .group         0x00000000        0xc ./source/encoder.o
 .group         0x00000000        0xc ./source/encoder.o
 .group         0x00000000        0xc ./source/encoder.o
 .group         0x00000000        0xc ./source/encoder.o
 .group         0x00000000        0xc ./source/encoder.o
 .group         0x00000000        0xc ./source/encoder.o
 .group         0x00000000        0xc ./source/encoder.o
 .group         0x00000000        0xc ./source/encoder.o
 .group         0x00000000        0xc ./source/encoder.o
 .group         0x00000000        0xc ./source/encoder.o
 .group         0x00000000        0xc ./source/encoder.o
 .group         0x00000000        0xc ./source/encoder.o
 .text          0x00000000        0x0 ./source/encoder.o
 .data          0x00000000        0x0 ./source/encoder.o
 .bss           0x00000000        0x0 ./source/encoder.o
 .debug_macro   0x00000000      0xa5a ./source/encoder.o
 .debug_macro   0x00000000      0x34e ./source/encoder.o
 .debug_macro   0x00000000       0x22 ./source/encoder.o
 .debug_macro   0x00000000       0x3a ./source/encoder.o
 .debug_macro   0x00000000       0x76 ./source/encoder.o
 .debug_macro   0x00000000       0x17 ./source/encoder.o
 .debug_macro   0x00000000       0x22 ./source/encoder.o
 .debug_macro   0x00000000       0x52 ./source/encoder.o
 .debug_macro   0x00000000       0x8d ./source/encoder.o
 .debug_macro   0x00000000       0x35 ./source/encoder.o
 .debug_macro   0x00000000       0x9c ./source/encoder.o
 .debug_macro   0x00000000       0x16 ./source/encoder.o
 .debug_macro   0x00000000      0x10e ./source/encoder.o
 .debug_macro   0x00000000       0x8d ./source/encoder.o
 .debug_macro   0x00000000       0x57 ./source/encoder.o
 .debug_macro   0x00000000       0x58 ./source/encoder.o
 .debug_macro   0x00000000       0x1f ./source/encoder.o
 .debug_macro   0x00000000       0x43 ./source/encoder.o
 .debug_macro   0x00000000       0x20 ./source/encoder.o
 .debug_macro   0x00000000      0x18e ./source/encoder.o
 .debug_macro   0x00000000      0x330 ./source/encoder.o
 .debug_macro   0x00000000       0x16 ./source/encoder.o
 .debug_macro   0x00000000       0x29 ./source/encoder.o
 .debug_macro   0x00000000       0x1c ./source/encoder.o
 .group         0x00000000        0xc ./source/gpio.o
 .group         0x00000000        0xc ./source/gpio.o
 .group         0x00000000        0xc ./source/gpio.o
 .group         0x00000000        0xc ./source/gpio.o
 .group         0x00000000        0xc ./source/gpio.o
 .group         0x00000000        0xc ./source/gpio.o
 .group         0x00000000        0xc ./source/gpio.o
 .group         0x00000000        0xc ./source/gpio.o
 .group         0x00000000        0xc ./source/gpio.o
 .group         0x00000000        0xc ./source/gpio.o
 .group         0x00000000        0xc ./source/gpio.o
 .group         0x00000000        0xc ./source/gpio.o
 .group         0x00000000        0xc ./source/gpio.o
 .group         0x00000000        0xc ./source/gpio.o
 .text          0x00000000        0x0 ./source/gpio.o
 .data          0x00000000        0x0 ./source/gpio.o
 .bss           0x00000000        0x0 ./source/gpio.o
 .text.gpioToggle
                0x00000000       0x44 ./source/gpio.o
 .debug_macro   0x00000000      0xa5a ./source/gpio.o
 .debug_macro   0x00000000       0x5c ./source/gpio.o
 .debug_macro   0x00000000      0x34e ./source/gpio.o
 .debug_macro   0x00000000       0x1c ./source/gpio.o
 .debug_macro   0x00000000       0x22 ./source/gpio.o
 .debug_macro   0x00000000       0xdf ./source/gpio.o
 .debug_macro   0x00000000      0xecf ./source/gpio.o
 .debug_macro   0x00000000       0x48 ./source/gpio.o
 .debug_macro   0x00000000     0xe07b ./source/gpio.o
 .debug_macro   0x00000000       0x22 ./source/gpio.o
 .debug_macro   0x00000000       0x10 ./source/gpio.o
 .debug_macro   0x00000000     0x122b ./source/gpio.o
 .debug_macro   0x00000000       0x16 ./source/gpio.o
 .group         0x00000000        0xc ./source/leds.o
 .group         0x00000000        0xc ./source/leds.o
 .group         0x00000000        0xc ./source/leds.o
 .group         0x00000000        0xc ./source/leds.o
 .group         0x00000000        0xc ./source/leds.o
 .group         0x00000000        0xc ./source/leds.o
 .group         0x00000000        0xc ./source/leds.o
 .group         0x00000000        0xc ./source/leds.o
 .group         0x00000000        0xc ./source/leds.o
 .group         0x00000000        0xc ./source/leds.o
 .group         0x00000000        0xc ./source/leds.o
 .group         0x00000000        0xc ./source/leds.o
 .group         0x00000000        0xc ./source/leds.o
 .group         0x00000000        0xc ./source/leds.o
 .group         0x00000000        0xc ./source/leds.o
 .group         0x00000000        0xc ./source/leds.o
 .group         0x00000000        0xc ./source/leds.o
 .group         0x00000000        0xc ./source/leds.o
 .group         0x00000000        0xc ./source/leds.o
 .group         0x00000000        0xc ./source/leds.o
 .group         0x00000000        0xc ./source/leds.o
 .group         0x00000000        0xc ./source/leds.o
 .group         0x00000000        0xc ./source/leds.o
 .group         0x00000000        0xc ./source/leds.o
 .text          0x00000000        0x0 ./source/leds.o
 .data          0x00000000        0x0 ./source/leds.o
 .bss           0x00000000        0x0 ./source/leds.o
 .text.toggle_led
                0x00000000       0x40 ./source/leds.o
 .debug_macro   0x00000000      0xa5a ./source/leds.o
 .debug_macro   0x00000000      0x34e ./source/leds.o
 .debug_macro   0x00000000       0x22 ./source/leds.o
 .debug_macro   0x00000000       0x3a ./source/leds.o
 .debug_macro   0x00000000       0x17 ./source/leds.o
 .debug_macro   0x00000000       0x22 ./source/leds.o
 .debug_macro   0x00000000       0x52 ./source/leds.o
 .debug_macro   0x00000000       0x8d ./source/leds.o
 .debug_macro   0x00000000       0x35 ./source/leds.o
 .debug_macro   0x00000000       0x9c ./source/leds.o
 .debug_macro   0x00000000       0x16 ./source/leds.o
 .debug_macro   0x00000000      0x10e ./source/leds.o
 .debug_macro   0x00000000       0x8d ./source/leds.o
 .debug_macro   0x00000000       0x57 ./source/leds.o
 .debug_macro   0x00000000       0x58 ./source/leds.o
 .debug_macro   0x00000000       0x1f ./source/leds.o
 .debug_macro   0x00000000       0x43 ./source/leds.o
 .debug_macro   0x00000000       0x20 ./source/leds.o
 .debug_macro   0x00000000      0x18e ./source/leds.o
 .debug_macro   0x00000000      0x330 ./source/leds.o
 .debug_macro   0x00000000       0x16 ./source/leds.o
 .debug_macro   0x00000000       0x29 ./source/leds.o
 .debug_macro   0x00000000       0x1c ./source/leds.o
 .debug_macro   0x00000000       0x7c ./source/leds.o
 .group         0x00000000        0xc ./source/timer.o
 .group         0x00000000        0xc ./source/timer.o
 .group         0x00000000        0xc ./source/timer.o
 .group         0x00000000        0xc ./source/timer.o
 .group         0x00000000        0xc ./source/timer.o
 .group         0x00000000        0xc ./source/timer.o
 .group         0x00000000        0xc ./source/timer.o
 .group         0x00000000        0xc ./source/timer.o
 .group         0x00000000        0xc ./source/timer.o
 .group         0x00000000        0xc ./source/timer.o
 .group         0x00000000        0xc ./source/timer.o
 .group         0x00000000        0xc ./source/timer.o
 .group         0x00000000        0xc ./source/timer.o
 .group         0x00000000        0xc ./source/timer.o
 .group         0x00000000        0xc ./source/timer.o
 .group         0x00000000        0xc ./source/timer.o
 .group         0x00000000        0xc ./source/timer.o
 .group         0x00000000        0xc ./source/timer.o
 .group         0x00000000        0xc ./source/timer.o
 .group         0x00000000        0xc ./source/timer.o
 .group         0x00000000        0xc ./source/timer.o
 .group         0x00000000        0xc ./source/timer.o
 .group         0x00000000        0xc ./source/timer.o
 .text          0x00000000        0x0 ./source/timer.o
 .data          0x00000000        0x0 ./source/timer.o
 .bss           0x00000000        0x0 ./source/timer.o
 .text.timerStop
                0x00000000       0x44 ./source/timer.o
 .text.timerPlay
                0x00000000       0x30 ./source/timer.o
 .text.timerChangePeriod
                0x00000000       0x74 ./source/timer.o
 .text.timerChangeCallback
                0x00000000       0x7c ./source/timer.o
 .text.timerExpired
                0x00000000       0x4c ./source/timer.o
 .text.timerDelay
                0x00000000       0x30 ./source/timer.o
 .debug_macro   0x00000000      0xa5a ./source/timer.o
 .debug_macro   0x00000000      0x34e ./source/timer.o
 .debug_macro   0x00000000       0x22 ./source/timer.o
 .debug_macro   0x00000000       0x17 ./source/timer.o
 .debug_macro   0x00000000       0x22 ./source/timer.o
 .debug_macro   0x00000000       0x52 ./source/timer.o
 .debug_macro   0x00000000       0x8d ./source/timer.o
 .debug_macro   0x00000000       0x35 ./source/timer.o
 .debug_macro   0x00000000       0x9c ./source/timer.o
 .debug_macro   0x00000000       0x16 ./source/timer.o
 .debug_macro   0x00000000      0x10e ./source/timer.o
 .debug_macro   0x00000000       0x8d ./source/timer.o
 .debug_macro   0x00000000       0x57 ./source/timer.o
 .debug_macro   0x00000000       0x58 ./source/timer.o
 .debug_macro   0x00000000       0x1f ./source/timer.o
 .debug_macro   0x00000000       0x43 ./source/timer.o
 .debug_macro   0x00000000       0x20 ./source/timer.o
 .debug_macro   0x00000000      0x18e ./source/timer.o
 .debug_macro   0x00000000      0x330 ./source/timer.o
 .debug_macro   0x00000000       0x16 ./source/timer.o
 .debug_macro   0x00000000       0x29 ./source/timer.o
 .debug_macro   0x00000000       0x1c ./source/timer.o
 .group         0x00000000        0xc ./source/user.o
 .group         0x00000000        0xc ./source/user.o
 .group         0x00000000        0xc ./source/user.o
 .group         0x00000000        0xc ./source/user.o
 .group         0x00000000        0xc ./source/user.o
 .group         0x00000000        0xc ./source/user.o
 .group         0x00000000        0xc ./source/user.o
 .group         0x00000000        0xc ./source/user.o
 .group         0x00000000        0xc ./source/user.o
 .group         0x00000000        0xc ./source/user.o
 .group         0x00000000        0xc ./source/user.o
 .group         0x00000000        0xc ./source/user.o
 .group         0x00000000        0xc ./source/user.o
 .group         0x00000000        0xc ./source/user.o
 .group         0x00000000        0xc ./source/user.o
 .group         0x00000000        0xc ./source/user.o
 .group         0x00000000        0xc ./source/user.o
 .group         0x00000000        0xc ./source/user.o
 .group         0x00000000        0xc ./source/user.o
 .group         0x00000000        0xc ./source/user.o
 .group         0x00000000        0xc ./source/user.o
 .group         0x00000000        0xc ./source/user.o
 .group         0x00000000        0xc ./source/user.o
 .group         0x00000000        0xc ./source/user.o
 .group         0x00000000        0xc ./source/user.o
 .group         0x00000000        0xc ./source/user.o
 .group         0x00000000        0xc ./source/user.o
 .group         0x00000000        0xc ./source/user.o
 .group         0x00000000        0xc ./source/user.o
 .group         0x00000000        0xc ./source/user.o
 .group         0x00000000        0xc ./source/user.o
 .group         0x00000000        0xc ./source/user.o
 .group         0x00000000        0xc ./source/user.o
 .group         0x00000000        0xc ./source/user.o
 .text          0x00000000        0x0 ./source/user.o
 .data          0x00000000        0x0 ./source/user.o
 .bss           0x00000000        0x0 ./source/user.o
 .debug_macro   0x00000000      0xa5a ./source/user.o
 .debug_macro   0x00000000       0x22 ./source/user.o
 .debug_macro   0x00000000       0x52 ./source/user.o
 .debug_macro   0x00000000       0x17 ./source/user.o
 .debug_macro   0x00000000       0x8d ./source/user.o
 .debug_macro   0x00000000       0x35 ./source/user.o
 .debug_macro   0x00000000       0x9c ./source/user.o
 .debug_macro   0x00000000       0x16 ./source/user.o
 .debug_macro   0x00000000       0x57 ./source/user.o
 .debug_macro   0x00000000       0x97 ./source/user.o
 .debug_macro   0x00000000      0x330 ./source/user.o
 .debug_macro   0x00000000       0xfd ./source/user.o
 .debug_macro   0x00000000       0x10 ./source/user.o
 .debug_macro   0x00000000       0x58 ./source/user.o
 .debug_macro   0x00000000       0x1f ./source/user.o
 .debug_macro   0x00000000       0x43 ./source/user.o
 .debug_macro   0x00000000       0x20 ./source/user.o
 .debug_macro   0x00000000      0x18e ./source/user.o
 .debug_macro   0x00000000       0x10 ./source/user.o
 .debug_macro   0x00000000       0x6a ./source/user.o
 .debug_macro   0x00000000       0x1c ./source/user.o
 .debug_macro   0x00000000       0x52 ./source/user.o
 .debug_macro   0x00000000       0x40 ./source/user.o
 .debug_macro   0x00000000       0x10 ./source/user.o
 .debug_macro   0x00000000       0x40 ./source/user.o
 .debug_macro   0x00000000       0xd7 ./source/user.o
 .debug_macro   0x00000000       0x1c ./source/user.o
 .debug_macro   0x00000000       0x3d ./source/user.o
 .debug_macro   0x00000000       0x16 ./source/user.o
 .debug_macro   0x00000000      0x16f ./source/user.o
 .debug_macro   0x00000000       0x16 ./source/user.o
 .debug_macro   0x00000000       0x35 ./source/user.o
 .debug_macro   0x00000000       0x22 ./source/user.o
 .group         0x00000000        0xc ./SDK/startup/hardware.o
 .group         0x00000000        0xc ./SDK/startup/hardware.o
 .group         0x00000000        0xc ./SDK/startup/hardware.o
 .group         0x00000000        0xc ./SDK/startup/hardware.o
 .group         0x00000000        0xc ./SDK/startup/hardware.o
 .group         0x00000000        0xc ./SDK/startup/hardware.o
 .group         0x00000000        0xc ./SDK/startup/hardware.o
 .group         0x00000000        0xc ./SDK/startup/hardware.o
 .group         0x00000000        0xc ./SDK/startup/hardware.o
 .group         0x00000000        0xc ./SDK/startup/hardware.o
 .group         0x00000000        0xc ./SDK/startup/hardware.o
 .group         0x00000000        0xc ./SDK/startup/hardware.o
 .group         0x00000000        0xc ./SDK/startup/hardware.o
 .text          0x00000000        0x0 ./SDK/startup/hardware.o
 .data          0x00000000        0x0 ./SDK/startup/hardware.o
 .bss           0x00000000        0x0 ./SDK/startup/hardware.o
 .debug_macro   0x00000000      0xa5a ./SDK/startup/hardware.o
 .debug_macro   0x00000000      0x34e ./SDK/startup/hardware.o
 .debug_macro   0x00000000       0x22 ./SDK/startup/hardware.o
 .debug_macro   0x00000000       0x10 ./SDK/startup/hardware.o
 .debug_macro   0x00000000       0x5c ./SDK/startup/hardware.o
 .debug_macro   0x00000000       0x1c ./SDK/startup/hardware.o
 .debug_macro   0x00000000       0x22 ./SDK/startup/hardware.o
 .debug_macro   0x00000000       0xdf ./SDK/startup/hardware.o
 .debug_macro   0x00000000      0xecf ./SDK/startup/hardware.o
 .debug_macro   0x00000000       0x48 ./SDK/startup/hardware.o
 .debug_macro   0x00000000     0xe07b ./SDK/startup/hardware.o
 .debug_macro   0x00000000     0x122b ./SDK/startup/hardware.o
 .debug_macro   0x00000000       0x16 ./SDK/startup/hardware.o
 .group         0x00000000        0xc ./SDK/startup/main.o
 .group         0x00000000        0xc ./SDK/startup/main.o
 .group         0x00000000        0xc ./SDK/startup/main.o
 .group         0x00000000        0xc ./SDK/startup/main.o
 .group         0x00000000        0xc ./SDK/startup/main.o
 .group         0x00000000        0xc ./SDK/startup/main.o
 .group         0x00000000        0xc ./SDK/startup/main.o
 .group         0x00000000        0xc ./SDK/startup/main.o
 .group         0x00000000        0xc ./SDK/startup/main.o
 .group         0x00000000        0xc ./SDK/startup/main.o
 .group         0x00000000        0xc ./SDK/startup/main.o
 .group         0x00000000        0xc ./SDK/startup/main.o
 .group         0x00000000        0xc ./SDK/startup/main.o
 .text          0x00000000        0x0 ./SDK/startup/main.o
 .data          0x00000000        0x0 ./SDK/startup/main.o
 .bss           0x00000000        0x0 ./SDK/startup/main.o
 .debug_macro   0x00000000      0xa5a ./SDK/startup/main.o
 .debug_macro   0x00000000      0x34e ./SDK/startup/main.o
 .debug_macro   0x00000000       0x22 ./SDK/startup/main.o
 .debug_macro   0x00000000       0x10 ./SDK/startup/main.o
 .debug_macro   0x00000000       0x5c ./SDK/startup/main.o
 .debug_macro   0x00000000       0x1c ./SDK/startup/main.o
 .debug_macro   0x00000000       0x22 ./SDK/startup/main.o
 .debug_macro   0x00000000       0xdf ./SDK/startup/main.o
 .debug_macro   0x00000000      0xecf ./SDK/startup/main.o
 .debug_macro   0x00000000       0x48 ./SDK/startup/main.o
 .debug_macro   0x00000000     0xe07b ./SDK/startup/main.o
 .debug_macro   0x00000000     0x122b ./SDK/startup/main.o
 .debug_macro   0x00000000       0x16 ./SDK/startup/main.o
 .group         0x00000000        0xc ./SDK/startup/semihost_hardfault.o
 .text          0x00000000        0x0 ./SDK/startup/semihost_hardfault.o
 .data          0x00000000        0x0 ./SDK/startup/semihost_hardfault.o
 .bss           0x00000000        0x0 ./SDK/startup/semihost_hardfault.o
 .debug_macro   0x00000000      0xa5a ./SDK/startup/semihost_hardfault.o
 .group         0x00000000        0xc ./SDK/startup/startup_mk64f12.o
 .text          0x00000000        0x0 ./SDK/startup/startup_mk64f12.o
 .data          0x00000000        0x0 ./SDK/startup/startup_mk64f12.o
 .bss           0x00000000        0x0 ./SDK/startup/startup_mk64f12.o
 .text.PORTA_IRQHandler
                0x00000000        0x8 ./SDK/startup/startup_mk64f12.o
 .text.PORTB_IRQHandler
                0x00000000        0x8 ./SDK/startup/startup_mk64f12.o
 .text.PORTC_IRQHandler
                0x00000000        0x8 ./SDK/startup/startup_mk64f12.o
 .text.PORTD_IRQHandler
                0x00000000        0x8 ./SDK/startup/startup_mk64f12.o
 .text.PORTE_IRQHandler
                0x00000000        0x8 ./SDK/startup/startup_mk64f12.o
 .debug_macro   0x00000000      0xa5a ./SDK/startup/startup_mk64f12.o
 .group         0x00000000        0xc ./SDK/CMSIS/system_MK64F12.o
 .group         0x00000000        0xc ./SDK/CMSIS/system_MK64F12.o
 .group         0x00000000        0xc ./SDK/CMSIS/system_MK64F12.o
 .group         0x00000000        0xc ./SDK/CMSIS/system_MK64F12.o
 .group         0x00000000        0xc ./SDK/CMSIS/system_MK64F12.o
 .group         0x00000000        0xc ./SDK/CMSIS/system_MK64F12.o
 .group         0x00000000        0xc ./SDK/CMSIS/system_MK64F12.o
 .group         0x00000000        0xc ./SDK/CMSIS/system_MK64F12.o
 .group         0x00000000        0xc ./SDK/CMSIS/system_MK64F12.o
 .group         0x00000000        0xc ./SDK/CMSIS/system_MK64F12.o
 .group         0x00000000        0xc ./SDK/CMSIS/system_MK64F12.o
 .text          0x00000000        0x0 ./SDK/CMSIS/system_MK64F12.o
 .data          0x00000000        0x0 ./SDK/CMSIS/system_MK64F12.o
 .bss           0x00000000        0x0 ./SDK/CMSIS/system_MK64F12.o
 .data.SystemCoreClock
                0x00000000        0x4 ./SDK/CMSIS/system_MK64F12.o
 .text.SystemCoreClockUpdate
                0x00000000      0x278 ./SDK/CMSIS/system_MK64F12.o
 .debug_macro   0x00000000      0xa5a ./SDK/CMSIS/system_MK64F12.o
 .debug_macro   0x00000000      0x34e ./SDK/CMSIS/system_MK64F12.o
 .debug_macro   0x00000000       0x10 ./SDK/CMSIS/system_MK64F12.o
 .debug_macro   0x00000000       0x5c ./SDK/CMSIS/system_MK64F12.o
 .debug_macro   0x00000000       0x1c ./SDK/CMSIS/system_MK64F12.o
 .debug_macro   0x00000000       0x22 ./SDK/CMSIS/system_MK64F12.o
 .debug_macro   0x00000000       0xdf ./SDK/CMSIS/system_MK64F12.o
 .debug_macro   0x00000000      0xecf ./SDK/CMSIS/system_MK64F12.o
 .debug_macro   0x00000000       0x48 ./SDK/CMSIS/system_MK64F12.o
 .debug_macro   0x00000000     0xe07b ./SDK/CMSIS/system_MK64F12.o
 .debug_macro   0x00000000     0x122b ./SDK/CMSIS/system_MK64F12.o

Memory Configuration

Name             Origin             Length             Attributes
PROGRAM_FLASH    0x00000000         0x00100000         xr
SRAM_UPPER       0x20000000         0x00030000         xrw
SRAM_LOWER       0x1fff0000         0x00010000         xrw
FLEX_RAM         0x14000000         0x00001000         xrw
*default*        0x00000000         0xffffffff

Linker script and memory map

LOAD ./source/App.o
LOAD ./source/SysTick.o
LOAD ./source/button.o
LOAD ./source/card_reader.o
LOAD ./source/display.o
LOAD ./source/encoder.o
LOAD ./source/gpio.o
LOAD ./source/leds.o
LOAD ./source/timer.o
LOAD ./source/user.o
LOAD ./SDK/startup/hardware.o
LOAD ./SDK/startup/main.o
LOAD ./SDK/startup/semihost_hardfault.o
LOAD ./SDK/startup/startup_mk64f12.o
LOAD ./SDK/CMSIS/system_MK64F12.o
START GROUP
LOAD c:/nxp/mcuxpressoide_10.2.0_759/ide/tools/bin/../lib/gcc/arm-none-eabi/7.2.1/../../../../arm-none-eabi/lib/thumb/v7e-m/fpv4-sp/hard\libcr_c.a
LOAD c:/nxp/mcuxpressoide_10.2.0_759/ide/tools/bin/../lib/gcc/arm-none-eabi/7.2.1/thumb/v7e-m/fpv4-sp/hard\libcr_eabihelpers.a
END GROUP
                0x00000000                __base_PROGRAM_FLASH = 0x0
                0x00000000                __base_Flash = 0x0
                0x00100000                __top_PROGRAM_FLASH = 0x100000
                0x00100000                __top_Flash = 0x100000
                0x20000000                __base_SRAM_UPPER = 0x20000000
                0x20000000                __base_RAM = 0x20000000
                0x20030000                __top_SRAM_UPPER = 0x20030000
                0x20030000                __top_RAM = 0x20030000
                0x1fff0000                __base_SRAM_LOWER = 0x1fff0000
                0x1fff0000                __base_RAM2 = 0x1fff0000
                0x20000000                __top_SRAM_LOWER = 0x20000000
                0x20000000                __top_RAM2 = 0x20000000
                0x14000000                __base_FLEX_RAM = 0x14000000
                0x14000000                __base_RAM3 = 0x14000000
                0x14001000                __top_FLEX_RAM = 0x14001000
                0x14001000                __top_RAM3 = 0x14001000

.text           0x00000000     0x29d0
 FILL mask 0xff
                0x00000000                __vectors_start__ = ABSOLUTE (.)
 *(SORT_BY_ALIGNMENT(.isr_vector))
 .isr_vector    0x00000000      0x198 ./SDK/startup/startup_mk64f12.o
                0x00000000                g_pfnVectors
                0x00000000                __Vectors
                0x00000198                . = ALIGN (0x4)
                0x00000198                __section_table_start = .
                0x00000198                __data_section_table = .
                0x00000198        0x4 LONG 0x29d0 LOADADDR (.data)
                0x0000019c        0x4 LONG 0x20000000 ADDR (.data)
                0x000001a0        0x4 LONG 0x70 SIZEOF (.data)
                0x000001a4        0x4 LONG 0x29d0 LOADADDR (.data_RAM2)
                0x000001a8        0x4 LONG 0x1fff0000 ADDR (.data_RAM2)
                0x000001ac        0x4 LONG 0x0 SIZEOF (.data_RAM2)
                0x000001b0        0x4 LONG 0x29d0 LOADADDR (.data_RAM3)
                0x000001b4        0x4 LONG 0x14000000 ADDR (.data_RAM3)
                0x000001b8        0x4 LONG 0x0 SIZEOF (.data_RAM3)
                0x000001bc                __data_section_table_end = .
                0x000001bc                __bss_section_table = .
                0x000001bc        0x4 LONG 0x20000070 ADDR (.bss)
                0x000001c0        0x4 LONG 0x418 SIZEOF (.bss)
                0x000001c4        0x4 LONG 0x1fff0000 ADDR (.bss_RAM2)
                0x000001c8        0x4 LONG 0x0 SIZEOF (.bss_RAM2)
                0x000001cc        0x4 LONG 0x14000000 ADDR (.bss_RAM3)
                0x000001d0        0x4 LONG 0x0 SIZEOF (.bss_RAM3)
                0x000001d4                __bss_section_table_end = .
                0x000001d4                __section_table_end = .
 *(SORT_BY_ALIGNMENT(.after_vectors*))
 .after_vectors.reset
                0x000001d4       0x4c ./SDK/startup/startup_mk64f12.o
                0x000001d4                ResetISR
 .after_vectors.init_data
                0x00000220       0x1e ./SDK/startup/startup_mk64f12.o
                0x00000220                data_init
 .after_vectors.init_bss
                0x0000023e       0x12 ./SDK/startup/startup_mk64f12.o
                0x0000023e                bss_init
 .after_vectors
                0x00000250       0x14 ./SDK/startup/startup_mk64f12.o
                0x00000250                NMI_Handler
                0x00000254                MemManage_Handler
                0x00000256                BusFault_Handler
                0x00000258                UsageFault_Handler
                0x0000025a                SVC_Handler
                0x0000025c                DebugMon_Handler
                0x0000025e                PendSV_Handler
                0x00000262                DMA_Error_DriverIRQHandler
                0x00000262                LPTMR0_DriverIRQHandler
                0x00000262                FTM1_DriverIRQHandler
                0x00000262                FTM2_DriverIRQHandler
                0x00000262                PIT2_DriverIRQHandler
                0x00000262                SDHC_DriverIRQHandler
                0x00000262                I2S0_Tx_DriverIRQHandler
                0x00000262                RTC_Seconds_DriverIRQHandler
                0x00000262                DMA6_DriverIRQHandler
                0x00000262                LLWU_DriverIRQHandler
                0x00000262                MCM_DriverIRQHandler
                0x00000262                MCG_DriverIRQHandler
                0x00000262                ENET_1588_Timer_DriverIRQHandler
                0x00000262                I2C2_DriverIRQHandler
                0x00000262                DAC1_DriverIRQHandler
                0x00000262                SPI1_DriverIRQHandler
                0x00000262                CMP1_DriverIRQHandler
                0x00000262                UART5_RX_TX_DriverIRQHandler
                0x00000262                FTM0_DriverIRQHandler
                0x00000262                IntDefaultHandler
                0x00000262                USB0_DriverIRQHandler
                0x00000262                UART5_ERR_DriverIRQHandler
                0x00000262                PORTC_DriverIRQHandler
                0x00000262                DMA11_DriverIRQHandler
                0x00000262                DAC0_DriverIRQHandler
                0x00000262                DMA10_DriverIRQHandler
                0x00000262                CMP2_DriverIRQHandler
                0x00000262                UART2_ERR_DriverIRQHandler
                0x00000262                SPI2_DriverIRQHandler
                0x00000262                LVD_LVW_DriverIRQHandler
                0x00000262                PIT0_DriverIRQHandler
                0x00000262                RNG_DriverIRQHandler
                0x00000262                DMA5_DriverIRQHandler
                0x00000262                DMA12_DriverIRQHandler
                0x00000262                UART2_RX_TX_DriverIRQHandler
                0x00000262                USBDCD_DriverIRQHandler
                0x00000262                UART3_ERR_DriverIRQHandler
                0x00000262                DMA3_DriverIRQHandler
                0x00000262                DMA8_DriverIRQHandler
                0x00000262                DMA9_DriverIRQHandler
                0x00000262                UART0_ERR_DriverIRQHandler
                0x00000262                CMT_DriverIRQHandler
                0x00000262                Reserved71_DriverIRQHandler
                0x00000262                ADC1_DriverIRQHandler
                0x00000262                PORTA_DriverIRQHandler
                0x00000262                DMA14_DriverIRQHandler
                0x00000262                PIT3_DriverIRQHandler
                0x00000262                PIT1_DriverIRQHandler
                0x00000262                WDOG_EWM_DriverIRQHandler
                0x00000262                PDB0_DriverIRQHandler
                0x00000262                RTC_DriverIRQHandler
                0x00000262                I2S0_Rx_DriverIRQHandler
                0x00000262                Read_Collision_DriverIRQHandler
                0x00000262                SWI_DriverIRQHandler
                0x00000262                UART4_RX_TX_DriverIRQHandler
                0x00000262                UART4_ERR_DriverIRQHandler
                0x00000262                PORTB_DriverIRQHandler
                0x00000262                UART0_LON_DriverIRQHandler
                0x00000262                DMA0_DriverIRQHandler
                0x00000262                DMA1_DriverIRQHandler
                0x00000262                I2C1_DriverIRQHandler
                0x00000262                UART3_RX_TX_DriverIRQHandler
                0x00000262                ENET_Receive_DriverIRQHandler
                0x00000262                DMA13_DriverIRQHandler
                0x00000262                ENET_Error_DriverIRQHandler
                0x00000262                DMA15_DriverIRQHandler
                0x00000262                UART0_RX_TX_DriverIRQHandler
                0x00000262                SPI0_DriverIRQHandler
                0x00000262                ADC0_DriverIRQHandler
                0x00000262                CMP0_DriverIRQHandler
                0x00000262                CAN0_DriverIRQHandler
                0x00000262                FTM3_DriverIRQHandler
                0x00000262                DMA4_DriverIRQHandler
                0x00000262                UART1_ERR_DriverIRQHandler
                0x00000262                DMA2_DriverIRQHandler
                0x00000262                ENET_Transmit_DriverIRQHandler
                0x00000262                PORTD_DriverIRQHandler
                0x00000262                PORTE_DriverIRQHandler
                0x00000262                FTFE_DriverIRQHandler
                0x00000262                I2C0_DriverIRQHandler
                0x00000262                DMA7_DriverIRQHandler
                0x00000262                UART1_RX_TX_DriverIRQHandler
                0x00000400                . = 0x400
 *fill*         0x00000264      0x19c ff
                0x00000400                PROVIDE (__FLASH_CONFIG_START__, .)
 *(SORT_BY_ALIGNMENT(.FlashConfig))
 .FlashConfig   0x00000400       0x10 ./SDK/startup/startup_mk64f12.o
                0x00000400                Flash_Config
                0x00000410                PROVIDE (__FLASH_CONFIG_END__, .)
                0x00000001                ASSERT (! ((__FLASH_CONFIG_START__ == __FLASH_CONFIG_END__)), Linker Flash Config Support Enabled, but no .FlashConfig section provided within application)
 *(SORT_BY_ALIGNMENT(.text*))
 .text.App_Run  0x00000410       0xc8 ./source/App.o
                0x00000410                App_Run
 .text.modificar_id
                0x000004d8      0x1b8 ./source/App.o
 .text.modificar_pass
                0x00000690      0x21c ./source/App.o
 .text.modificar_brillo
                0x000008ac       0x40 ./source/App.o
 .text.verificar_estado
                0x000008ec       0x98 ./source/App.o
 .text.reset_all
                0x00000984       0x90 ./source/App.o
 .text.SysTick_Init
                0x00000a14       0x40 ./source/SysTick.o
                0x00000a14                SysTick_Init
 .text.SysTick_Handler
                0x00000a54       0x24 ./source/SysTick.o
                0x00000a54                SysTick_Handler
 .text.initButton
                0x00000a78       0x54 ./source/button.o
                0x00000a78                initButton
 .text.buttonGetStatus
                0x00000acc       0x28 ./source/button.o
                0x00000acc                buttonGetStatus
 .text.buttonGetEvent
                0x00000af4       0x18 ./source/button.o
                0x00000af4                buttonGetEvent
 .text.buttonSetStatus
                0x00000b0c       0x24 ./source/button.o
                0x00000b0c                buttonSetStatus
 .text.event_coming
                0x00000b30       0xb4 ./source/button.o
 .text.callback_button
                0x00000be4       0x38 ./source/button.o
 .text.callback_click
                0x00000c1c       0x84 ./source/button.o
 .text.get_current_values
                0x00000ca0       0x1c ./source/button.o
 .text.CardReaderIsReady
                0x00000cbc       0x28 ./source/card_reader.o
                0x00000cbc                CardReaderIsReady
 .text.readCard
                0x00000ce4       0xb4 ./source/card_reader.o
                0x00000ce4                readCard
 .text.initCardReader
                0x00000d98       0xa0 ./source/card_reader.o
                0x00000d98                initCardReader
 .text.irq_clk_falling_edge
                0x00000e38       0x18 ./source/card_reader.o
 .text.pin2data
                0x00000e50      0x108 ./source/card_reader.o
 .text.validateParity
                0x00000f58       0x80 ./source/card_reader.o
                0x00000f58                validateParity
 .text.validateChar
                0x00000fd8       0x68 ./source/card_reader.o
                0x00000fd8                validateChar
 .text.add2track
                0x00001040      0x144 ./source/card_reader.o
                0x00001040                add2track
 .text.add2ID   0x00001184       0x3c ./source/card_reader.o
                0x00001184                add2ID
 .text.validate_LRC
                0x000011c0       0x80 ./source/card_reader.o
                0x000011c0                validate_LRC
 .text.initDisplay
                0x00001240       0xd0 ./source/display.o
                0x00001240                initDisplay
 .text.setBlinkMode
                0x00001310       0x4c ./source/display.o
                0x00001310                setBlinkMode
 .text.loadBuffer
                0x0000135c       0x38 ./source/display.o
                0x0000135c                loadBuffer
 .text.showLastDigits
                0x00001394       0x28 ./source/display.o
                0x00001394                showLastDigits
 .text.setBlinkingDigits
                0x000013bc       0x38 ./source/display.o
                0x000013bc                setBlinkingDigits
 .text.refresh_display
                0x000013f4       0x68 ./source/display.o
 .text.clear_display
                0x0000145c       0x18 ./source/display.o
 .text.set_digit
                0x00001474       0x8c ./source/display.o
 .text.set_buffer
                0x00001500       0x4c ./source/display.o
 .text.auto_set_buffer_index
                0x0000154c       0x34 ./source/display.o
 .text.scroll_message
                0x00001580       0xc8 ./source/display.o
 .text.display_blink
                0x00001648       0x5c ./source/display.o
 .text.scroll_buffer
                0x000016a4       0x20 ./source/display.o
 .text.blink_digits
                0x000016c4       0x30 ./source/display.o
 .text.clear_buffer
                0x000016f4       0x40 ./source/display.o
 .text.initEncoder
                0x00001734       0x5c ./source/encoder.o
                0x00001734                initEncoder
 .text.encoderGetStatus
                0x00001790       0x28 ./source/encoder.o
                0x00001790                encoderGetStatus
 .text.encoderGetEvent
                0x000017b8       0x18 ./source/encoder.o
                0x000017b8                encoderGetEvent
 .text.encoderSetStatus
                0x000017d0       0x24 ./source/encoder.o
                0x000017d0                encoderSetStatus
 .text.event_coming
                0x000017f4      0x1f8 ./source/encoder.o
 .text.callback_encoder
                0x000019ec       0x40 ./source/encoder.o
                0x000019ec                callback_encoder
 .text.get_current_values
                0x00001a2c       0x2c ./source/encoder.o
 .text.__NVIC_EnableIRQ
                0x00001a58       0x3c ./source/gpio.o
 .text.__NVIC_DisableIRQ
                0x00001a94       0x44 ./source/gpio.o
 .text.gpioMode
                0x00001ad8      0x13c ./source/gpio.o
                0x00001ad8                gpioMode
 .text.gpioWrite
                0x00001c14       0x5c ./source/gpio.o
                0x00001c14                gpioWrite
 .text.gpioRead
                0x00001c70       0x58 ./source/gpio.o
                0x00001c70                gpioRead
 .text.gpioIRQ  0x00001cc8       0xbc ./source/gpio.o
                0x00001cc8                gpioIRQ
 .text.IRQHandler
                0x00001d84       0x74 ./source/gpio.o
 .text.initLeds
                0x00001df8       0x64 ./source/leds.o
                0x00001df8                initLeds
 .text.set_led  0x00001e5c       0x24 ./source/leds.o
                0x00001e5c                set_led
 .text.clear_led
                0x00001e80       0x24 ./source/leds.o
                0x00001e80                clear_led
 .text.callback_leds
                0x00001ea4       0x90 ./source/leds.o
 .text.timerInit
                0x00001f34       0x28 ./source/timer.o
                0x00001f34                timerInit
 .text.timerGetId
                0x00001f5c       0x2c ./source/timer.o
                0x00001f5c                timerGetId
 .text.timerStart
                0x00001f88       0xa4 ./source/timer.o
                0x00001f88                timerStart
 .text.timerRestart
                0x0000202c       0x6c ./source/timer.o
                0x0000202c                timerRestart
 .text.timerFinish
                0x00002098       0x5c ./source/timer.o
                0x00002098                timerFinish
 .text.timerReset
                0x000020f4       0x58 ./source/timer.o
                0x000020f4                timerReset
 .text.timerActivate
                0x0000214c       0x58 ./source/timer.o
                0x0000214c                timerActivate
 .text.timer_isr
                0x000021a4       0xec ./source/timer.o
                0x000021a4                timer_isr
 .text.checkUser
                0x00002290       0xb8 ./source/user.o
                0x00002290                checkUser
 .text.hw_Init  0x00002348      0x10c ./SDK/startup/hardware.o
                0x00002348                hw_Init
 .text.hw_EnableInterrupts
                0x00002454       0x30 ./SDK/startup/hardware.o
                0x00002454                hw_EnableInterrupts
 .text.hw_DisableInterrupts
                0x00002484       0x20 ./SDK/startup/hardware.o
                0x00002484                hw_DisableInterrupts
 .text.SystemInit
                0x000024a4       0x3c ./SDK/CMSIS/system_MK64F12.o
                0x000024a4                SystemInit
 .text.App_Init
                0x000024e0       0x1c ./source/App.o
                0x000024e0                App_Init
 .text.showMessage
                0x000024fc       0x54 ./source/App.o
 .text.irq_enable
                0x00002550        0xc ./source/card_reader.o
 .text.set_display
                0x0000255c       0x34 ./source/display.o
 .text.set_segment
                0x00002590       0x2e ./source/display.o
 .text.autoSetBufferIndex
                0x000025be        0xe ./source/display.o
 .text.PORTA_IRQHandler
                0x000025cc       0x1e ./source/gpio.o
                0x000025cc                PORTA_IRQHandler
 .text.PORTB_IRQHandler
                0x000025ea       0x1e ./source/gpio.o
                0x000025ea                PORTB_IRQHandler
 .text.PORTC_IRQHandler
                0x00002608       0x1e ./source/gpio.o
                0x00002608                PORTC_IRQHandler
 .text.PORTD_IRQHandler
                0x00002626       0x1e ./source/gpio.o
                0x00002626                PORTD_IRQHandler
 .text.PORTE_IRQHandler
                0x00002644       0x1e ./source/gpio.o
                0x00002644                PORTE_IRQHandler
 .text.timerCreate
                0x00002662       0x2e ./source/timer.o
                0x00002662                timerCreate
 .text.main     0x00002690       0x1a ./SDK/startup/main.o
                0x00002690                main
 .text.HardFault_Handler
                0x000026aa       0x2c ./SDK/startup/semihost_hardfault.o
                0x000026aa                HardFault_Handler
 .text.DMA0_IRQHandler
                0x000026d6        0x8 ./SDK/startup/startup_mk64f12.o
                0x000026d6                DMA0_IRQHandler
 .text.DMA1_IRQHandler
                0x000026de        0x8 ./SDK/startup/startup_mk64f12.o
                0x000026de                DMA1_IRQHandler
 .text.DMA2_IRQHandler
                0x000026e6        0x8 ./SDK/startup/startup_mk64f12.o
                0x000026e6                DMA2_IRQHandler
 .text.DMA3_IRQHandler
                0x000026ee        0x8 ./SDK/startup/startup_mk64f12.o
                0x000026ee                DMA3_IRQHandler
 .text.DMA4_IRQHandler
                0x000026f6        0x8 ./SDK/startup/startup_mk64f12.o
                0x000026f6                DMA4_IRQHandler
 .text.DMA5_IRQHandler
                0x000026fe        0x8 ./SDK/startup/startup_mk64f12.o
                0x000026fe                DMA5_IRQHandler
 .text.DMA6_IRQHandler
                0x00002706        0x8 ./SDK/startup/startup_mk64f12.o
                0x00002706                DMA6_IRQHandler
 .text.DMA7_IRQHandler
                0x0000270e        0x8 ./SDK/startup/startup_mk64f12.o
                0x0000270e                DMA7_IRQHandler
 .text.DMA8_IRQHandler
                0x00002716        0x8 ./SDK/startup/startup_mk64f12.o
                0x00002716                DMA8_IRQHandler
 .text.DMA9_IRQHandler
                0x0000271e        0x8 ./SDK/startup/startup_mk64f12.o
                0x0000271e                DMA9_IRQHandler
 .text.DMA10_IRQHandler
                0x00002726        0x8 ./SDK/startup/startup_mk64f12.o
                0x00002726                DMA10_IRQHandler
 .text.DMA11_IRQHandler
                0x0000272e        0x8 ./SDK/startup/startup_mk64f12.o
                0x0000272e                DMA11_IRQHandler
 .text.DMA12_IRQHandler
                0x00002736        0x8 ./SDK/startup/startup_mk64f12.o
                0x00002736                DMA12_IRQHandler
 .text.DMA13_IRQHandler
                0x0000273e        0x8 ./SDK/startup/startup_mk64f12.o
                0x0000273e                DMA13_IRQHandler
 .text.DMA14_IRQHandler
                0x00002746        0x8 ./SDK/startup/startup_mk64f12.o
                0x00002746                DMA14_IRQHandler
 .text.DMA15_IRQHandler
                0x0000274e        0x8 ./SDK/startup/startup_mk64f12.o
                0x0000274e                DMA15_IRQHandler
 .text.DMA_Error_IRQHandler
                0x00002756        0x8 ./SDK/startup/startup_mk64f12.o
                0x00002756                DMA_Error_IRQHandler
 .text.MCM_IRQHandler
                0x0000275e        0x8 ./SDK/startup/startup_mk64f12.o
                0x0000275e                MCM_IRQHandler
 .text.FTFE_IRQHandler
                0x00002766        0x8 ./SDK/startup/startup_mk64f12.o
                0x00002766                FTFE_IRQHandler
 .text.Read_Collision_IRQHandler
                0x0000276e        0x8 ./SDK/startup/startup_mk64f12.o
                0x0000276e                Read_Collision_IRQHandler
 .text.LVD_LVW_IRQHandler
                0x00002776        0x8 ./SDK/startup/startup_mk64f12.o
                0x00002776                LVD_LVW_IRQHandler
 .text.LLWU_IRQHandler
                0x0000277e        0x8 ./SDK/startup/startup_mk64f12.o
                0x0000277e                LLWU_IRQHandler
 .text.WDOG_EWM_IRQHandler
                0x00002786        0x8 ./SDK/startup/startup_mk64f12.o
                0x00002786                WDOG_EWM_IRQHandler
 .text.RNG_IRQHandler
                0x0000278e        0x8 ./SDK/startup/startup_mk64f12.o
                0x0000278e                RNG_IRQHandler
 .text.I2C0_IRQHandler
                0x00002796        0x8 ./SDK/startup/startup_mk64f12.o
                0x00002796                I2C0_IRQHandler
 .text.I2C1_IRQHandler
                0x0000279e        0x8 ./SDK/startup/startup_mk64f12.o
                0x0000279e                I2C1_IRQHandler
 .text.SPI0_IRQHandler
                0x000027a6        0x8 ./SDK/startup/startup_mk64f12.o
                0x000027a6                SPI0_IRQHandler
 .text.SPI1_IRQHandler
                0x000027ae        0x8 ./SDK/startup/startup_mk64f12.o
                0x000027ae                SPI1_IRQHandler
 .text.I2S0_Tx_IRQHandler
                0x000027b6        0x8 ./SDK/startup/startup_mk64f12.o
                0x000027b6                I2S0_Tx_IRQHandler
 .text.I2S0_Rx_IRQHandler
                0x000027be        0x8 ./SDK/startup/startup_mk64f12.o
                0x000027be                I2S0_Rx_IRQHandler
 .text.UART0_LON_IRQHandler
                0x000027c6        0x8 ./SDK/startup/startup_mk64f12.o
                0x000027c6                UART0_LON_IRQHandler
 .text.UART0_RX_TX_IRQHandler
                0x000027ce        0x8 ./SDK/startup/startup_mk64f12.o
                0x000027ce                UART0_RX_TX_IRQHandler
 .text.UART0_ERR_IRQHandler
                0x000027d6        0x8 ./SDK/startup/startup_mk64f12.o
                0x000027d6                UART0_ERR_IRQHandler
 .text.UART1_RX_TX_IRQHandler
                0x000027de        0x8 ./SDK/startup/startup_mk64f12.o
                0x000027de                UART1_RX_TX_IRQHandler
 .text.UART1_ERR_IRQHandler
                0x000027e6        0x8 ./SDK/startup/startup_mk64f12.o
                0x000027e6                UART1_ERR_IRQHandler
 .text.UART2_RX_TX_IRQHandler
                0x000027ee        0x8 ./SDK/startup/startup_mk64f12.o
                0x000027ee                UART2_RX_TX_IRQHandler
 .text.UART2_ERR_IRQHandler
                0x000027f6        0x8 ./SDK/startup/startup_mk64f12.o
                0x000027f6                UART2_ERR_IRQHandler
 .text.UART3_RX_TX_IRQHandler
                0x000027fe        0x8 ./SDK/startup/startup_mk64f12.o
                0x000027fe                UART3_RX_TX_IRQHandler
 .text.UART3_ERR_IRQHandler
                0x00002806        0x8 ./SDK/startup/startup_mk64f12.o
                0x00002806                UART3_ERR_IRQHandler
 .text.ADC0_IRQHandler
                0x0000280e        0x8 ./SDK/startup/startup_mk64f12.o
                0x0000280e                ADC0_IRQHandler
 .text.CMP0_IRQHandler
                0x00002816        0x8 ./SDK/startup/startup_mk64f12.o
                0x00002816                CMP0_IRQHandler
 .text.CMP1_IRQHandler
                0x0000281e        0x8 ./SDK/startup/startup_mk64f12.o
                0x0000281e                CMP1_IRQHandler
 .text.FTM0_IRQHandler
                0x00002826        0x8 ./SDK/startup/startup_mk64f12.o
                0x00002826                FTM0_IRQHandler
 .text.FTM1_IRQHandler
                0x0000282e        0x8 ./SDK/startup/startup_mk64f12.o
                0x0000282e                FTM1_IRQHandler
 .text.FTM2_IRQHandler
                0x00002836        0x8 ./SDK/startup/startup_mk64f12.o
                0x00002836                FTM2_IRQHandler
 .text.CMT_IRQHandler
                0x0000283e        0x8 ./SDK/startup/startup_mk64f12.o
                0x0000283e                CMT_IRQHandler
 .text.RTC_IRQHandler
                0x00002846        0x8 ./SDK/startup/startup_mk64f12.o
                0x00002846                RTC_IRQHandler
 .text.RTC_Seconds_IRQHandler
                0x0000284e        0x8 ./SDK/startup/startup_mk64f12.o
                0x0000284e                RTC_Seconds_IRQHandler
 .text.PIT0_IRQHandler
                0x00002856        0x8 ./SDK/startup/startup_mk64f12.o
                0x00002856                PIT0_IRQHandler
 .text.PIT1_IRQHandler
                0x0000285e        0x8 ./SDK/startup/startup_mk64f12.o
                0x0000285e                PIT1_IRQHandler
 .text.PIT2_IRQHandler
                0x00002866        0x8 ./SDK/startup/startup_mk64f12.o
                0x00002866                PIT2_IRQHandler
 .text.PIT3_IRQHandler
                0x0000286e        0x8 ./SDK/startup/startup_mk64f12.o
                0x0000286e                PIT3_IRQHandler
 .text.PDB0_IRQHandler
                0x00002876        0x8 ./SDK/startup/startup_mk64f12.o
                0x00002876                PDB0_IRQHandler
 .text.USB0_IRQHandler
                0x0000287e        0x8 ./SDK/startup/startup_mk64f12.o
                0x0000287e                USB0_IRQHandler
 .text.USBDCD_IRQHandler
                0x00002886        0x8 ./SDK/startup/startup_mk64f12.o
                0x00002886                USBDCD_IRQHandler
 .text.Reserved71_IRQHandler
                0x0000288e        0x8 ./SDK/startup/startup_mk64f12.o
                0x0000288e                Reserved71_IRQHandler
 .text.DAC0_IRQHandler
                0x00002896        0x8 ./SDK/startup/startup_mk64f12.o
                0x00002896                DAC0_IRQHandler
 .text.MCG_IRQHandler
                0x0000289e        0x8 ./SDK/startup/startup_mk64f12.o
                0x0000289e                MCG_IRQHandler
 .text.LPTMR0_IRQHandler
                0x000028a6        0x8 ./SDK/startup/startup_mk64f12.o
                0x000028a6                LPTMR0_IRQHandler
 .text.SWI_IRQHandler
                0x000028ae        0x8 ./SDK/startup/startup_mk64f12.o
                0x000028ae                SWI_IRQHandler
 .text.SPI2_IRQHandler
                0x000028b6        0x8 ./SDK/startup/startup_mk64f12.o
                0x000028b6                SPI2_IRQHandler
 .text.UART4_RX_TX_IRQHandler
                0x000028be        0x8 ./SDK/startup/startup_mk64f12.o
                0x000028be                UART4_RX_TX_IRQHandler
 .text.UART4_ERR_IRQHandler
                0x000028c6        0x8 ./SDK/startup/startup_mk64f12.o
                0x000028c6                UART4_ERR_IRQHandler
 .text.UART5_RX_TX_IRQHandler
                0x000028ce        0x8 ./SDK/startup/startup_mk64f12.o
                0x000028ce                UART5_RX_TX_IRQHandler
 .text.UART5_ERR_IRQHandler
                0x000028d6        0x8 ./SDK/startup/startup_mk64f12.o
                0x000028d6                UART5_ERR_IRQHandler
 .text.CMP2_IRQHandler
                0x000028de        0x8 ./SDK/startup/startup_mk64f12.o
                0x000028de                CMP2_IRQHandler
 .text.FTM3_IRQHandler
                0x000028e6        0x8 ./SDK/startup/startup_mk64f12.o
                0x000028e6                FTM3_IRQHandler
 .text.DAC1_IRQHandler
                0x000028ee        0x8 ./SDK/startup/startup_mk64f12.o
                0x000028ee                DAC1_IRQHandler
 .text.ADC1_IRQHandler
                0x000028f6        0x8 ./SDK/startup/startup_mk64f12.o
                0x000028f6                ADC1_IRQHandler
 .text.I2C2_IRQHandler
                0x000028fe        0x8 ./SDK/startup/startup_mk64f12.o
                0x000028fe                I2C2_IRQHandler
 .text.CAN0_ORed_Message_buffer_IRQHandler
                0x00002906        0x8 ./SDK/startup/startup_mk64f12.o
                0x00002906                CAN0_ORed_Message_buffer_IRQHandler
 .text.CAN0_Bus_Off_IRQHandler
                0x0000290e        0x8 ./SDK/startup/startup_mk64f12.o
                0x0000290e                CAN0_Bus_Off_IRQHandler
 .text.CAN0_Error_IRQHandler
                0x00002916        0x8 ./SDK/startup/startup_mk64f12.o
                0x00002916                CAN0_Error_IRQHandler
 .text.CAN0_Tx_Warning_IRQHandler
                0x0000291e        0x8 ./SDK/startup/startup_mk64f12.o
                0x0000291e                CAN0_Tx_Warning_IRQHandler
 .text.CAN0_Rx_Warning_IRQHandler
                0x00002926        0x8 ./SDK/startup/startup_mk64f12.o
                0x00002926                CAN0_Rx_Warning_IRQHandler
 .text.CAN0_Wake_Up_IRQHandler
                0x0000292e        0x8 ./SDK/startup/startup_mk64f12.o
                0x0000292e                CAN0_Wake_Up_IRQHandler
 .text.SDHC_IRQHandler
                0x00002936        0x8 ./SDK/startup/startup_mk64f12.o
                0x00002936                SDHC_IRQHandler
 .text.ENET_1588_Timer_IRQHandler
                0x0000293e        0x8 ./SDK/startup/startup_mk64f12.o
                0x0000293e                ENET_1588_Timer_IRQHandler
 .text.ENET_Transmit_IRQHandler
                0x00002946        0x8 ./SDK/startup/startup_mk64f12.o
                0x00002946                ENET_Transmit_IRQHandler
 .text.ENET_Receive_IRQHandler
                0x0000294e        0x8 ./SDK/startup/startup_mk64f12.o
                0x0000294e                ENET_Receive_IRQHandler
 .text.ENET_Error_IRQHandler
                0x00002956        0x8 ./SDK/startup/startup_mk64f12.o
                0x00002956                ENET_Error_IRQHandler
 .text.SystemInitHook
                0x0000295e        0xe ./SDK/CMSIS/system_MK64F12.o
                0x0000295e                SystemInitHook
 *(SORT_BY_ALIGNMENT(.rodata) SORT_BY_ALIGNMENT(.rodata.*) SORT_BY_ALIGNMENT(.constdata) SORT_BY_ALIGNMENT(.constdata.*))
 .rodata        0x0000296c       0x14 ./source/App.o
 .rodata        0x00002980        0xa ./source/display.o
 *fill*         0x0000298a        0x2 ff
 .rodata.PORT_PTRS
                0x0000298c       0x14 ./source/gpio.o
 .rodata.GPIO_PTRS
                0x000029a0       0x14 ./source/gpio.o
 .rodata.IRQC_MODES
                0x000029b4       0x18 ./source/gpio.o
                0x000029d0                . = ALIGN (0x8)
 *fill*         0x000029cc        0x4 ff

.glue_7         0x000029d0        0x0
 .glue_7        0x000029d0        0x0 linker stubs

.glue_7t        0x000029d0        0x0
 .glue_7t       0x000029d0        0x0 linker stubs

.vfp11_veneer   0x000029d0        0x0
 .vfp11_veneer  0x000029d0        0x0 linker stubs

.v4_bx          0x000029d0        0x0
 .v4_bx         0x000029d0        0x0 linker stubs

.iplt           0x000029d0        0x0
 .iplt          0x000029d0        0x0 ./source/App.o

.rel.dyn        0x000029d0        0x0
 .rel.iplt      0x000029d0        0x0 ./source/App.o

.ARM.extab
 *(SORT_BY_ALIGNMENT(.ARM.extab*) SORT_BY_ALIGNMENT(.gnu.linkonce.armextab.*))
                0x000029d0                __exidx_start = .

.ARM.exidx
 *(SORT_BY_ALIGNMENT(.ARM.exidx*) SORT_BY_ALIGNMENT(.gnu.linkonce.armexidx.*))
                0x000029d0                __exidx_end = .
                0x000029d0                _etext = .

.m_usb_data
 *(SORT_BY_ALIGNMENT(m_usb_bdt))

.data_RAM2      0x1fff0000        0x0 load address 0x000029d0
 FILL mask 0xff
                [!provide]                PROVIDE (__start_data_RAM2, .)
 *(SORT_BY_ALIGNMENT(.ramfunc.$RAM2))
 *(SORT_BY_ALIGNMENT(.ramfunc.$SRAM_LOWER))
 *(SORT_BY_ALIGNMENT(.data.$RAM2*))
 *(SORT_BY_ALIGNMENT(.data.$SRAM_LOWER*))
                0x1fff0000                . = ALIGN (0x8)
                [!provide]                PROVIDE (__end_data_RAM2, .)

.data_RAM3      0x14000000        0x0 load address 0x000029d0
 FILL mask 0xff
                [!provide]                PROVIDE (__start_data_RAM3, .)
 *(SORT_BY_ALIGNMENT(.ramfunc.$RAM3))
 *(SORT_BY_ALIGNMENT(.ramfunc.$FLEX_RAM))
 *(SORT_BY_ALIGNMENT(.data.$RAM3*))
 *(SORT_BY_ALIGNMENT(.data.$FLEX_RAM*))
                0x14000000                . = ALIGN (0x8)
                [!provide]                PROVIDE (__end_data_RAM3, .)

.uninit_RESERVED
                0x20000000        0x0
 *(SORT_BY_ALIGNMENT(.bss.$RESERVED*))
                0x20000000                . = ALIGN (0x4)
                0x20000000                _end_uninit_RESERVED = .

.data           0x20000000       0x70 load address 0x000029d0
 FILL mask 0xff
                0x20000000                _data = .
 *(SORT_BY_ALIGNMENT(vtable))
 *(SORT_BY_ALIGNMENT(.ramfunc*))
 *(SORT_BY_ALIGNMENT(.data*))
 .data.char_arr
                0x20000000       0x19 ./source/display.o
 *fill*         0x20000019        0x3 ff
 .data.seg_arr  0x2000001c        0x8 ./source/display.o
 .data.led_selector
                0x20000024        0x8 ./source/leds.o
 .data.user1    0x2000002c        0xc ./source/user.o
                0x2000002c                user1
 .data.user2    0x20000038        0xc ./source/user.o
                0x20000038                user2
 .data.user3    0x20000044        0xc ./source/user.o
                0x20000044                user3
 .data.user4    0x20000050        0xc ./source/user.o
                0x20000050                user4
 .data.user5    0x2000005c        0xc ./source/user.o
                0x2000005c                user5
 .data.brightness
                0x20000068        0x1 ./source/display.o
 .data.timers_cant
                0x20000069        0x1 ./source/timer.o
                0x20000069                timers_cant
                0x20000070                . = ALIGN (0x8)
 *fill*         0x2000006a        0x6 ff
                0x20000070                _edata = .

.igot.plt       0x20000070        0x0 load address 0x00002a40
 .igot.plt      0x20000070        0x0 ./source/App.o

.bss_RAM2       0x1fff0000        0x0
                [!provide]                PROVIDE (__start_bss_RAM2, .)
 *(SORT_BY_ALIGNMENT(.bss.$RAM2*))
 *(SORT_BY_ALIGNMENT(.bss.$SRAM_LOWER*))
                0x1fff0000                . = ALIGN ((. != 0x0)?0x8:0x1)
                [!provide]                PROVIDE (__end_bss_RAM2, .)

.bss_RAM3       0x14000000        0x0
                [!provide]                PROVIDE (__start_bss_RAM3, .)
 *(SORT_BY_ALIGNMENT(.bss.$RAM3*))
 *(SORT_BY_ALIGNMENT(.bss.$FLEX_RAM*))
                0x14000000                . = ALIGN ((. != 0x0)?0x8:0x1)
                [!provide]                PROVIDE (__end_bss_RAM3, .)

.bss            0x20000070      0x418
                0x20000070                _bss = .
 *(SORT_BY_ALIGNMENT(.bss*))
 .bss.id        0x20000070       0x20 ./source/App.o
 .bss.posicion_id
                0x20000090        0x4 ./source/App.o
 .bss.pass      0x20000094       0x10 ./source/App.o
 .bss.posicion_pass
                0x200000a4        0x4 ./source/App.o
 .bss.callback_ptr
                0x200000a8        0x4 ./source/SysTick.o
                0x200000a8                callback_ptr
 .bss.click_counter
                0x200000ac        0x4 ./source/button.o
 .bss.current_char
                0x200000b0        0x1 ./source/card_reader.o
 *fill*         0x200000b1        0x3 
 .bss.Track     0x200000b4        0x4 ./source/card_reader.o
 .bss.ID        0x200000b8        0x4 ./source/card_reader.o
 .bss.stored_ID
                0x200000bc        0x4 ./source/card_reader.o
 .bss.track_index
                0x200000c0        0x4 ./source/card_reader.o
 .bss.buffer    0x200000c4       0x10 ./source/display.o
 .bss.blinking_digits
                0x200000d4        0x4 ./source/display.o
 .bss.CALLBACKS
                0x200000d8      0x280 ./source/gpio.o
 .bss.leds      0x20000358        0x3 ./source/leds.o
 *fill*         0x2000035b        0x1 
 .bss.index     0x2000035c        0x4 ./source/leds.o
 .bss.timers    0x20000360      0x100 ./source/timer.o
                0x20000360                timers
 .bss.__LDM_interruptDisableCount
                0x20000460        0x4 ./SDK/startup/hardware.o
 .bss.estado    0x20000464        0x1 ./source/App.o
 .bss.ultimo_estado
                0x20000465        0x1 ./source/App.o
 .bss.ha_hecho_click
                0x20000466        0x1 ./source/App.o
 .bss.user_is_ready
                0x20000467        0x1 ./source/App.o
 .bss.last_state_button
                0x20000468        0x1 ./source/button.o
 .bss.current_C
                0x20000469        0x1 ./source/button.o
 .bss.status    0x2000046a        0x1 ./source/button.o
 .bss.turn      0x2000046b        0x1 ./source/button.o
 .bss.button_event
                0x2000046c        0x1 ./source/button.o
 .bss.button_timer
                0x2000046d        0x1 ./source/button.o
 .bss.click_timer
                0x2000046e        0x1 ./source/button.o
 .bss.error_type
                0x2000046f        0x1 ./source/card_reader.o
 .bss.init      0x20000470        0x1 ./source/card_reader.o
 .bss.clock_received
                0x20000471        0x1 ./source/card_reader.o
 .bss.data_was_stored
                0x20000472        0x1 ./source/card_reader.o
 .bss.display_state
                0x20000473        0x1 ./source/display.o
 .bss.buffer_len
                0x20000474        0x1 ./source/display.o
 .bss.buffer_idx
                0x20000475        0x1 ./source/display.o
 .bss.scroll_idx
                0x20000476        0x1 ./source/display.o
 .bss.show_last
                0x20000477        0x1 ./source/display.o
 .bss.blink     0x20000478        0x1 ./source/display.o
 .bss.refresh_timer
                0x20000479        0x1 ./source/display.o
 .bss.blink_timer
                0x2000047a        0x1 ./source/display.o
 .bss.scroll_timer
                0x2000047b        0x1 ./source/display.o
 .bss.current_state
                0x2000047c        0x1 ./source/encoder.o
                0x2000047c                current_state
 .bss.current_A
                0x2000047d        0x1 ./source/encoder.o
                0x2000047d                current_A
 .bss.current_B
                0x2000047e        0x1 ./source/encoder.o
                0x2000047e                current_B
 .bss.status    0x2000047f        0x1 ./source/encoder.o
                0x2000047f                status
 .bss.encoder_event
                0x20000480        0x1 ./source/encoder.o
                0x20000480                encoder_event
 .bss.encoder_timer
                0x20000481        0x1 ./source/encoder.o
                0x20000481                encoder_timer
 .bss.leds_timer
                0x20000482        0x1 ./source/leds.o
 *(SORT_BY_ALIGNMENT(COMMON))
                0x20000488                . = ALIGN (0x8)
 *fill*         0x20000483        0x5 
                0x20000488                _ebss = .
                [!provide]                PROVIDE (end, .)

.noinit_RAM2    0x1fff0000        0x0
 *(SORT_BY_ALIGNMENT(.noinit.$RAM2*))
 *(SORT_BY_ALIGNMENT(.noinit.$SRAM_LOWER*))
                0x1fff0000                . = ALIGN (0x8)

.noinit_RAM3    0x14000000        0x0
 *(SORT_BY_ALIGNMENT(.noinit.$RAM3*))
 *(SORT_BY_ALIGNMENT(.noinit.$FLEX_RAM*))
                0x14000000                . = ALIGN (0x8)

.noinit         0x20000488        0x0
                0x20000488                _noinit = .
 *(SORT_BY_ALIGNMENT(.noinit*))
                0x20000488                . = ALIGN (0x8)
                0x20000488                _end_noinit = .
                0x00001000                _HeapSize = 0x1000

.heap           0x20000488     0x1000
                0x20000488                _pvHeapStart = .
                0x20001488                . = (. + _HeapSize)
 *fill*         0x20000488     0x1000 
                0x20001488                . = ALIGN (0x8)
                0x20001488                _pvHeapLimit = .
                0x00001000                _StackSize = 0x1000

.heap2stackfill
                0x20001488     0x1000
                0x20002488                . = (. + _StackSize)
 *fill*         0x20001488     0x1000 

.stack          0x2002f000        0x0
                0x2002f000                _vStackBase = .
                0x2002f000                . = ALIGN (0x8)
                0x20030000                _vStackTop = (. + _StackSize)
                0x00000000                _image_start = LOADADDR (.text)
                0x00002a40                _image_end = (LOADADDR (.data) + SIZEOF (.data))
                0x00002a40                _image_size = (_image_end - _image_start)
OUTPUT(Blink.axf elf32-littlearm)

.debug_info     0x00000000     0x7f73
 .debug_info    0x00000000      0xcd2 ./source/App.o
 .debug_info    0x00000cd2      0x14e ./source/SysTick.o
 .debug_info    0x00000e20      0xa97 ./source/button.o
 .debug_info    0x000018b7      0xc90 ./source/card_reader.o
 .debug_info    0x00002547      0xe42 ./source/display.o
 .debug_info    0x00003389      0xa9a ./source/encoder.o
 .debug_info    0x00003e23      0xb30 ./source/gpio.o
 .debug_info    0x00004953      0xa3b ./source/leds.o
 .debug_info    0x0000538e      0xc28 ./source/timer.o
 .debug_info    0x00005fb6      0x9aa ./source/user.o
 .debug_info    0x00006960      0x675 ./SDK/startup/hardware.o
 .debug_info    0x00006fd5       0xb7 ./SDK/startup/main.o
 .debug_info    0x0000708c       0x3b ./SDK/startup/semihost_hardfault.o
 .debug_info    0x000070c7      0x8b0 ./SDK/startup/startup_mk64f12.o
 .debug_info    0x00007977      0x5fc ./SDK/CMSIS/system_MK64F12.o

.debug_abbrev   0x00000000     0x1cd0
 .debug_abbrev  0x00000000      0x2d9 ./source/App.o
 .debug_abbrev  0x000002d9      0x106 ./source/SysTick.o
 .debug_abbrev  0x000003df      0x25c ./source/button.o
 .debug_abbrev  0x0000063b      0x321 ./source/card_reader.o
 .debug_abbrev  0x0000095c      0x369 ./source/display.o
 .debug_abbrev  0x00000cc5      0x298 ./source/encoder.o
 .debug_abbrev  0x00000f5d      0x24a ./source/gpio.o
 .debug_abbrev  0x000011a7      0x22f ./source/leds.o
 .debug_abbrev  0x000013d6      0x281 ./source/timer.o
 .debug_abbrev  0x00001657      0x1fa ./source/user.o
 .debug_abbrev  0x00001851      0x138 ./SDK/startup/hardware.o
 .debug_abbrev  0x00001989       0x7d ./SDK/startup/main.o
 .debug_abbrev  0x00001a06       0x2f ./SDK/startup/semihost_hardfault.o
 .debug_abbrev  0x00001a35      0x15c ./SDK/startup/startup_mk64f12.o
 .debug_abbrev  0x00001b91      0x13f ./SDK/CMSIS/system_MK64F12.o

.debug_aranges  0x00000000      0x7d0
 .debug_aranges
                0x00000000       0x58 ./source/App.o
 .debug_aranges
                0x00000058       0x28 ./source/SysTick.o
 .debug_aranges
                0x00000080       0x58 ./source/button.o
 .debug_aranges
                0x000000d8       0x88 ./source/card_reader.o
 .debug_aranges
                0x00000160       0xe0 ./source/display.o
 .debug_aranges
                0x00000240       0x50 ./source/encoder.o
 .debug_aranges
                0x00000290       0x80 ./source/gpio.o
 .debug_aranges
                0x00000310       0x40 ./source/leds.o
 .debug_aranges
                0x00000350       0x90 ./source/timer.o
 .debug_aranges
                0x000003e0       0x20 ./source/user.o
 .debug_aranges
                0x00000400       0x30 ./SDK/startup/hardware.o
 .debug_aranges
                0x00000430       0x20 ./SDK/startup/main.o
 .debug_aranges
                0x00000450       0x20 ./SDK/startup/semihost_hardfault.o
 .debug_aranges
                0x00000470      0x330 ./SDK/startup/startup_mk64f12.o
 .debug_aranges
                0x000007a0       0x30 ./SDK/CMSIS/system_MK64F12.o

.debug_ranges   0x00000000      0x6f8
 .debug_ranges  0x00000000       0x48 ./source/App.o
 .debug_ranges  0x00000048       0x18 ./source/SysTick.o
 .debug_ranges  0x00000060       0x48 ./source/button.o
 .debug_ranges  0x000000a8       0x78 ./source/card_reader.o
 .debug_ranges  0x00000120       0xd0 ./source/display.o
 .debug_ranges  0x000001f0       0x40 ./source/encoder.o
 .debug_ranges  0x00000230       0x88 ./source/gpio.o
 .debug_ranges  0x000002b8       0x30 ./source/leds.o
 .debug_ranges  0x000002e8       0x80 ./source/timer.o
 .debug_ranges  0x00000368       0x10 ./source/user.o
 .debug_ranges  0x00000378       0x20 ./SDK/startup/hardware.o
 .debug_ranges  0x00000398       0x10 ./SDK/startup/main.o
 .debug_ranges  0x000003a8       0x10 ./SDK/startup/semihost_hardfault.o
 .debug_ranges  0x000003b8      0x320 ./SDK/startup/startup_mk64f12.o
 .debug_ranges  0x000006d8       0x20 ./SDK/CMSIS/system_MK64F12.o

.debug_macro    0x00000000    0x138c1
 .debug_macro   0x00000000      0x27c ./source/App.o
 .debug_macro   0x0000027c      0xa5a ./source/App.o
 .debug_macro   0x00000cd6       0x22 ./source/App.o
 .debug_macro   0x00000cf8       0x52 ./source/App.o
 .debug_macro   0x00000d4a       0x17 ./source/App.o
 .debug_macro   0x00000d61       0x8d ./source/App.o
 .debug_macro   0x00000dee       0x35 ./source/App.o
 .debug_macro   0x00000e23       0x9c ./source/App.o
 .debug_macro   0x00000ebf       0x16 ./source/App.o
 .debug_macro   0x00000ed5       0x57 ./source/App.o
 .debug_macro   0x00000f2c       0x97 ./source/App.o
 .debug_macro   0x00000fc3      0x330 ./source/App.o
 .debug_macro   0x000012f3       0xfd ./source/App.o
 .debug_macro   0x000013f0       0x10 ./source/App.o
 .debug_macro   0x00001400       0x58 ./source/App.o
 .debug_macro   0x00001458       0x1f ./source/App.o
 .debug_macro   0x00001477       0x43 ./source/App.o
 .debug_macro   0x000014ba       0x20 ./source/App.o
 .debug_macro   0x000014da      0x18e ./source/App.o
 .debug_macro   0x00001668       0x10 ./source/App.o
 .debug_macro   0x00001678       0x6a ./source/App.o
 .debug_macro   0x000016e2       0x1c ./source/App.o
 .debug_macro   0x000016fe       0x52 ./source/App.o
 .debug_macro   0x00001750       0x40 ./source/App.o
 .debug_macro   0x00001790       0x10 ./source/App.o
 .debug_macro   0x000017a0       0x40 ./source/App.o
 .debug_macro   0x000017e0       0xd7 ./source/App.o
 .debug_macro   0x000018b7       0x1c ./source/App.o
 .debug_macro   0x000018d3       0x3d ./source/App.o
 .debug_macro   0x00001910       0x16 ./source/App.o
 .debug_macro   0x00001926      0x16f ./source/App.o
 .debug_macro   0x00001a95       0x16 ./source/App.o
 .debug_macro   0x00001aab       0x35 ./source/App.o
 .debug_macro   0x00001ae0      0x34e ./source/App.o
 .debug_macro   0x00001e2e       0x22 ./source/App.o
 .debug_macro   0x00001e50       0x3a ./source/App.o
 .debug_macro   0x00001e8a       0x76 ./source/App.o
 .debug_macro   0x00001f00       0xac ./source/App.o
 .debug_macro   0x00001fac       0x10 ./source/App.o
 .debug_macro   0x00001fbc       0x16 ./source/App.o
 .debug_macro   0x00001fd2       0xe6 ./source/SysTick.o
 .debug_macro   0x000020b8       0x5c ./source/SysTick.o
 .debug_macro   0x00002114       0x1c ./source/SysTick.o
 .debug_macro   0x00002130       0x22 ./source/SysTick.o
 .debug_macro   0x00002152       0xdf ./source/SysTick.o
 .debug_macro   0x00002231      0xecf ./source/SysTick.o
 .debug_macro   0x00003100       0x48 ./source/SysTick.o
 .debug_macro   0x00003148     0xe07b ./source/SysTick.o
 .debug_macro   0x000111c3       0x10 ./source/SysTick.o
 .debug_macro   0x000111d3     0x122b ./source/SysTick.o
 .debug_macro   0x000123fe       0x16 ./source/SysTick.o
 .debug_macro   0x00012414      0x15a ./source/button.o
 .debug_macro   0x0001256e       0x16 ./source/button.o
 .debug_macro   0x00012584       0x16 ./source/button.o
 .debug_macro   0x0001259a      0x10e ./source/button.o
 .debug_macro   0x000126a8       0x8d ./source/button.o
 .debug_macro   0x00012735       0x16 ./source/button.o
 .debug_macro   0x0001274b       0x29 ./source/button.o
 .debug_macro   0x00012774       0x1c ./source/button.o
 .debug_macro   0x00012790      0x239 ./source/card_reader.o
 .debug_macro   0x000129c9      0x32a ./source/card_reader.o
 .debug_macro   0x00012cf3      0x27a ./source/display.o
 .debug_macro   0x00012f6d       0x7c ./source/display.o
 .debug_macro   0x00012fe9      0x155 ./source/encoder.o
 .debug_macro   0x0001313e       0xcd ./source/gpio.o
 .debug_macro   0x0001320b       0x40 ./source/gpio.o
 .debug_macro   0x0001324b      0x155 ./source/leds.o
 .debug_macro   0x000133a0      0x136 ./source/timer.o
 .debug_macro   0x000134d6       0x10 ./source/timer.o
 .debug_macro   0x000134e6      0x1d9 ./source/user.o
 .debug_macro   0x000136bf       0x10 ./source/user.o
 .debug_macro   0x000136cf       0x9c ./SDK/startup/hardware.o
 .debug_macro   0x0001376b       0x9c ./SDK/startup/main.o
 .debug_macro   0x00013807       0x11 ./SDK/startup/semihost_hardfault.o
 .debug_macro   0x00013818       0x29 ./SDK/startup/startup_mk64f12.o
 .debug_macro   0x00013841       0x80 ./SDK/CMSIS/system_MK64F12.o

.debug_line     0x00000000     0x3115
 .debug_line    0x00000000      0x4ee ./source/App.o
 .debug_line    0x000004ee      0x19f ./source/SysTick.o
 .debug_line    0x0000068d      0x32d ./source/button.o
 .debug_line    0x000009ba      0x554 ./source/card_reader.o
 .debug_line    0x00000f0e      0x53e ./source/display.o
 .debug_line    0x0000144c      0x3bc ./source/encoder.o
 .debug_line    0x00001808      0x2e9 ./source/gpio.o
 .debug_line    0x00001af1      0x2fe ./source/leds.o
 .debug_line    0x00001def      0x3ba ./source/timer.o
 .debug_line    0x000021a9      0x32b ./source/user.o
 .debug_line    0x000024d4      0x1d4 ./SDK/startup/hardware.o
 .debug_line    0x000026a8      0x175 ./SDK/startup/main.o
 .debug_line    0x0000281d       0x59 ./SDK/startup/semihost_hardfault.o
 .debug_line    0x00002876      0x6d8 ./SDK/startup/startup_mk64f12.o
 .debug_line    0x00002f4e      0x1c7 ./SDK/CMSIS/system_MK64F12.o

.debug_str      0x00000000    0x7dd08
 .debug_str     0x00000000     0x8362 ./source/App.o
                               0x8612 (size before relaxing)
 .debug_str     0x00008362    0x738fa ./source/SysTick.o
                              0x77133 (size before relaxing)
 .debug_str     0x0007bc5c      0x2dc ./source/button.o
                               0x7122 (size before relaxing)
 .debug_str     0x0007bf38      0x2d8 ./source/card_reader.o
                              0x74f16 (size before relaxing)
 .debug_str     0x0007c210      0x52f ./source/display.o
                               0x75dc (size before relaxing)
 .debug_str     0x0007c73f      0x127 ./source/encoder.o
                               0x70d7 (size before relaxing)
 .debug_str     0x0007c866      0x84e ./source/gpio.o
                              0x779b6 (size before relaxing)
 .debug_str     0x0007d0b4       0xa4 ./source/leds.o
                               0x703b (size before relaxing)
 .debug_str     0x0007d158      0x159 ./source/timer.o
                               0x6e97 (size before relaxing)
 .debug_str     0x0007d2b1       0x57 ./source/user.o
                               0x756f (size before relaxing)
 .debug_str     0x0007d308      0x178 ./SDK/startup/hardware.o
                              0x7721d (size before relaxing)
 .debug_str     0x0007d480       0x1b ./SDK/startup/main.o
                              0x76ff1 (size before relaxing)
 .debug_str     0x0007d49b       0x36 ./SDK/startup/semihost_hardfault.o
                               0x2d57 (size before relaxing)
 .debug_str     0x0007d4d1      0x7d5 ./SDK/startup/startup_mk64f12.o
                               0x35c5 (size before relaxing)
 .debug_str     0x0007dca6       0x62 ./SDK/CMSIS/system_MK64F12.o
                              0x7712c (size before relaxing)

.comment        0x00000000       0x7e
 .comment       0x00000000       0x7e ./source/App.o
                                 0x7f (size before relaxing)
 .comment       0x0000007e       0x7f ./source/SysTick.o
 .comment       0x0000007e       0x7f ./source/button.o
 .comment       0x0000007e       0x7f ./source/card_reader.o
 .comment       0x0000007e       0x7f ./source/display.o
 .comment       0x0000007e       0x7f ./source/encoder.o
 .comment       0x0000007e       0x7f ./source/gpio.o
 .comment       0x0000007e       0x7f ./source/leds.o
 .comment       0x0000007e       0x7f ./source/timer.o
 .comment       0x0000007e       0x7f ./source/user.o
 .comment       0x0000007e       0x7f ./SDK/startup/hardware.o
 .comment       0x0000007e       0x7f ./SDK/startup/main.o
 .comment       0x0000007e       0x7f ./SDK/startup/semihost_hardfault.o
 .comment       0x0000007e       0x7f ./SDK/startup/startup_mk64f12.o
 .comment       0x0000007e       0x7f ./SDK/CMSIS/system_MK64F12.o

.ARM.attributes
                0x00000000       0x39
 .ARM.attributes
                0x00000000       0x39 ./source/App.o
 .ARM.attributes
                0x00000039       0x39 ./source/SysTick.o
 .ARM.attributes
                0x00000072       0x39 ./source/button.o
 .ARM.attributes
                0x000000ab       0x39 ./source/card_reader.o
 .ARM.attributes
                0x000000e4       0x39 ./source/display.o
 .ARM.attributes
                0x0000011d       0x39 ./source/encoder.o
 .ARM.attributes
                0x00000156       0x39 ./source/gpio.o
 .ARM.attributes
                0x0000018f       0x39 ./source/leds.o
 .ARM.attributes
                0x000001c8       0x39 ./source/timer.o
 .ARM.attributes
                0x00000201       0x39 ./source/user.o
 .ARM.attributes
                0x0000023a       0x39 ./SDK/startup/hardware.o
 .ARM.attributes
                0x00000273       0x39 ./SDK/startup/main.o
 .ARM.attributes
                0x000002ac       0x39 ./SDK/startup/semihost_hardfault.o
 .ARM.attributes
                0x000002e5       0x39 ./SDK/startup/startup_mk64f12.o
 .ARM.attributes
                0x0000031e       0x39 ./SDK/CMSIS/system_MK64F12.o

.debug_frame    0x00000000     0x187c
 .debug_frame   0x00000000      0x130 ./source/App.o
 .debug_frame   0x00000130       0x64 ./source/SysTick.o
 .debug_frame   0x00000194      0x10c ./source/button.o
 .debug_frame   0x000002a0      0x1f4 ./source/card_reader.o
 .debug_frame   0x00000494      0x350 ./source/display.o
 .debug_frame   0x000007e4       0xf4 ./source/encoder.o
 .debug_frame   0x000008d8      0x224 ./source/gpio.o
 .debug_frame   0x00000afc       0xc8 ./source/leds.o
 .debug_frame   0x00000bc4      0x24c ./source/timer.o
 .debug_frame   0x00000e10       0x38 ./source/user.o
 .debug_frame   0x00000e48       0x70 ./SDK/startup/hardware.o
 .debug_frame   0x00000eb8       0x2c ./SDK/startup/main.o
 .debug_frame   0x00000ee4       0x20 ./SDK/startup/semihost_hardfault.o
 .debug_frame   0x00000f04      0x904 ./SDK/startup/startup_mk64f12.o
 .debug_frame   0x00001808       0x74 ./SDK/CMSIS/system_MK64F12.o
