Archive member included to satisfy reference by file (symbol)

c:/nxp/mcuxpressoide_10.2.0_759/ide/tools/bin/../lib/gcc/arm-none-eabi/7.2.1/../../../../arm-none-eabi/lib/thumb/v7e-m/fpv4-sp/hard\libcr_c.a(fpprintf.o)
                              ./source/leds.o (printf)
c:/nxp/mcuxpressoide_10.2.0_759/ide/tools/bin/../lib/gcc/arm-none-eabi/7.2.1/../../../../arm-none-eabi/lib/thumb/v7e-m/fpv4-sp/hard\libcr_c.a(printf.o)
                              c:/nxp/mcuxpressoide_10.2.0_759/ide/tools/bin/../lib/gcc/arm-none-eabi/7.2.1/../../../../arm-none-eabi/lib/thumb/v7e-m/fpv4-sp/hard\libcr_c.a(fpprintf.o) (__vfprintf)
c:/nxp/mcuxpressoide_10.2.0_759/ide/tools/bin/../lib/gcc/arm-none-eabi/7.2.1/../../../../arm-none-eabi/lib/thumb/v7e-m/fpv4-sp/hard\libcr_c.a(strlen.o)
                              c:/nxp/mcuxpressoide_10.2.0_759/ide/tools/bin/../lib/gcc/arm-none-eabi/7.2.1/../../../../arm-none-eabi/lib/thumb/v7e-m/fpv4-sp/hard\libcr_c.a(printf.o) (strlen)
c:/nxp/mcuxpressoide_10.2.0_759/ide/tools/bin/../lib/gcc/arm-none-eabi/7.2.1/../../../../arm-none-eabi/lib/thumb/v7e-m/fpv4-sp/hard\libcr_c.a(memset.o)
                              c:/nxp/mcuxpressoide_10.2.0_759/ide/tools/bin/../lib/gcc/arm-none-eabi/7.2.1/../../../../arm-none-eabi/lib/thumb/v7e-m/fpv4-sp/hard\libcr_c.a(fpprintf.o) (memset)
c:/nxp/mcuxpressoide_10.2.0_759/ide/tools/bin/../lib/gcc/arm-none-eabi/7.2.1/../../../../arm-none-eabi/lib/thumb/v7e-m/fpv4-sp/hard\libcr_c.a(_deferredlazyseek.o)
                              c:/nxp/mcuxpressoide_10.2.0_759/ide/tools/bin/../lib/gcc/arm-none-eabi/7.2.1/../../../../arm-none-eabi/lib/thumb/v7e-m/fpv4-sp/hard\libcr_c.a(fpprintf.o) (__flsbuf)
c:/nxp/mcuxpressoide_10.2.0_759/ide/tools/bin/../lib/gcc/arm-none-eabi/7.2.1/../../../../arm-none-eabi/lib/thumb/v7e-m/fpv4-sp/hard\libcr_c.a(_fflush.o)
                              c:/nxp/mcuxpressoide_10.2.0_759/ide/tools/bin/../lib/gcc/arm-none-eabi/7.2.1/../../../../arm-none-eabi/lib/thumb/v7e-m/fpv4-sp/hard\libcr_c.a(_deferredlazyseek.o) (_fflush)
c:/nxp/mcuxpressoide_10.2.0_759/ide/tools/bin/../lib/gcc/arm-none-eabi/7.2.1/../../../../arm-none-eabi/lib/thumb/v7e-m/fpv4-sp/hard\libcr_c.a(_frexpl.o)
                              c:/nxp/mcuxpressoide_10.2.0_759/ide/tools/bin/../lib/gcc/arm-none-eabi/7.2.1/../../../../arm-none-eabi/lib/thumb/v7e-m/fpv4-sp/hard\libcr_c.a(fpprintf.o) (_frexpl)
c:/nxp/mcuxpressoide_10.2.0_759/ide/tools/bin/../lib/gcc/arm-none-eabi/7.2.1/../../../../arm-none-eabi/lib/thumb/v7e-m/fpv4-sp/hard\libcr_c.a(_ldexpl.o)
                              c:/nxp/mcuxpressoide_10.2.0_759/ide/tools/bin/../lib/gcc/arm-none-eabi/7.2.1/../../../../arm-none-eabi/lib/thumb/v7e-m/fpv4-sp/hard\libcr_c.a(fpprintf.o) (_ldexpl)
c:/nxp/mcuxpressoide_10.2.0_759/ide/tools/bin/../lib/gcc/arm-none-eabi/7.2.1/../../../../arm-none-eabi/lib/thumb/v7e-m/fpv4-sp/hard\libcr_c.a(_writebuf.o)
                              c:/nxp/mcuxpressoide_10.2.0_759/ide/tools/bin/../lib/gcc/arm-none-eabi/7.2.1/../../../../arm-none-eabi/lib/thumb/v7e-m/fpv4-sp/hard\libcr_c.a(_deferredlazyseek.o) (_Cwritebuf)
c:/nxp/mcuxpressoide_10.2.0_759/ide/tools/bin/../lib/gcc/arm-none-eabi/7.2.1/../../../../arm-none-eabi/lib/thumb/v7e-m/fpv4-sp/hard\libcr_c.a(alloc.o)
                              c:/nxp/mcuxpressoide_10.2.0_759/ide/tools/bin/../lib/gcc/arm-none-eabi/7.2.1/../../../../arm-none-eabi/lib/thumb/v7e-m/fpv4-sp/hard\libcr_c.a(fpprintf.o) (malloc)
c:/nxp/mcuxpressoide_10.2.0_759/ide/tools/bin/../lib/gcc/arm-none-eabi/7.2.1/../../../../arm-none-eabi/lib/thumb/v7e-m/fpv4-sp/hard\libcr_c.a(errno.o)
                              c:/nxp/mcuxpressoide_10.2.0_759/ide/tools/bin/../lib/gcc/arm-none-eabi/7.2.1/../../../../arm-none-eabi/lib/thumb/v7e-m/fpv4-sp/hard\libcr_c.a(_ldexpl.o) (errno)
c:/nxp/mcuxpressoide_10.2.0_759/ide/tools/bin/../lib/gcc/arm-none-eabi/7.2.1/../../../../arm-none-eabi/lib/thumb/v7e-m/fpv4-sp/hard\libcr_c.a(fseek.o)
                              c:/nxp/mcuxpressoide_10.2.0_759/ide/tools/bin/../lib/gcc/arm-none-eabi/7.2.1/../../../../arm-none-eabi/lib/thumb/v7e-m/fpv4-sp/hard\libcr_c.a(_deferredlazyseek.o) (fseek)
c:/nxp/mcuxpressoide_10.2.0_759/ide/tools/bin/../lib/gcc/arm-none-eabi/7.2.1/../../../../arm-none-eabi/lib/thumb/v7e-m/fpv4-sp/hard\libcr_c.a(ftell.o)
                              c:/nxp/mcuxpressoide_10.2.0_759/ide/tools/bin/../lib/gcc/arm-none-eabi/7.2.1/../../../../arm-none-eabi/lib/thumb/v7e-m/fpv4-sp/hard\libcr_c.a(fseek.o) (ftell)
c:/nxp/mcuxpressoide_10.2.0_759/ide/tools/bin/../lib/gcc/arm-none-eabi/7.2.1/../../../../arm-none-eabi/lib/thumb/v7e-m/fpv4-sp/hard\libcr_c.a(memcpy.o)
                              c:/nxp/mcuxpressoide_10.2.0_759/ide/tools/bin/../lib/gcc/arm-none-eabi/7.2.1/../../../../arm-none-eabi/lib/thumb/v7e-m/fpv4-sp/hard\libcr_c.a(alloc.o) (memcpy)
c:/nxp/mcuxpressoide_10.2.0_759/ide/tools/bin/../lib/gcc/arm-none-eabi/7.2.1/../../../../arm-none-eabi/lib/thumb/v7e-m/fpv4-sp/hard\libcr_c.a(__init_alloc.o)
[...]
Memory Configuration

Name             Origin             Length             Attributes
PROGRAM_FLASH    0x00000000         0x00100000         xr
SRAM_UPPER       0x20000000         0x00030000         xrw
SRAM_LOWER       0x1fff0000         0x00010000         xrw
FLEX_RAM         0x14000000         0x00001000         xrw
*default*        0x00000000         0xffffffff

Linker script and memory map

LOAD ./source/App.o
LOAD ./source/SysTick.o
LOAD ./source/button.o
LOAD ./source/card_reader.o
LOAD ./source/display.o
LOAD ./source/encoder.o
LOAD ./source/gpio.o
LOAD ./source/leds.o
LOAD ./source/timer.o
LOAD ./source/user.o
LOAD ./SDK/startup/hardware.o
LOAD ./SDK/startup/main.o
LOAD ./SDK/startup/semihost_hardfault.o
LOAD ./SDK/startup/startup_mk64f12.o
LOAD ./SDK/CMSIS/system_MK64F12.o
START GROUP
LOAD c:/nxp/mcuxpressoide_10.2.0_759/ide/tools/bin/../lib/gcc/arm-none-eabi/7.2.1/../../../../arm-none-eabi/lib/thumb/v7e-m/fpv4-sp/hard\libcr_semihost_nf.a
LOAD c:/nxp/mcuxpressoide_10.2.0_759/ide/tools/bin/../lib/gcc/arm-none-eabi/7.2.1/../../../../arm-none-eabi/lib/thumb/v7e-m/fpv4-sp/hard\libcr_c.a
LOAD c:/nxp/mcuxpressoide_10.2.0_759/ide/tools/bin/../lib/gcc/arm-none-eabi/7.2.1/thumb/v7e-m/fpv4-sp/hard\libcr_eabihelpers.a
END GROUP
                0x00000000                __base_PROGRAM_FLASH = 0x0
                0x00000000                __base_Flash = 0x0
                0x00100000                __top_PROGRAM_FLASH = 0x100000
                0x00100000                __top_Flash = 0x100000
                0x20000000                __base_SRAM_UPPER = 0x20000000
                0x20000000                __base_RAM = 0x20000000
                0x20030000                __top_SRAM_UPPER = 0x20030000
                0x20030000                __top_RAM = 0x20030000
                0x1fff0000                __base_SRAM_LOWER = 0x1fff0000
                0x1fff0000                __base_RAM2 = 0x1fff0000
                0x20000000                __top_SRAM_LOWER = 0x20000000
                0x20000000                __top_RAM2 = 0x20000000
                0x14000000                __base_FLEX_RAM = 0x14000000
                0x14000000                __base_RAM3 = 0x14000000
                0x14001000                __top_FLEX_RAM = 0x14001000
                0x14001000                __top_RAM3 = 0x14001000

.text           0x00000000     0x4480
 FILL mask 0xff
                0x00000000                __vectors_start__ = ABSOLUTE (.)
 *(SORT_BY_ALIGNMENT(.isr_vector))
 .isr_vector    0x00000000      0x198 ./SDK/startup/startup_mk64f12.o
                0x00000000                g_pfnVectors
                0x00000000                __Vectors
                0x00000198                . = ALIGN (0x4)
                0x00000198                __section_table_start = .
                0x00000198                __data_section_table = .
                0x00000198        0x4 LONG 0x4480 LOADADDR (.data)
                0x0000019c        0x4 LONG 0x20000000 ADDR (.data)
                0x000001a0        0x4 LONG 0x30 SIZEOF (.data)
                0x000001a4        0x4 LONG 0x4480 LOADADDR (.data_RAM2)
                0x000001a8        0x4 LONG 0x1fff0000 ADDR (.data_RAM2)
                0x000001ac        0x4 LONG 0x0 SIZEOF (.data_RAM2)
                0x000001b0        0x4 LONG 0x4480 LOADADDR (.data_RAM3)
                0x000001b4        0x4 LONG 0x14000000 ADDR (.data_RAM3)
                0x000001b8        0x4 LONG 0x0 SIZEOF (.data_RAM3)
                0x000001bc                __data_section_table_end = .
                0x000001bc                __bss_section_table = .
                0x000001bc        0x4 LONG 0x20000030 ADDR (.bss)
                0x000001c0        0x4 LONG 0x498 SIZEOF (.bss)
                0x000001c4        0x4 LONG 0x1fff0000 ADDR (.bss_RAM2)
                0x000001c8        0x4 LONG 0x0 SIZEOF (.bss_RAM2)
                0x000001cc        0x4 LONG 0x14000000 ADDR (.bss_RAM3)
                0x000001d0        0x4 LONG 0x0 SIZEOF (.bss_RAM3)
                0x000001d4                __bss_section_table_end = .
                0x000001d4                __section_table_end = .
 *(SORT_BY_ALIGNMENT(.after_vectors*))
 .after_vectors.reset
                0x000001d4       0x4c ./SDK/startup/startup_mk64f12.o
                0x000001d4                ResetISR
 .after_vectors.init_data
                0x00000220       0x1e ./SDK/startup/startup_mk64f12.o
                0x00000220                data_init
 .after_vectors.init_bss
                0x0000023e       0x12 ./SDK/startup/startup_mk64f12.o
                0x0000023e                bss_init
 .after_vectors
                0x00000250       0x14 ./SDK/startup/startup_mk64f12.o
                0x00000250                NMI_Handler
                0x00000254                MemManage_Handler
                0x00000256                BusFault_Handler
                0x00000258                UsageFault_Handler
                0x0000025a                SVC_Handler
                0x0000025c                DebugMon_Handler
                0x0000025e                PendSV_Handler
                0x00000262                DMA_Error_DriverIRQHandler
                0x00000262                LPTMR0_DriverIRQHandler
                0x00000262                FTM1_DriverIRQHandler
                0x00000262                FTM2_DriverIRQHandler
                0x00000262                PIT2_DriverIRQHandler
                0x00000262                SDHC_DriverIRQHandler
                0x00000262                I2S0_Tx_DriverIRQHandler
                0x00000262                RTC_Seconds_DriverIRQHandler
                0x00000262                DMA6_DriverIRQHandler
                0x00000262                LLWU_DriverIRQHandler
                0x00000262                MCM_DriverIRQHandler
                0x00000262                MCG_DriverIRQHandler
                0x00000262                ENET_1588_Timer_DriverIRQHandler
                0x00000262                I2C2_DriverIRQHandler
                0x00000262                DAC1_DriverIRQHandler
                0x00000262                SPI1_DriverIRQHandler
                0x00000262                CMP1_DriverIRQHandler
                0x00000262                UART5_RX_TX_DriverIRQHandler
                0x00000262                FTM0_DriverIRQHandler
                0x00000262                IntDefaultHandler
                0x00000262                USB0_DriverIRQHandler
                0x00000262                UART5_ERR_DriverIRQHandler
                0x00000262                PORTC_DriverIRQHandler
                0x00000262                DMA11_DriverIRQHandler
                0x00000262                DAC0_DriverIRQHandler
                0x00000262                DMA10_DriverIRQHandler
                0x00000262                CMP2_DriverIRQHandler
                0x00000262                UART2_ERR_DriverIRQHandler
                0x00000262                SPI2_DriverIRQHandler
                0x00000262                LVD_LVW_DriverIRQHandler
                0x00000262                PIT0_DriverIRQHandler
                0x00000262                RNG_DriverIRQHandler
                0x00000262                DMA5_DriverIRQHandler
                0x00000262                DMA12_DriverIRQHandler
                0x00000262                UART2_RX_TX_DriverIRQHandler
                0x00000262                USBDCD_DriverIRQHandler
                0x00000262                UART3_ERR_DriverIRQHandler
                0x00000262                DMA3_DriverIRQHandler
                0x00000262                DMA8_DriverIRQHandler
                0x00000262                DMA9_DriverIRQHandler
                0x00000262                UART0_ERR_DriverIRQHandler
                0x00000262                CMT_DriverIRQHandler
                0x00000262                Reserved71_DriverIRQHandler
                0x00000262                ADC1_DriverIRQHandler
                0x00000262                PORTA_DriverIRQHandler
                0x00000262                DMA14_DriverIRQHandler
                0x00000262                PIT3_DriverIRQHandler
                0x00000262                PIT1_DriverIRQHandler
                0x00000262                WDOG_EWM_DriverIRQHandler
                0x00000262                PDB0_DriverIRQHandler
                0x00000262                RTC_DriverIRQHandler
                0x00000262                I2S0_Rx_DriverIRQHandler
                0x00000262                Read_Collision_DriverIRQHandler
                0x00000262                SWI_DriverIRQHandler
                0x00000262                UART4_RX_TX_DriverIRQHandler
                0x00000262                UART4_ERR_DriverIRQHandler
                0x00000262                PORTB_DriverIRQHandler
                0x00000262                UART0_LON_DriverIRQHandler
                0x00000262                DMA0_DriverIRQHandler
                0x00000262                DMA1_DriverIRQHandler
                0x00000262                I2C1_DriverIRQHandler
                0x00000262                UART3_RX_TX_DriverIRQHandler
                0x00000262                ENET_Receive_DriverIRQHandler
                0x00000262                DMA13_DriverIRQHandler
                0x00000262                ENET_Error_DriverIRQHandler
                0x00000262                DMA15_DriverIRQHandler
                0x00000262                UART0_RX_TX_DriverIRQHandler
                0x00000262                SPI0_DriverIRQHandler
                0x00000262                ADC0_DriverIRQHandler
                0x00000262                CMP0_DriverIRQHandler
                0x00000262                CAN0_DriverIRQHandler
                0x00000262                FTM3_DriverIRQHandler
                0x00000262                DMA4_DriverIRQHandler
                0x00000262                UART1_ERR_DriverIRQHandler
                0x00000262                DMA2_DriverIRQHandler
                0x00000262                ENET_Transmit_DriverIRQHandler
                0x00000262                PORTD_DriverIRQHandler
                0x00000262                PORTE_DriverIRQHandler
                0x00000262                FTFE_DriverIRQHandler
                0x00000262                I2C0_DriverIRQHandler
                0x00000262                DMA7_DriverIRQHandler
                0x00000262                UART1_RX_TX_DriverIRQHandler
                0x00000400                . = 0x400
 *fill*         0x00000264      0x19c ff
                0x00000400                PROVIDE (__FLASH_CONFIG_START__, .)
 *(SORT_BY_ALIGNMENT(.FlashConfig))
 .FlashConfig   0x00000400       0x10 ./SDK/startup/startup_mk64f12.o
                0x00000400                Flash_Config
                0x00000410                PROVIDE (__FLASH_CONFIG_END__, .)
                0x00000001                ASSERT (! ((__FLASH_CONFIG_START__ == __FLASH_CONFIG_END__)), Linker Flash Config Support Enabled, but no .FlashConfig section provided within application)
 *(SORT_BY_ALIGNMENT(.text*))
 .text.fp_display
                0x00000410      0x974 c:/nxp/mcuxpressoide_10.2.0_759/ide/tools/bin/../lib/gcc/arm-none-eabi/7.2.1/../../../../arm-none-eabi/lib/thumb/v7e-m/fpv4-sp/hard\libcr_c.a(fpprintf.o)
 *fill*         0x00000d84        0x4 ff
 .text._frexpl  0x00000d88       0x68 c:/nxp/mcuxpressoide_10.2.0_759/ide/tools/bin/../lib/gcc/arm-none-eabi/7.2.1/../../../../arm-none-eabi/lib/thumb/v7e-m/fpv4-sp/hard\libcr_c.a(_frexpl.o)
                0x00000d88                _frexpl
 .text._ldexpl  0x00000df0       0x58 c:/nxp/mcuxpressoide_10.2.0_759/ide/tools/bin/../lib/gcc/arm-none-eabi/7.2.1/../../../../arm-none-eabi/lib/thumb/v7e-m/fpv4-sp/hard\libcr_c.a(_ldexpl.o)
                0x00000df0                _ldexpl
 .text.App_Run  0x00000e48       0x1c ./source/App.o
                0x00000e48                App_Run
 .text.SysTick_Init
                0x00000e64       0x40 ./source/SysTick.o
                0x00000e64                SysTick_Init
 .text.SysTick_Handler
                0x00000ea4       0x24 ./source/SysTick.o
                0x00000ea4                SysTick_Handler
 .text.initButton
                0x00000ec8       0x4c ./source/button.o
                0x00000ec8                initButton
 .text.event_coming
                0x00000f14       0xb0 ./source/button.o
 .text.callback_button
                0x00000fc4       0x1c ./source/button.o
 .text.callback_click
                0x00000fe0       0x6c ./source/button.o
 .text.get_current_values
                0x0000104c       0x1c ./source/button.o
 .text.readCard
                0x00001068       0xb4 ./source/card_reader.o
                0x00001068                readCard
 .text.initCardReader
                0x0000111c       0xa0 ./source/card_reader.o
                0x0000111c                initCardReader
 .text.irq_clk_falling_edge
                0x000011bc       0x18 ./source/card_reader.o
 .text.pin2data
                0x000011d4      0x108 ./source/card_reader.o
 .text.validateParity
                0x000012dc       0x80 ./source/card_reader.o
                0x000012dc                validateParity
 .text.validateChar
                0x0000135c       0x68 ./source/card_reader.o
                0x0000135c                validateChar
 .text.add2track
                0x000013c4      0x144 ./source/card_reader.o
                0x000013c4                add2track
 .text.add2ID   0x00001508       0x3c ./source/card_reader.o
                0x00001508                add2ID
 .text.validate_LRC
                0x00001544       0x80 ./source/card_reader.o
                0x00001544                validate_LRC
 .text.initDisplay
                0x000015c4       0xd0 ./source/display.o
                0x000015c4                initDisplay
 .text.refresh_display
                0x00001694       0x68 ./source/display.o
 .text.clear_display
                0x000016fc       0x18 ./source/display.o
 .text.set_digit
                0x00001714       0x8c ./source/display.o
 .text.scroll_message
                0x000017a0       0xc8 ./source/display.o
 .text.display_blink
                0x00001868       0x5c ./source/display.o
 .text.scroll_buffer
                0x000018c4       0x20 ./source/display.o
 .text.blink_digits
                0x000018e4       0x30 ./source/display.o
 .text.clear_buffer
                0x00001914       0x40 ./source/display.o
 .text.initEncoder
                0x00001954       0x54 ./source/encoder.o
                0x00001954                initEncoder
 .text.event_coming
                0x000019a8      0x1f8 ./source/encoder.o
 .text.callback_encoder
                0x00001ba0       0x30 ./source/encoder.o
 .text.get_current_values
                0x00001bd0       0x2c ./source/encoder.o
 .text.__NVIC_EnableIRQ
                0x00001bfc       0x3c ./source/gpio.o
 .text.__NVIC_DisableIRQ
                0x00001c38       0x44 ./source/gpio.o
 .text.gpioMode
                0x00001c7c      0x13c ./source/gpio.o
                0x00001c7c                gpioMode
 .text.gpioWrite
                0x00001db8       0x5c ./source/gpio.o
                0x00001db8                gpioWrite
 .text.gpioRead
                0x00001e14       0x58 ./source/gpio.o
                0x00001e14                gpioRead
 .text.gpioIRQ  0x00001e6c       0xbc ./source/gpio.o
                0x00001e6c                gpioIRQ
 .text.IRQHandler
                0x00001f28       0x74 ./source/gpio.o
 .text.initLeds
                0x00001f9c       0x5c ./source/leds.o
                0x00001f9c                initLeds
 .text.set_led  0x00001ff8       0x24 ./source/leds.o
                0x00001ff8                set_led
 .text.clear_led
                0x0000201c       0x24 ./source/leds.o
                0x0000201c                clear_led
 .text.callback_leds
                0x00002040       0x9c ./source/leds.o
 .text.timerInit
                0x000020dc       0x28 ./source/timer.o
                0x000020dc                timerInit
 .text.timerGetId
                0x00002104       0x2c ./source/timer.o
                0x00002104                timerGetId
 .text.timerStart
                0x00002130       0xa4 ./source/timer.o
                0x00002130                timerStart
 .text.timerRestart
                0x000021d4       0x6c ./source/timer.o
                0x000021d4                timerRestart
 .text.timerFinish
                0x00002240       0x5c ./source/timer.o
                0x00002240                timerFinish
 .text.timerReset
                0x0000229c       0x58 ./source/timer.o
                0x0000229c                timerReset
 .text.timerActivate
                0x000022f4       0x58 ./source/timer.o
                0x000022f4                timerActivate
 .text.timer_isr
                0x0000234c       0xd4 ./source/timer.o
 .text.hw_Init  0x00002420      0x10c ./SDK/startup/hardware.o
                0x00002420                hw_Init
 .text.hw_EnableInterrupts
                0x0000252c       0x30 ./SDK/startup/hardware.o
                0x0000252c                hw_EnableInterrupts
 .text.hw_DisableInterrupts
                0x0000255c       0x20 ./SDK/startup/hardware.o
                0x0000255c                hw_DisableInterrupts
 .text.SystemInit
                0x0000257c       0x3c ./SDK/CMSIS/system_MK64F12.o
                0x0000257c                SystemInit
 .text.sprintf  0x000025b8       0x6c c:/nxp/mcuxpressoide_10.2.0_759/ide/tools/bin/../lib/gcc/arm-none-eabi/7.2.1/../../../../arm-none-eabi/lib/thumb/v7e-m/fpv4-sp/hard\libcr_c.a(fpprintf.o)
                0x000025b8                sprintf
 .text.vsnprintf
                0x00002624       0x5c c:/nxp/mcuxpressoide_10.2.0_759/ide/tools/bin/../lib/gcc/arm-none-eabi/7.2.1/../../../../arm-none-eabi/lib/thumb/v7e-m/fpv4-sp/hard\libcr_c.a(fpprintf.o)
                0x00002624                vsnprintf
 .text.printf   0x00002680       0x54 c:/nxp/mcuxpressoide_10.2.0_759/ide/tools/bin/../lib/gcc/arm-none-eabi/7.2.1/../../../../arm-none-eabi/lib/thumb/v7e-m/fpv4-sp/hard\libcr_c.a(fpprintf.o)
                0x00002680                printf
 .text.__vfprintf
                0x000026d4      0xb98 c:/nxp/mcuxpressoide_10.2.0_759/ide/tools/bin/../lib/gcc/arm-none-eabi/7.2.1/../../../../arm-none-eabi/lib/thumb/v7e-m/fpv4-sp/hard\libcr_c.a(printf.o)
                0x000026d4                __vfprintf
 .text._Cwritebuf
                0x0000326c       0x6c c:/nxp/mcuxpressoide_10.2.0_759/ide/tools/bin/../lib/gcc/arm-none-eabi/7.2.1/../../../../arm-none-eabi/lib/thumb/v7e-m/fpv4-sp/hard\libcr_c.a(_writebuf.o)
                0x0000326c                _Cwritebuf
 .text.malloc   0x000032d8       0xc8 c:/nxp/mcuxpressoide_10.2.0_759/ide/tools/bin/../lib/gcc/arm-none-eabi/7.2.1/../../../../arm-none-eabi/lib/thumb/v7e-m/fpv4-sp/hard\libcr_c.a(alloc.o)
                0x000032d8                malloc
 .text._Csys_alloc
                0x000033a0       0x20 c:/nxp/mcuxpressoide_10.2.0_759/ide/tools/bin/../lib/gcc/arm-none-eabi/7.2.1/../../../../arm-none-eabi/lib/thumb/v7e-m/fpv4-sp/hard\libcr_c.a(alloc.o)
                0x000033a0                _Csys_alloc
 .text.fseek    0x000033c0      0x100 c:/nxp/mcuxpressoide_10.2.0_759/ide/tools/bin/../lib/gcc/arm-none-eabi/7.2.1/../../../../arm-none-eabi/lib/thumb/v7e-m/fpv4-sp/hard\libcr_c.a(fseek.o)
                0x000033c0                fseek
 .text.ftell    0x000034c0       0x44 c:/nxp/mcuxpressoide_10.2.0_759/ide/tools/bin/../lib/gcc/arm-none-eabi/7.2.1/../../../../arm-none-eabi/lib/thumb/v7e-m/fpv4-sp/hard\libcr_c.a(ftell.o)
                0x000034c0                ftell
 .text._sbrk    0x00003504       0x3c c:/nxp/mcuxpressoide_10.2.0_759/ide/tools/bin/../lib/gcc/arm-none-eabi/7.2.1/../../../../arm-none-eabi/lib/thumb/v7e-m/fpv4-sp/hard\libcr_c.a(_cr_sbrk.o)
                0x00003504                _sbrk
 .text.__check_heap_overflow
                0x00003540       0x18 c:/nxp/mcuxpressoide_10.2.0_759/ide/tools/bin/../lib/gcc/arm-none-eabi/7.2.1/../../../../arm-none-eabi/lib/thumb/v7e-m/fpv4-sp/hard\libcr_c.a(_cr_check_heap.o)
                0x00003540                __check_heap_overflow
 .text.__aeabi_dmul
                0x00003558      0x11c c:/nxp/mcuxpressoide_10.2.0_759/ide/tools/bin/../lib/gcc/arm-none-eabi/7.2.1/thumb/v7e-m/fpv4-sp/hard\libcr_eabihelpers.a(double.o)
                0x00003558                __aeabi_dmul
 .text.__aeabi_ddiv
                0x00003674      0x138 c:/nxp/mcuxpressoide_10.2.0_759/ide/tools/bin/../lib/gcc/arm-none-eabi/7.2.1/thumb/v7e-m/fpv4-sp/hard\libcr_eabihelpers.a(double.o)
                0x00003674                __aeabi_ddiv
 .text.__aeabi_dsub
                0x000037ac      0x1b4 c:/nxp/mcuxpressoide_10.2.0_759/ide/tools/bin/../lib/gcc/arm-none-eabi/7.2.1/thumb/v7e-m/fpv4-sp/hard\libcr_eabihelpers.a(double.o)
                0x000037ac                __aeabi_dsub
 .text.__aeabi_dadd
                0x00003960      0x10c c:/nxp/mcuxpressoide_10.2.0_759/ide/tools/bin/../lib/gcc/arm-none-eabi/7.2.1/thumb/v7e-m/fpv4-sp/hard\libcr_eabihelpers.a(double.o)
                0x00003960                __aeabi_dadd
 .text.__sys_appexit
                0x00003a6c        0xc c:/nxp/mcuxpressoide_10.2.0_759/ide/tools/bin/../lib/gcc/arm-none-eabi/7.2.1/../../../../arm-none-eabi/lib/thumb/v7e-m/fpv4-sp/hard\libcr_semihost_nf.a(__sys_appexit.o)
                0x00003a6c                __sys_appexit
                0x00003a6c                __exit
 .text.App_Init
                0x00003a78       0x1c ./source/App.o
                0x00003a78                App_Init
 .text.irq_enable
                0x00003a94        0xc ./source/card_reader.o
 .text.set_display
                0x00003aa0       0x34 ./source/display.o
 .text.set_segment
                0x00003ad4       0x2e ./source/display.o
 .text.PORTA_IRQHandler
                0x00003b02       0x1e ./source/gpio.o
                0x00003b02                PORTA_IRQHandler
 .text.PORTB_IRQHandler
                0x00003b20       0x1e ./source/gpio.o
                0x00003b20                PORTB_IRQHandler
 .text.PORTC_IRQHandler
                0x00003b3e       0x1e ./source/gpio.o
                0x00003b3e                PORTC_IRQHandler
 .text.PORTD_IRQHandler
                0x00003b5c       0x1e ./source/gpio.o
                0x00003b5c                PORTD_IRQHandler
 .text.PORTE_IRQHandler
                0x00003b7a       0x1e ./source/gpio.o
                0x00003b7a                PORTE_IRQHandler
 .text.timerCreate
                0x00003b98       0x2e ./source/timer.o
                0x00003b98                timerCreate
 .text.main     0x00003bc6       0x1a ./SDK/startup/main.o
                0x00003bc6                main
 .text.HardFault_Handler
                0x00003be0       0x2c ./SDK/startup/semihost_hardfault.o
                0x00003be0                HardFault_Handler
 .text.DMA0_IRQHandler
                0x00003c0c        0x8 ./SDK/startup/startup_mk64f12.o
                0x00003c0c                DMA0_IRQHandler
 .text.DMA1_IRQHandler
                0x00003c14        0x8 ./SDK/startup/startup_mk64f12.o
                0x00003c14                DMA1_IRQHandler
 .text.DMA2_IRQHandler
                0x00003c1c        0x8 ./SDK/startup/startup_mk64f12.o
                0x00003c1c                DMA2_IRQHandler
 .text.DMA3_IRQHandler
                0x00003c24        0x8 ./SDK/startup/startup_mk64f12.o
                0x00003c24                DMA3_IRQHandler
 .text.DMA4_IRQHandler
                0x00003c2c        0x8 ./SDK/startup/startup_mk64f12.o
                0x00003c2c                DMA4_IRQHandler
 .text.DMA5_IRQHandler
                0x00003c34        0x8 ./SDK/startup/startup_mk64f12.o
                0x00003c34                DMA5_IRQHandler
 .text.DMA6_IRQHandler
                0x00003c3c        0x8 ./SDK/startup/startup_mk64f12.o
                0x00003c3c                DMA6_IRQHandler
 .text.DMA7_IRQHandler
                0x00003c44        0x8 ./SDK/startup/startup_mk64f12.o
                0x00003c44                DMA7_IRQHandler
 .text.DMA8_IRQHandler
                0x00003c4c        0x8 ./SDK/startup/startup_mk64f12.o
                0x00003c4c                DMA8_IRQHandler
 .text.DMA9_IRQHandler
                0x00003c54        0x8 ./SDK/startup/startup_mk64f12.o
                0x00003c54                DMA9_IRQHandler
 .text.DMA10_IRQHandler
                0x00003c5c        0x8 ./SDK/startup/startup_mk64f12.o
                0x00003c5c                DMA10_IRQHandler
 .text.DMA11_IRQHandler
                0x00003c64        0x8 ./SDK/startup/startup_mk64f12.o
                0x00003c64                DMA11_IRQHandler
 .text.DMA12_IRQHandler
                0x00003c6c        0x8 ./SDK/startup/startup_mk64f12.o
                0x00003c6c                DMA12_IRQHandler
 .text.DMA13_IRQHandler
                0x00003c74        0x8 ./SDK/startup/startup_mk64f12.o
                0x00003c74                DMA13_IRQHandler
 .text.DMA14_IRQHandler
                0x00003c7c        0x8 ./SDK/startup/startup_mk64f12.o
                0x00003c7c                DMA14_IRQHandler
 .text.DMA15_IRQHandler
                0x00003c84        0x8 ./SDK/startup/startup_mk64f12.o
                0x00003c84                DMA15_IRQHandler
 .text.DMA_Error_IRQHandler
                0x00003c8c        0x8 ./SDK/startup/startup_mk64f12.o
                0x00003c8c                DMA_Error_IRQHandler
 .text.MCM_IRQHandler
                0x00003c94        0x8 ./SDK/startup/startup_mk64f12.o
                0x00003c94                MCM_IRQHandler
 .text.FTFE_IRQHandler
                0x00003c9c        0x8 ./SDK/startup/startup_mk64f12.o
                0x00003c9c                FTFE_IRQHandler
 .text.Read_Collision_IRQHandler
                0x00003ca4        0x8 ./SDK/startup/startup_mk64f12.o
                0x00003ca4                Read_Collision_IRQHandler
 .text.LVD_LVW_IRQHandler
                0x00003cac        0x8 ./SDK/startup/startup_mk64f12.o
                0x00003cac                LVD_LVW_IRQHandler
 .text.LLWU_IRQHandler
                0x00003cb4        0x8 ./SDK/startup/startup_mk64f12.o
                0x00003cb4                LLWU_IRQHandler
 .text.WDOG_EWM_IRQHandler
                0x00003cbc        0x8 ./SDK/startup/startup_mk64f12.o
                0x00003cbc                WDOG_EWM_IRQHandler
 .text.RNG_IRQHandler
                0x00003cc4        0x8 ./SDK/startup/startup_mk64f12.o
                0x00003cc4                RNG_IRQHandler
 .text.I2C0_IRQHandler
                0x00003ccc        0x8 ./SDK/startup/startup_mk64f12.o
                0x00003ccc                I2C0_IRQHandler
 .text.I2C1_IRQHandler
                0x00003cd4        0x8 ./SDK/startup/startup_mk64f12.o
                0x00003cd4                I2C1_IRQHandler
 .text.SPI0_IRQHandler
                0x00003cdc        0x8 ./SDK/startup/startup_mk64f12.o
                0x00003cdc                SPI0_IRQHandler
 .text.SPI1_IRQHandler
                0x00003ce4        0x8 ./SDK/startup/startup_mk64f12.o
                0x00003ce4                SPI1_IRQHandler
 .text.I2S0_Tx_IRQHandler
                0x00003cec        0x8 ./SDK/startup/startup_mk64f12.o
                0x00003cec                I2S0_Tx_IRQHandler
 .text.I2S0_Rx_IRQHandler
                0x00003cf4        0x8 ./SDK/startup/startup_mk64f12.o
                0x00003cf4                I2S0_Rx_IRQHandler
 .text.UART0_LON_IRQHandler
                0x00003cfc        0x8 ./SDK/startup/startup_mk64f12.o
                0x00003cfc                UART0_LON_IRQHandler
 .text.UART0_RX_TX_IRQHandler
                0x00003d04        0x8 ./SDK/startup/startup_mk64f12.o
                0x00003d04                UART0_RX_TX_IRQHandler
 .text.UART0_ERR_IRQHandler
                0x00003d0c        0x8 ./SDK/startup/startup_mk64f12.o
                0x00003d0c                UART0_ERR_IRQHandler
 .text.UART1_RX_TX_IRQHandler
                0x00003d14        0x8 ./SDK/startup/startup_mk64f12.o
                0x00003d14                UART1_RX_TX_IRQHandler
 .text.UART1_ERR_IRQHandler
                0x00003d1c        0x8 ./SDK/startup/startup_mk64f12.o
                0x00003d1c                UART1_ERR_IRQHandler
 .text.UART2_RX_TX_IRQHandler
                0x00003d24        0x8 ./SDK/startup/startup_mk64f12.o
                0x00003d24                UART2_RX_TX_IRQHandler
 .text.UART2_ERR_IRQHandler
                0x00003d2c        0x8 ./SDK/startup/startup_mk64f12.o
                0x00003d2c                UART2_ERR_IRQHandler
 .text.UART3_RX_TX_IRQHandler
                0x00003d34        0x8 ./SDK/startup/startup_mk64f12.o
                0x00003d34                UART3_RX_TX_IRQHandler
 .text.UART3_ERR_IRQHandler
                0x00003d3c        0x8 ./SDK/startup/startup_mk64f12.o
                0x00003d3c                UART3_ERR_IRQHandler
 .text.ADC0_IRQHandler
                0x00003d44        0x8 ./SDK/startup/startup_mk64f12.o
                0x00003d44                ADC0_IRQHandler
 .text.CMP0_IRQHandler
                0x00003d4c        0x8 ./SDK/startup/startup_mk64f12.o
                0x00003d4c                CMP0_IRQHandler
 .text.CMP1_IRQHandler
                0x00003d54        0x8 ./SDK/startup/startup_mk64f12.o
                0x00003d54                CMP1_IRQHandler
 .text.FTM0_IRQHandler
                0x00003d5c        0x8 ./SDK/startup/startup_mk64f12.o
                0x00003d5c                FTM0_IRQHandler
 .text.FTM1_IRQHandler
                0x00003d64        0x8 ./SDK/startup/startup_mk64f12.o
                0x00003d64                FTM1_IRQHandler
 .text.FTM2_IRQHandler
                0x00003d6c        0x8 ./SDK/startup/startup_mk64f12.o
                0x00003d6c                FTM2_IRQHandler
 .text.CMT_IRQHandler
                0x00003d74        0x8 ./SDK/startup/startup_mk64f12.o
                0x00003d74                CMT_IRQHandler
 .text.RTC_IRQHandler
                0x00003d7c        0x8 ./SDK/startup/startup_mk64f12.o
                0x00003d7c                RTC_IRQHandler
 .text.RTC_Seconds_IRQHandler
                0x00003d84        0x8 ./SDK/startup/startup_mk64f12.o
                0x00003d84                RTC_Seconds_IRQHandler
 .text.PIT0_IRQHandler
                0x00003d8c        0x8 ./SDK/startup/startup_mk64f12.o
                0x00003d8c                PIT0_IRQHandler
 .text.PIT1_IRQHandler
                0x00003d94        0x8 ./SDK/startup/startup_mk64f12.o
                0x00003d94                PIT1_IRQHandler
 .text.PIT2_IRQHandler
                0x00003d9c        0x8 ./SDK/startup/startup_mk64f12.o
                0x00003d9c                PIT2_IRQHandler
 .text.PIT3_IRQHandler
                0x00003da4        0x8 ./SDK/startup/startup_mk64f12.o
                0x00003da4                PIT3_IRQHandler
 .text.PDB0_IRQHandler
                0x00003dac        0x8 ./SDK/startup/startup_mk64f12.o
                0x00003dac                PDB0_IRQHandler
 .text.USB0_IRQHandler
                0x00003db4        0x8 ./SDK/startup/startup_mk64f12.o
                0x00003db4                USB0_IRQHandler
 .text.USBDCD_IRQHandler
                0x00003dbc        0x8 ./SDK/startup/startup_mk64f12.o
                0x00003dbc                USBDCD_IRQHandler
 .text.Reserved71_IRQHandler
                0x00003dc4        0x8 ./SDK/startup/startup_mk64f12.o
                0x00003dc4                Reserved71_IRQHandler
 .text.DAC0_IRQHandler
                0x00003dcc        0x8 ./SDK/startup/startup_mk64f12.o
                0x00003dcc                DAC0_IRQHandler
 .text.MCG_IRQHandler
                0x00003dd4        0x8 ./SDK/startup/startup_mk64f12.o
                0x00003dd4                MCG_IRQHandler
 .text.LPTMR0_IRQHandler
                0x00003ddc        0x8 ./SDK/startup/startup_mk64f12.o
                0x00003ddc                LPTMR0_IRQHandler
 .text.SWI_IRQHandler
                0x00003de4        0x8 ./SDK/startup/startup_mk64f12.o
                0x00003de4                SWI_IRQHandler
 .text.SPI2_IRQHandler
                0x00003dec        0x8 ./SDK/startup/startup_mk64f12.o
                0x00003dec                SPI2_IRQHandler
 .text.UART4_RX_TX_IRQHandler
                0x00003df4        0x8 ./SDK/startup/startup_mk64f12.o
                0x00003df4                UART4_RX_TX_IRQHandler
 .text.UART4_ERR_IRQHandler
                0x00003dfc        0x8 ./SDK/startup/startup_mk64f12.o
                0x00003dfc                UART4_ERR_IRQHandler
 .text.UART5_RX_TX_IRQHandler
                0x00003e04        0x8 ./SDK/startup/startup_mk64f12.o
                0x00003e04                UART5_RX_TX_IRQHandler
 .text.UART5_ERR_IRQHandler
                0x00003e0c        0x8 ./SDK/startup/startup_mk64f12.o
                0x00003e0c                UART5_ERR_IRQHandler
 .text.CMP2_IRQHandler
                0x00003e14        0x8 ./SDK/startup/startup_mk64f12.o
                0x00003e14                CMP2_IRQHandler
 .text.FTM3_IRQHandler
                0x00003e1c        0x8 ./SDK/startup/startup_mk64f12.o
                0x00003e1c                FTM3_IRQHandler
 .text.DAC1_IRQHandler
                0x00003e24        0x8 ./SDK/startup/startup_mk64f12.o
                0x00003e24                DAC1_IRQHandler
 .text.ADC1_IRQHandler
                0x00003e2c        0x8 ./SDK/startup/startup_mk64f12.o
                0x00003e2c                ADC1_IRQHandler
 .text.I2C2_IRQHandler
                0x00003e34        0x8 ./SDK/startup/startup_mk64f12.o
                0x00003e34                I2C2_IRQHandler
 .text.CAN0_ORed_Message_buffer_IRQHandler
                0x00003e3c        0x8 ./SDK/startup/startup_mk64f12.o
                0x00003e3c                CAN0_ORed_Message_buffer_IRQHandler
 .text.CAN0_Bus_Off_IRQHandler
                0x00003e44        0x8 ./SDK/startup/startup_mk64f12.o
                0x00003e44                CAN0_Bus_Off_IRQHandler
 .text.CAN0_Error_IRQHandler
                0x00003e4c        0x8 ./SDK/startup/startup_mk64f12.o
                0x00003e4c                CAN0_Error_IRQHandler
 .text.CAN0_Tx_Warning_IRQHandler
                0x00003e54        0x8 ./SDK/startup/startup_mk64f12.o
                0x00003e54                CAN0_Tx_Warning_IRQHandler
 .text.CAN0_Rx_Warning_IRQHandler
                0x00003e5c        0x8 ./SDK/startup/startup_mk64f12.o
                0x00003e5c                CAN0_Rx_Warning_IRQHandler
 .text.CAN0_Wake_Up_IRQHandler
                0x00003e64        0x8 ./SDK/startup/startup_mk64f12.o
                0x00003e64                CAN0_Wake_Up_IRQHandler
 .text.SDHC_IRQHandler
                0x00003e6c        0x8 ./SDK/startup/startup_mk64f12.o
                0x00003e6c                SDHC_IRQHandler
 .text.ENET_1588_Timer_IRQHandler
                0x00003e74        0x8 ./SDK/startup/startup_mk64f12.o
                0x00003e74                ENET_1588_Timer_IRQHandler
 .text.ENET_Transmit_IRQHandler
                0x00003e7c        0x8 ./SDK/startup/startup_mk64f12.o
                0x00003e7c                ENET_Transmit_IRQHandler
 .text.ENET_Receive_IRQHandler
                0x00003e84        0x8 ./SDK/startup/startup_mk64f12.o
                0x00003e84                ENET_Receive_IRQHandler
 .text.ENET_Error_IRQHandler
                0x00003e8c        0x8 ./SDK/startup/startup_mk64f12.o
                0x00003e8c                ENET_Error_IRQHandler
 .text.SystemInitHook
                0x00003e94        0xe ./SDK/CMSIS/system_MK64F12.o
                0x00003e94                SystemInitHook
 .text.fp_round
                0x00003ea2       0x4e c:/nxp/mcuxpressoide_10.2.0_759/ide/tools/bin/../lib/gcc/arm-none-eabi/7.2.1/../../../../arm-none-eabi/lib/thumb/v7e-m/fpv4-sp/hard\libcr_c.a(fpprintf.o)
 .text.pr_dec.constprop.1
                0x00003ef0       0x26 c:/nxp/mcuxpressoide_10.2.0_759/ide/tools/bin/../lib/gcc/arm-none-eabi/7.2.1/../../../../arm-none-eabi/lib/thumb/v7e-m/fpv4-sp/hard\libcr_c.a(fpprintf.o)
 .text.strlen   0x00003f16       0x4a c:/nxp/mcuxpressoide_10.2.0_759/ide/tools/bin/../lib/gcc/arm-none-eabi/7.2.1/../../../../arm-none-eabi/lib/thumb/v7e-m/fpv4-sp/hard\libcr_c.a(strlen.o)
                0x00003f16                strlen
 .text.memset   0x00003f60        0x4 c:/nxp/mcuxpressoide_10.2.0_759/ide/tools/bin/../lib/gcc/arm-none-eabi/7.2.1/../../../../arm-none-eabi/lib/thumb/v7e-m/fpv4-sp/hard\libcr_c.a(memset.o)
                0x00003f60                memset
 .text._deferredlazyseek
                0x00003f64       0x40 c:/nxp/mcuxpressoide_10.2.0_759/ide/tools/bin/../lib/gcc/arm-none-eabi/7.2.1/../../../../arm-none-eabi/lib/thumb/v7e-m/fpv4-sp/hard\libcr_c.a(_deferredlazyseek.o)
                0x00003f64                _deferredlazyseek
 .text.__flsbuf
                0x00003fa4      0x140 c:/nxp/mcuxpressoide_10.2.0_759/ide/tools/bin/../lib/gcc/arm-none-eabi/7.2.1/../../../../arm-none-eabi/lib/thumb/v7e-m/fpv4-sp/hard\libcr_c.a(_deferredlazyseek.o)
                0x00003fa4                __flsbuf
 .text._fflush  0x000040e4       0x52 c:/nxp/mcuxpressoide_10.2.0_759/ide/tools/bin/../lib/gcc/arm-none-eabi/7.2.1/../../../../arm-none-eabi/lib/thumb/v7e-m/fpv4-sp/hard\libcr_c.a(_fflush.o)
                0x000040e4                _fflush
 .text.free     0x00004136       0x30 c:/nxp/mcuxpressoide_10.2.0_759/ide/tools/bin/../lib/gcc/arm-none-eabi/7.2.1/../../../../arm-none-eabi/lib/thumb/v7e-m/fpv4-sp/hard\libcr_c.a(alloc.o)
                0x00004136                free
 .text.__aeabi_d2iz
                0x00004166       0x40 c:/nxp/mcuxpressoide_10.2.0_759/ide/tools/bin/../lib/gcc/arm-none-eabi/7.2.1/thumb/v7e-m/fpv4-sp/hard\libcr_eabihelpers.a(double.o)
                0x00004166                __aeabi_d2iz
 .text.__bhs_ui2d
                0x000041a6       0x46 c:/nxp/mcuxpressoide_10.2.0_759/ide/tools/bin/../lib/gcc/arm-none-eabi/7.2.1/thumb/v7e-m/fpv4-sp/hard\libcr_eabihelpers.a(double.o)
                0x000041a6                __bhs_ui2d
 .text.__aeabi_i2d
                0x000041ec       0x12 c:/nxp/mcuxpressoide_10.2.0_759/ide/tools/bin/../lib/gcc/arm-none-eabi/7.2.1/thumb/v7e-m/fpv4-sp/hard\libcr_eabihelpers.a(double.o)
                0x000041ec                __aeabi_i2d
 .text.__aeabi_dcmpeq
                0x000041fe       0x30 c:/nxp/mcuxpressoide_10.2.0_759/ide/tools/bin/../lib/gcc/arm-none-eabi/7.2.1/thumb/v7e-m/fpv4-sp/hard\libcr_eabihelpers.a(double.o)
                0x000041fe                __aeabi_dcmpeq
 .text.__aeabi_dcmplt
                0x0000422e       0x58 c:/nxp/mcuxpressoide_10.2.0_759/ide/tools/bin/../lib/gcc/arm-none-eabi/7.2.1/thumb/v7e-m/fpv4-sp/hard\libcr_eabihelpers.a(double.o)
                0x0000422e                __aeabi_dcmplt
 .text.__aeabi_dcmple
                0x00004286       0x5a c:/nxp/mcuxpressoide_10.2.0_759/ide/tools/bin/../lib/gcc/arm-none-eabi/7.2.1/thumb/v7e-m/fpv4-sp/hard\libcr_eabihelpers.a(double.o)
                0x00004286                __aeabi_dcmple
 .text.__aeabi_dcmpge
                0x000042e0       0x58 c:/nxp/mcuxpressoide_10.2.0_759/ide/tools/bin/../lib/gcc/arm-none-eabi/7.2.1/thumb/v7e-m/fpv4-sp/hard\libcr_eabihelpers.a(double.o)
                0x000042e0                __aeabi_dcmpge
 .text.__aeabi_memset_lowlevel
                0x00004338       0x32 c:/nxp/mcuxpressoide_10.2.0_759/ide/tools/bin/../lib/gcc/arm-none-eabi/7.2.1/thumb/v7e-m/fpv4-sp/hard\libcr_eabihelpers.a(memcpy.o)
                0x00004338                __aeabi_lowlevel_memset
 .text.__sys_flen
                0x0000436a        0xc c:/nxp/mcuxpressoide_10.2.0_759/ide/tools/bin/../lib/gcc/arm-none-eabi/7.2.1/../../../../arm-none-eabi/lib/thumb/v7e-m/fpv4-sp/hard\libcr_semihost_nf.a(__sys_flen.o)
                0x0000436a                __sys_flen
 .text.__sys_istty
                0x00004376        0xc c:/nxp/mcuxpressoide_10.2.0_759/ide/tools/bin/../lib/gcc/arm-none-eabi/7.2.1/../../../../arm-none-eabi/lib/thumb/v7e-m/fpv4-sp/hard\libcr_semihost_nf.a(__sys_istty.o)
                0x00004376                __sys_istty
 .text.__sys_seek
                0x00004382        0xc c:/nxp/mcuxpressoide_10.2.0_759/ide/tools/bin/../lib/gcc/arm-none-eabi/7.2.1/../../../../arm-none-eabi/lib/thumb/v7e-m/fpv4-sp/hard\libcr_semihost_nf.a(__sys_seek.o)
                0x00004382                __sys_seek
 .text.__sys_write
                0x0000438e        0xc c:/nxp/mcuxpressoide_10.2.0_759/ide/tools/bin/../lib/gcc/arm-none-eabi/7.2.1/../../../../arm-none-eabi/lib/thumb/v7e-m/fpv4-sp/hard\libcr_semihost_nf.a(__sys_write.o)
                0x0000438e                __sys_write
 *(SORT_BY_ALIGNMENT(.rodata) SORT_BY_ALIGNMENT(.rodata.*) SORT_BY_ALIGNMENT(.constdata) SORT_BY_ALIGNMENT(.constdata.*))
 *fill*         0x0000439a        0x6 ff
 .rodata.__huge_vall
                0x000043a0        0x8 c:/nxp/mcuxpressoide_10.2.0_759/ide/tools/bin/../lib/gcc/arm-none-eabi/7.2.1/../../../../arm-none-eabi/lib/thumb/v7e-m/fpv4-sp/hard\libcr_c.a(_hugeval.o)
                0x000043a0                __huge_vall
 .rodata        0x000043a8        0xa ./source/display.o
 *fill*         0x000043b2        0x2 ff
 .rodata.PORT_PTRS
                0x000043b4       0x14 ./source/gpio.o
 .rodata.GPIO_PTRS
                0x000043c8       0x14 ./source/gpio.o
 .rodata.IRQC_MODES
                0x000043dc       0x18 ./source/gpio.o
 .rodata        0x000043f4        0x8 ./source/leds.o
 .rodata.fp_display.str1.1
                0x000043fc       0x34 c:/nxp/mcuxpressoide_10.2.0_759/ide/tools/bin/../lib/gcc/arm-none-eabi/7.2.1/../../../../arm-none-eabi/lib/thumb/v7e-m/fpv4-sp/hard\libcr_c.a(fpprintf.o)
                                 0x35 (size before relaxing)
 .rodata.__vfprintf.str1.1
                0x00004430       0x31 c:/nxp/mcuxpressoide_10.2.0_759/ide/tools/bin/../lib/gcc/arm-none-eabi/7.2.1/../../../../arm-none-eabi/lib/thumb/v7e-m/fpv4-sp/hard\libcr_c.a(printf.o)
                                 0x38 (size before relaxing)
 .rodata._Csys_alloc.str1.1
                0x00004461       0x18 c:/nxp/mcuxpressoide_10.2.0_759/ide/tools/bin/../lib/gcc/arm-none-eabi/7.2.1/../../../../arm-none-eabi/lib/thumb/v7e-m/fpv4-sp/hard\libcr_c.a(alloc.o)
                0x00004480                . = ALIGN (0x8)
 *fill*         0x00004479        0x7 ff

.glue_7         0x00004480        0x0
 .glue_7        0x00004480        0x0 linker stubs

.glue_7t        0x00004480        0x0
 .glue_7t       0x00004480        0x0 linker stubs

.vfp11_veneer   0x00004480        0x0
 .vfp11_veneer  0x00004480        0x0 linker stubs

.v4_bx          0x00004480        0x0
 .v4_bx         0x00004480        0x0 linker stubs

.iplt           0x00004480        0x0
 .iplt          0x00004480        0x0 ./source/App.o

.rel.dyn        0x00004480        0x0
 .rel.iplt      0x00004480        0x0 ./source/App.o

.ARM.extab
 *(SORT_BY_ALIGNMENT(.ARM.extab*) SORT_BY_ALIGNMENT(.gnu.linkonce.armextab.*))
                0x00004480                __exidx_start = .

.ARM.exidx
 *(SORT_BY_ALIGNMENT(.ARM.exidx*) SORT_BY_ALIGNMENT(.gnu.linkonce.armexidx.*))
                0x00004480                __exidx_end = .
                0x00004480                _etext = .

.m_usb_data
 *(SORT_BY_ALIGNMENT(m_usb_bdt))

.data_RAM2      0x1fff0000        0x0 load address 0x00004480
 FILL mask 0xff
                [!provide]                PROVIDE (__start_data_RAM2, .)
 *(SORT_BY_ALIGNMENT(.ramfunc.$RAM2))
 *(SORT_BY_ALIGNMENT(.ramfunc.$SRAM_LOWER))
 *(SORT_BY_ALIGNMENT(.data.$RAM2*))
 *(SORT_BY_ALIGNMENT(.data.$SRAM_LOWER*))
                0x1fff0000                . = ALIGN (0x8)
                [!provide]                PROVIDE (__end_data_RAM2, .)

.data_RAM3      0x14000000        0x0 load address 0x00004480
 FILL mask 0xff
                [!provide]                PROVIDE (__start_data_RAM3, .)
 *(SORT_BY_ALIGNMENT(.ramfunc.$RAM3))
 *(SORT_BY_ALIGNMENT(.ramfunc.$FLEX_RAM))
 *(SORT_BY_ALIGNMENT(.data.$RAM3*))
 *(SORT_BY_ALIGNMENT(.data.$FLEX_RAM*))
                0x14000000                . = ALIGN (0x8)
                [!provide]                PROVIDE (__end_data_RAM3, .)

.uninit_RESERVED
                0x20000000        0x0
 *(SORT_BY_ALIGNMENT(.bss.$RESERVED*))
                0x20000000                . = ALIGN (0x4)
                0x20000000                _end_uninit_RESERVED = .

.data           0x20000000       0x30 load address 0x00004480
 FILL mask 0xff
                0x20000000                _data = .
 *(SORT_BY_ALIGNMENT(vtable))
 *(SORT_BY_ALIGNMENT(.ramfunc*))
 *(SORT_BY_ALIGNMENT(.data*))
 .data.char_arr
                0x20000000       0x19 ./source/display.o
 *fill*         0x20000019        0x3 ff
 .data.seg_arr  0x2000001c        0x8 ./source/display.o
 .data.led_selector
                0x20000024        0x8 ./source/leds.o
                0x20000024                led_selector
 .data.brightness
                0x2000002c        0x1 ./source/display.o
 .data.timers_cant
                0x2000002d        0x1 ./source/timer.o
                0x20000030                . = ALIGN (0x8)
 *fill*         0x2000002e        0x2 ff
                0x20000030                _edata = .

.igot.plt       0x20000030        0x0 load address 0x000044b0
 .igot.plt      0x20000030        0x0 ./source/App.o

.bss_RAM2       0x1fff0000        0x0
                [!provide]                PROVIDE (__start_bss_RAM2, .)
 *(SORT_BY_ALIGNMENT(.bss.$RAM2*))
 *(SORT_BY_ALIGNMENT(.bss.$SRAM_LOWER*))
                0x1fff0000                . = ALIGN ((. != 0x0)?0x8:0x1)
                [!provide]                PROVIDE (__end_bss_RAM2, .)

.bss_RAM3       0x14000000        0x0
                [!provide]                PROVIDE (__start_bss_RAM3, .)
 *(SORT_BY_ALIGNMENT(.bss.$RAM3*))
 *(SORT_BY_ALIGNMENT(.bss.$FLEX_RAM*))
                0x14000000                . = ALIGN ((. != 0x0)?0x8:0x1)
                [!provide]                PROVIDE (__end_bss_RAM3, .)

.bss            0x20000030      0x498
                0x20000030                _bss = .
 *(SORT_BY_ALIGNMENT(.bss*))
 .bss.i         0x20000030        0x4 ./source/App.o
 .bss.callback_ptr
                0x20000034        0x4 ./source/SysTick.o
 .bss.click_counter
                0x20000038        0x4 ./source/button.o
 .bss.current_char
                0x2000003c        0x1 ./source/card_reader.o
 *fill*         0x2000003d        0x3 
 .bss.Track     0x20000040        0x4 ./source/card_reader.o
 .bss.ID        0x20000044        0x4 ./source/card_reader.o
 .bss.stored_ID
                0x20000048        0x4 ./source/card_reader.o
 .bss.track_index
                0x2000004c        0x4 ./source/card_reader.o
 .bss.buffer    0x20000050       0x10 ./source/display.o
 .bss.blinking_digits
                0x20000060        0x4 ./source/display.o
 .bss.CALLBACKS
                0x20000064      0x280 ./source/gpio.o
 .bss.leds      0x200002e4        0x3 ./source/leds.o
                0x200002e4                leds
 *fill*         0x200002e7        0x1 
 .bss.timers    0x200002e8      0x100 ./source/timer.o
 .bss.__LDM_interruptDisableCount
                0x200003e8        0x4 ./SDK/startup/hardware.o
 .bss.errno     0x200003ec        0x4 c:/nxp/mcuxpressoide_10.2.0_759/ide/tools/bin/../lib/gcc/arm-none-eabi/7.2.1/../../../../arm-none-eabi/lib/thumb/v7e-m/fpv4-sp/hard\libcr_c.a(errno.o)
                0x200003ec                errno
 .bss.__end_of_heap
                0x200003f0        0x4 c:/nxp/mcuxpressoide_10.2.0_759/ide/tools/bin/../lib/gcc/arm-none-eabi/7.2.1/../../../../arm-none-eabi/lib/thumb/v7e-m/fpv4-sp/hard\libcr_c.a(__init_alloc.o)
                0x200003f0                __end_of_heap
 .bss.__heaps   0x200003f4        0x4 c:/nxp/mcuxpressoide_10.2.0_759/ide/tools/bin/../lib/gcc/arm-none-eabi/7.2.1/../../../../arm-none-eabi/lib/thumb/v7e-m/fpv4-sp/hard\libcr_c.a(__init_alloc.o)
                0x200003f4                __heaps
 .bss.__Ciob    0x200003f8       0xb4 c:/nxp/mcuxpressoide_10.2.0_759/ide/tools/bin/../lib/gcc/arm-none-eabi/7.2.1/../../../../arm-none-eabi/lib/thumb/v7e-m/fpv4-sp/hard\libcr_semihost_nf.a(__ciob.o)
                0x200003f8                __Ciob
 .bss.last_state_button
                0x200004ac        0x1 ./source/button.o
 .bss.current_C
                0x200004ad        0x1 ./source/button.o
 .bss.status    0x200004ae        0x1 ./source/button.o
 .bss.button_event
                0x200004af        0x1 ./source/button.o
 .bss.button_timer
                0x200004b0        0x1 ./source/button.o
 .bss.click_timer
                0x200004b1        0x1 ./source/button.o
 .bss.error_type
                0x200004b2        0x1 ./source/card_reader.o
 .bss.init      0x200004b3        0x1 ./source/card_reader.o
 .bss.clock_received
                0x200004b4        0x1 ./source/card_reader.o
 .bss.data_was_stored
                0x200004b5        0x1 ./source/card_reader.o
 .bss.display_state
                0x200004b6        0x1 ./source/display.o
 .bss.buffer_len
                0x200004b7        0x1 ./source/display.o
 .bss.buffer_idx
                0x200004b8        0x1 ./source/display.o
 .bss.scroll_idx
                0x200004b9        0x1 ./source/display.o
 .bss.blink     0x200004ba        0x1 ./source/display.o
 .bss.refresh_timer
                0x200004bb        0x1 ./source/display.o
 .bss.blink_timer
                0x200004bc        0x1 ./source/display.o
 .bss.scroll_timer
                0x200004bd        0x1 ./source/display.o
 .bss.current_state
                0x200004be        0x1 ./source/encoder.o
 .bss.current_A
                0x200004bf        0x1 ./source/encoder.o
 .bss.current_B
                0x200004c0        0x1 ./source/encoder.o
 .bss.status    0x200004c1        0x1 ./source/encoder.o
 .bss.encoder_event
                0x200004c2        0x1 ./source/encoder.o
 .bss.encoder_timer
                0x200004c3        0x1 ./source/encoder.o
 .bss.index     0x200004c4        0x1 ./source/leds.o
                0x200004c4                index
 .bss.leds_timer
                0x200004c5        0x1 ./source/leds.o
                0x200004c5                leds_timer
 .bss.yaInit.5624
                0x200004c6        0x1 ./source/timer.o
 *(SORT_BY_ALIGNMENT(COMMON))
                0x200004c8                . = ALIGN (0x8)
 *fill*         0x200004c7        0x1 
                0x200004c8                _ebss = .
                [!provide]                PROVIDE (end, .)

.noinit_RAM2    0x1fff0000        0x0
 *(SORT_BY_ALIGNMENT(.noinit.$RAM2*))
 *(SORT_BY_ALIGNMENT(.noinit.$SRAM_LOWER*))
                0x1fff0000                . = ALIGN (0x8)

.noinit_RAM3    0x14000000        0x0
 *(SORT_BY_ALIGNMENT(.noinit.$RAM3*))
 *(SORT_BY_ALIGNMENT(.noinit.$FLEX_RAM*))
                0x14000000                . = ALIGN (0x8)

.noinit         0x200004c8        0x0
                0x200004c8                _noinit = .
 *(SORT_BY_ALIGNMENT(.noinit*))
                0x200004c8                . = ALIGN (0x8)
                0x200004c8                _end_noinit = .
                0x00001000                _HeapSize = 0x1000

.heap           0x200004c8     0x1000
                0x200004c8                _pvHeapStart = .
                0x200014c8                . = (. + _HeapSize)
 *fill*         0x200004c8     0x1000 
                0x200014c8                . = ALIGN (0x8)
                0x200014c8                _pvHeapLimit = .
                0x00001000                _StackSize = 0x1000

.heap2stackfill
                0x200014c8     0x1000
                0x200024c8                . = (. + _StackSize)
 *fill*         0x200014c8     0x1000 

.stack          0x2002f000        0x0
                0x2002f000                _vStackBase = .
                0x2002f000                . = ALIGN (0x8)
                0x20030000                _vStackTop = (. + _StackSize)
                0x00000000                _image_start = LOADADDR (.text)
                0x000044b0                _image_end = (LOADADDR (.data) + SIZEOF (.data))
                0x000044b0                _image_size = (_image_end - _image_start)
OUTPUT(Blink.axf elf32-littlearm)

.debug_info     0x00000000     0x75a1
 .debug_info    0x00000000      0xc7d ./source/App.o
 .debug_info    0x00000c7d      0x14e ./source/SysTick.o
 .debug_info    0x00000dcb      0xa9e ./source/button.o
 .debug_info    0x00001869      0xc90 ./source/card_reader.o
 .debug_info    0x000024f9      0xe42 ./source/display.o
 .debug_info    0x0000333b      0xa9a ./source/encoder.o
 .debug_info    0x00003dd5      0xb20 ./source/gpio.o
 .debug_info    0x000048f5      0xa6e ./source/leds.o
 .debug_info    0x00005363      0xc2b ./source/timer.o
 .debug_info    0x00005f8e      0x675 ./SDK/startup/hardware.o
 .debug_info    0x00006603       0xb7 ./SDK/startup/main.o
 .debug_info    0x000066ba       0x3b ./SDK/startup/semihost_hardfault.o
 .debug_info    0x000066f5      0x8b0 ./SDK/startup/startup_mk64f12.o
 .debug_info    0x00006fa5      0x5fc ./SDK/CMSIS/system_MK64F12.o

.debug_abbrev   0x00000000     0x1aa7
 .debug_abbrev  0x00000000      0x296 ./source/App.o
 .debug_abbrev  0x00000296      0x104 ./source/SysTick.o
 .debug_abbrev  0x0000039a      0x276 ./source/button.o
 .debug_abbrev  0x00000610      0x321 ./source/card_reader.o
 .debug_abbrev  0x00000931      0x369 ./source/display.o
 .debug_abbrev  0x00000c9a      0x26f ./source/encoder.o
 .debug_abbrev  0x00000f09      0x243 ./source/gpio.o
 .debug_abbrev  0x0000114c      0x254 ./source/leds.o
 .debug_abbrev  0x000013a0      0x288 ./source/timer.o
 .debug_abbrev  0x00001628      0x138 ./SDK/startup/hardware.o
 .debug_abbrev  0x00001760       0x7d ./SDK/startup/main.o
 .debug_abbrev  0x000017dd       0x2f ./SDK/startup/semihost_hardfault.o
 .debug_abbrev  0x0000180c      0x15c ./SDK/startup/startup_mk64f12.o
 .debug_abbrev  0x00001968      0x13f ./SDK/CMSIS/system_MK64F12.o

.debug_aranges  0x00000000      0x7b0
 .debug_aranges
                0x00000000       0x58 ./source/App.o
 .debug_aranges
                0x00000058       0x28 ./source/SysTick.o
 .debug_aranges
                0x00000080       0x58 ./source/button.o
 .debug_aranges
                0x000000d8       0x88 ./source/card_reader.o
 .debug_aranges
                0x00000160       0xe0 ./source/display.o
 .debug_aranges
                0x00000240       0x50 ./source/encoder.o
 .debug_aranges
                0x00000290       0x80 ./source/gpio.o
 .debug_aranges
                0x00000310       0x40 ./source/leds.o
 .debug_aranges
                0x00000350       0x90 ./source/timer.o
 .debug_aranges
                0x000003e0       0x30 ./SDK/startup/hardware.o
 .debug_aranges
                0x00000410       0x20 ./SDK/startup/main.o
 .debug_aranges
                0x00000430       0x20 ./SDK/startup/semihost_hardfault.o
 .debug_aranges
                0x00000450      0x330 ./SDK/startup/startup_mk64f12.o
 .debug_aranges
                0x00000780       0x30 ./SDK/CMSIS/system_MK64F12.o

.debug_ranges   0x00000000      0x6d0
 .debug_ranges  0x00000000       0x48 ./source/App.o
 .debug_ranges  0x00000048       0x18 ./source/SysTick.o
 .debug_ranges  0x00000060       0x48 ./source/button.o
 .debug_ranges  0x000000a8       0x78 ./source/card_reader.o
 .debug_ranges  0x00000120       0xd0 ./source/display.o
 .debug_ranges  0x000001f0       0x40 ./source/encoder.o
 .debug_ranges  0x00000230       0x70 ./source/gpio.o
 .debug_ranges  0x000002a0       0x30 ./source/leds.o
 .debug_ranges  0x000002d0       0x80 ./source/timer.o
 .debug_ranges  0x00000350       0x20 ./SDK/startup/hardware.o
 .debug_ranges  0x00000370       0x10 ./SDK/startup/main.o
 .debug_ranges  0x00000380       0x10 ./SDK/startup/semihost_hardfault.o
 .debug_ranges  0x00000390      0x320 ./SDK/startup/startup_mk64f12.o
 .debug_ranges  0x000006b0       0x20 ./SDK/CMSIS/system_MK64F12.o

.debug_macro    0x00000000    0x1369f
 .debug_macro   0x00000000      0x282 ./source/App.o
 .debug_macro   0x00000282      0xa60 ./source/App.o
 .debug_macro   0x00000ce2       0x22 ./source/App.o
 .debug_macro   0x00000d04       0x52 ./source/App.o
 .debug_macro   0x00000d56       0x17 ./source/App.o
 .debug_macro   0x00000d6d       0x8d ./source/App.o
 .debug_macro   0x00000dfa       0x35 ./source/App.o
 .debug_macro   0x00000e2f       0x9c ./source/App.o
 .debug_macro   0x00000ecb       0x16 ./source/App.o
 .debug_macro   0x00000ee1       0x57 ./source/App.o
 .debug_macro   0x00000f38       0x97 ./source/App.o
 .debug_macro   0x00000fcf      0x330 ./source/App.o
 .debug_macro   0x000012ff       0xfd ./source/App.o
 .debug_macro   0x000013fc       0x10 ./source/App.o
 .debug_macro   0x0000140c       0x58 ./source/App.o
 .debug_macro   0x00001464       0x1f ./source/App.o
 .debug_macro   0x00001483       0x43 ./source/App.o
 .debug_macro   0x000014c6       0x20 ./source/App.o
 .debug_macro   0x000014e6      0x18e ./source/App.o
 .debug_macro   0x00001674       0x10 ./source/App.o
 .debug_macro   0x00001684       0x6a ./source/App.o
 .debug_macro   0x000016ee       0x1c ./source/App.o
 .debug_macro   0x0000170a       0x52 ./source/App.o
 .debug_macro   0x0000175c       0x40 ./source/App.o
 .debug_macro   0x0000179c       0x10 ./source/App.o
 .debug_macro   0x000017ac       0x40 ./source/App.o
 .debug_macro   0x000017ec       0xd7 ./source/App.o
 .debug_macro   0x000018c3       0x1c ./source/App.o
 .debug_macro   0x000018df       0x3d ./source/App.o
 .debug_macro   0x0000191c       0x16 ./source/App.o
 .debug_macro   0x00001932      0x16f ./source/App.o
 .debug_macro   0x00001aa1       0x16 ./source/App.o
 .debug_macro   0x00001ab7       0x35 ./source/App.o
 .debug_macro   0x00001aec      0x34e ./source/App.o
 .debug_macro   0x00001e3a       0x22 ./source/App.o
 .debug_macro   0x00001e5c       0x3a ./source/App.o
 .debug_macro   0x00001e96       0x5e ./source/App.o
 .debug_macro   0x00001ef4       0xac ./source/App.o
 .debug_macro   0x00001fa0       0x10 ./source/App.o
 .debug_macro   0x00001fb0       0x16 ./source/App.o
 .debug_macro   0x00001fc6       0xe6 ./source/SysTick.o
 .debug_macro   0x000020ac       0x5c ./source/SysTick.o
 .debug_macro   0x00002108       0x1c ./source/SysTick.o
 .debug_macro   0x00002124       0x22 ./source/SysTick.o
 .debug_macro   0x00002146       0xdf ./source/SysTick.o
 .debug_macro   0x00002225      0xecf ./source/SysTick.o
 .debug_macro   0x000030f4       0x48 ./source/SysTick.o
 .debug_macro   0x0000313c     0xe07b ./source/SysTick.o
 .debug_macro   0x000111b7       0x10 ./source/SysTick.o
 .debug_macro   0x000111c7     0x122b ./source/SysTick.o
 .debug_macro   0x000123f2       0x16 ./source/SysTick.o
 .debug_macro   0x00012408      0x15b ./source/button.o
 .debug_macro   0x00012563       0x16 ./source/button.o
 .debug_macro   0x00012579      0x10e ./source/button.o
 .debug_macro   0x00012687       0x8d ./source/button.o
 .debug_macro   0x00012714       0x16 ./source/button.o
 .debug_macro   0x0001272a       0x29 ./source/button.o
 .debug_macro   0x00012753       0x1c ./source/button.o
 .debug_macro   0x0001276f      0x239 ./source/card_reader.o
 .debug_macro   0x000129a8      0x32a ./source/card_reader.o
 .debug_macro   0x00012cd2      0x27a ./source/display.o
 .debug_macro   0x00012f4c       0x64 ./source/display.o
 .debug_macro   0x00012fb0      0x155 ./source/encoder.o
 .debug_macro   0x00013105       0xcd ./source/gpio.o
 .debug_macro   0x000131d2       0x40 ./source/gpio.o
 .debug_macro   0x00013212      0x155 ./source/leds.o
 .debug_macro   0x00013367      0x136 ./source/timer.o
 .debug_macro   0x0001349d       0x10 ./source/timer.o
 .debug_macro   0x000134ad       0x9c ./SDK/startup/hardware.o
 .debug_macro   0x00013549       0x9c ./SDK/startup/main.o
 .debug_macro   0x000135e5       0x11 ./SDK/startup/semihost_hardfault.o
 .debug_macro   0x000135f6       0x29 ./SDK/startup/startup_mk64f12.o
 .debug_macro   0x0001361f       0x80 ./SDK/CMSIS/system_MK64F12.o

.debug_line     0x00000000     0x2dc6
 .debug_line    0x00000000      0x4db ./source/App.o
 .debug_line    0x000004db      0x19f ./source/SysTick.o
 .debug_line    0x0000067a      0x324 ./source/button.o
 .debug_line    0x0000099e      0x554 ./source/card_reader.o
 .debug_line    0x00000ef2      0x53e ./source/display.o
 .debug_line    0x00001430      0x3b8 ./source/encoder.o
 .debug_line    0x000017e8      0x2ee ./source/gpio.o
 .debug_line    0x00001ad6      0x2f7 ./source/leds.o
 .debug_line    0x00001dcd      0x3b8 ./source/timer.o
 .debug_line    0x00002185      0x1d4 ./SDK/startup/hardware.o
 .debug_line    0x00002359      0x175 ./SDK/startup/main.o
 .debug_line    0x000024ce       0x59 ./SDK/startup/semihost_hardfault.o
 .debug_line    0x00002527      0x6d8 ./SDK/startup/startup_mk64f12.o
 .debug_line    0x00002bff      0x1c7 ./SDK/CMSIS/system_MK64F12.o

.debug_str      0x00000000    0x7dc1b
 .debug_str     0x00000000     0x82d9 ./source/App.o
                               0x8589 (size before relaxing)
 .debug_str     0x000082d9    0x738fa ./source/SysTick.o
                              0x77146 (size before relaxing)
 .debug_str     0x0007bbd3      0x2d5 ./source/button.o
                               0x707e (size before relaxing)
 .debug_str     0x0007bea8      0x2d8 ./source/card_reader.o
                              0x74f29 (size before relaxing)
 .debug_str     0x0007c180      0x52f ./source/display.o
                               0x7581 (size before relaxing)
 .debug_str     0x0007c6af      0x11a ./source/encoder.o
                               0x707c (size before relaxing)
 .debug_str     0x0007c7c9      0x84e ./source/gpio.o
                              0x779c9 (size before relaxing)
 .debug_str     0x0007d017       0xab ./source/leds.o
                               0x6fe7 (size before relaxing)
 .debug_str     0x0007d0c2      0x159 ./source/timer.o
                               0x6eaa (size before relaxing)
 .debug_str     0x0007d21b      0x178 ./SDK/startup/hardware.o
                              0x77230 (size before relaxing)
 .debug_str     0x0007d393       0x1b ./SDK/startup/main.o
                              0x77004 (size before relaxing)
 .debug_str     0x0007d3ae       0x36 ./SDK/startup/semihost_hardfault.o
                               0x2d6a (size before relaxing)
 .debug_str     0x0007d3e4      0x7d5 ./SDK/startup/startup_mk64f12.o
                               0x35d8 (size before relaxing)
 .debug_str     0x0007dbb9       0x62 ./SDK/CMSIS/system_MK64F12.o
                              0x7713f (size before relaxing)

.comment        0x00000000       0x7e
 .comment       0x00000000       0x7e ./source/App.o
                                 0x7f (size before relaxing)
 .comment       0x0000007e       0x7f ./source/SysTick.o
 .comment       0x0000007e       0x7f ./source/button.o
 .comment       0x0000007e       0x7f ./source/card_reader.o
 .comment       0x0000007e       0x7f ./source/display.o
 .comment       0x0000007e       0x7f ./source/encoder.o
 .comment       0x0000007e       0x7f ./source/gpio.o
 .comment       0x0000007e       0x7f ./source/leds.o
 .comment       0x0000007e       0x7f ./source/timer.o
 .comment       0x0000007e       0x7f ./SDK/startup/hardware.o
 .comment       0x0000007e       0x7f ./SDK/startup/main.o
 .comment       0x0000007e       0x7f ./SDK/startup/semihost_hardfault.o
 .comment       0x0000007e       0x7f ./SDK/startup/startup_mk64f12.o
 .comment       0x0000007e       0x7f ./SDK/CMSIS/system_MK64F12.o
 .comment       0x0000007e       0x7f c:/nxp/mcuxpressoide_10.2.0_759/ide/tools/bin/../lib/gcc/arm-none-eabi/7.2.1/../../../../arm-none-eabi/lib/thumb/v7e-m/fpv4-sp/hard\libcr_c.a(fpprintf.o)
 .comment       0x0000007e       0x7f c:/nxp/mcuxpressoide_10.2.0_759/ide/tools/bin/../lib/gcc/arm-none-eabi/7.2.1/../../../../arm-none-eabi/lib/thumb/v7e-m/fpv4-sp/hard\libcr_c.a(printf.o)
 .comment       0x0000007e       0x7f c:/nxp/mcuxpressoide_10.2.0_759/ide/tools/bin/../lib/gcc/arm-none-eabi/7.2.1/../../../../arm-none-eabi/lib/thumb/v7e-m/fpv4-sp/hard\libcr_c.a(strlen.o)
 .comment       0x0000007e       0x7f c:/nxp/mcuxpressoide_10.2.0_759/ide/tools/bin/../lib/gcc/arm-none-eabi/7.2.1/../../../../arm-none-eabi/lib/thumb/v7e-m/fpv4-sp/hard\libcr_c.a(memset.o)
 .comment       0x0000007e       0x7f c:/nxp/mcuxpressoide_10.2.0_759/ide/tools/bin/../lib/gcc/arm-none-eabi/7.2.1/../../../../arm-none-eabi/lib/thumb/v7e-m/fpv4-sp/hard\libcr_c.a(_deferredlazyseek.o)
 .comment       0x0000007e       0x7f c:/nxp/mcuxpressoide_10.2.0_759/ide/tools/bin/../lib/gcc/arm-none-eabi/7.2.1/../../../../arm-none-eabi/lib/thumb/v7e-m/fpv4-sp/hard\libcr_c.a(_fflush.o)
 .comment       0x0000007e       0x7f c:/nxp/mcuxpressoide_10.2.0_759/ide/tools/bin/../lib/gcc/arm-none-eabi/7.2.1/../../../../arm-none-eabi/lib/thumb/v7e-m/fpv4-sp/hard\libcr_c.a(_frexpl.o)
 .comment       0x0000007e       0x7f c:/nxp/mcuxpressoide_10.2.0_759/ide/tools/bin/../lib/gcc/arm-none-eabi/7.2.1/../../../../arm-none-eabi/lib/thumb/v7e-m/fpv4-sp/hard\libcr_c.a(_ldexpl.o)
 .comment       0x0000007e       0x7f c:/nxp/mcuxpressoide_10.2.0_759/ide/tools/bin/../lib/gcc/arm-none-eabi/7.2.1/../../../../arm-none-eabi/lib/thumb/v7e-m/fpv4-sp/hard\libcr_c.a(_writebuf.o)
 .comment       0x0000007e       0x7f c:/nxp/mcuxpressoide_10.2.0_759/ide/tools/bin/../lib/gcc/arm-none-eabi/7.2.1/../../../../arm-none-eabi/lib/thumb/v7e-m/fpv4-sp/hard\libcr_c.a(alloc.o)
 .comment       0x0000007e       0x7f c:/nxp/mcuxpressoide_10.2.0_759/ide/tools/bin/../lib/gcc/arm-none-eabi/7.2.1/../../../../arm-none-eabi/lib/thumb/v7e-m/fpv4-sp/hard\libcr_c.a(errno.o)
 .comment       0x0000007e       0x7f c:/nxp/mcuxpressoide_10.2.0_759/ide/tools/bin/../lib/gcc/arm-none-eabi/7.2.1/../../../../arm-none-eabi/lib/thumb/v7e-m/fpv4-sp/hard\libcr_c.a(fseek.o)
 .comment       0x0000007e       0x7f c:/nxp/mcuxpressoide_10.2.0_759/ide/tools/bin/../lib/gcc/arm-none-eabi/7.2.1/../../../../arm-none-eabi/lib/thumb/v7e-m/fpv4-sp/hard\libcr_c.a(ftell.o)
 .comment       0x0000007e       0x7f c:/nxp/mcuxpressoide_10.2.0_759/ide/tools/bin/../lib/gcc/arm-none-eabi/7.2.1/../../../../arm-none-eabi/lib/thumb/v7e-m/fpv4-sp/hard\libcr_c.a(__init_alloc.o)
 .comment       0x0000007e       0x7f c:/nxp/mcuxpressoide_10.2.0_759/ide/tools/bin/../lib/gcc/arm-none-eabi/7.2.1/../../../../arm-none-eabi/lib/thumb/v7e-m/fpv4-sp/hard\libcr_c.a(_cr_sbrk.o)
 .comment       0x0000007e       0x7f c:/nxp/mcuxpressoide_10.2.0_759/ide/tools/bin/../lib/gcc/arm-none-eabi/7.2.1/../../../../arm-none-eabi/lib/thumb/v7e-m/fpv4-sp/hard\libcr_c.a(_hugeval.o)
 .comment       0x0000007e       0x7f c:/nxp/mcuxpressoide_10.2.0_759/ide/tools/bin/../lib/gcc/arm-none-eabi/7.2.1/../../../../arm-none-eabi/lib/thumb/v7e-m/fpv4-sp/hard\libcr_c.a(_cr_check_heap.o)
 .comment       0x0000007e       0x7f c:/nxp/mcuxpressoide_10.2.0_759/ide/tools/bin/../lib/gcc/arm-none-eabi/7.2.1/thumb/v7e-m/fpv4-sp/hard\libcr_eabihelpers.a(double.o)
 .comment       0x0000007e       0x7f c:/nxp/mcuxpressoide_10.2.0_759/ide/tools/bin/../lib/gcc/arm-none-eabi/7.2.1/../../../../arm-none-eabi/lib/thumb/v7e-m/fpv4-sp/hard\libcr_semihost_nf.a(__ciob.o)

.ARM.attributes
                0x00000000       0x37
 .ARM.attributes
                0x00000000       0x39 ./source/App.o
 .ARM.attributes
                0x00000039       0x39 ./source/SysTick.o
 .ARM.attributes
                0x00000072       0x39 ./source/button.o
 .ARM.attributes
                0x000000ab       0x39 ./source/card_reader.o
 .ARM.attributes
                0x000000e4       0x39 ./source/display.o
 .ARM.attributes
                0x0000011d       0x39 ./source/encoder.o
 .ARM.attributes
                0x00000156       0x39 ./source/gpio.o
 .ARM.attributes
                0x0000018f       0x39 ./source/leds.o
 .ARM.attributes
                0x000001c8       0x39 ./source/timer.o
 .ARM.attributes
                0x00000201       0x39 ./SDK/startup/hardware.o
 .ARM.attributes
                0x0000023a       0x39 ./SDK/startup/main.o
 .ARM.attributes
                0x00000273       0x39 ./SDK/startup/semihost_hardfault.o
 .ARM.attributes
                0x000002ac       0x39 ./SDK/startup/startup_mk64f12.o
 .ARM.attributes
                0x000002e5       0x39 ./SDK/CMSIS/system_MK64F12.o
 .ARM.attributes
                0x0000031e       0x39 c:/nxp/mcuxpressoide_10.2.0_759/ide/tools/bin/../lib/gcc/arm-none-eabi/7.2.1/../../../../arm-none-eabi/lib/thumb/v7e-m/fpv4-sp/hard\libcr_c.a(fpprintf.o)
 .ARM.attributes
                0x00000357       0x39 c:/nxp/mcuxpressoide_10.2.0_759/ide/tools/bin/../lib/gcc/arm-none-eabi/7.2.1/../../../../arm-none-eabi/lib/thumb/v7e-m/fpv4-sp/hard\libcr_c.a(printf.o)
 .ARM.attributes
                0x00000390       0x39 c:/nxp/mcuxpressoide_10.2.0_759/ide/tools/bin/../lib/gcc/arm-none-eabi/7.2.1/../../../../arm-none-eabi/lib/thumb/v7e-m/fpv4-sp/hard\libcr_c.a(strlen.o)
 .ARM.attributes
                0x000003c9       0x39 c:/nxp/mcuxpressoide_10.2.0_759/ide/tools/bin/../lib/gcc/arm-none-eabi/7.2.1/../../../../arm-none-eabi/lib/thumb/v7e-m/fpv4-sp/hard\libcr_c.a(memset.o)
 .ARM.attributes
                0x00000402       0x39 c:/nxp/mcuxpressoide_10.2.0_759/ide/tools/bin/../lib/gcc/arm-none-eabi/7.2.1/../../../../arm-none-eabi/lib/thumb/v7e-m/fpv4-sp/hard\libcr_c.a(_deferredlazyseek.o)
 .ARM.attributes
                0x0000043b       0x39 c:/nxp/mcuxpressoide_10.2.0_759/ide/tools/bin/../lib/gcc/arm-none-eabi/7.2.1/../../../../arm-none-eabi/lib/thumb/v7e-m/fpv4-sp/hard\libcr_c.a(_fflush.o)
 .ARM.attributes
                0x00000474       0x39 c:/nxp/mcuxpressoide_10.2.0_759/ide/tools/bin/../lib/gcc/arm-none-eabi/7.2.1/../../../../arm-none-eabi/lib/thumb/v7e-m/fpv4-sp/hard\libcr_c.a(_frexpl.o)
 .ARM.attributes
                0x000004ad       0x39 c:/nxp/mcuxpressoide_10.2.0_759/ide/tools/bin/../lib/gcc/arm-none-eabi/7.2.1/../../../../arm-none-eabi/lib/thumb/v7e-m/fpv4-sp/hard\libcr_c.a(_ldexpl.o)
 .ARM.attributes
                0x000004e6       0x39 c:/nxp/mcuxpressoide_10.2.0_759/ide/tools/bin/../lib/gcc/arm-none-eabi/7.2.1/../../../../arm-none-eabi/lib/thumb/v7e-m/fpv4-sp/hard\libcr_c.a(_writebuf.o)
 .ARM.attributes
                0x0000051f       0x39 c:/nxp/mcuxpressoide_10.2.0_759/ide/tools/bin/../lib/gcc/arm-none-eabi/7.2.1/../../../../arm-none-eabi/lib/thumb/v7e-m/fpv4-sp/hard\libcr_c.a(alloc.o)
 .ARM.attributes
                0x00000558       0x39 c:/nxp/mcuxpressoide_10.2.0_759/ide/tools/bin/../lib/gcc/arm-none-eabi/7.2.1/../../../../arm-none-eabi/lib/thumb/v7e-m/fpv4-sp/hard\libcr_c.a(errno.o)
 .ARM.attributes
                0x00000591       0x39 c:/nxp/mcuxpressoide_10.2.0_759/ide/tools/bin/../lib/gcc/arm-none-eabi/7.2.1/../../../../arm-none-eabi/lib/thumb/v7e-m/fpv4-sp/hard\libcr_c.a(fseek.o)
 .ARM.attributes
                0x000005ca       0x39 c:/nxp/mcuxpressoide_10.2.0_759/ide/tools/bin/../lib/gcc/arm-none-eabi/7.2.1/../../../../arm-none-eabi/lib/thumb/v7e-m/fpv4-sp/hard\libcr_c.a(ftell.o)
 .ARM.attributes
                0x00000603       0x39 c:/nxp/mcuxpressoide_10.2.0_759/ide/tools/bin/../lib/gcc/arm-none-eabi/7.2.1/../../../../arm-none-eabi/lib/thumb/v7e-m/fpv4-sp/hard\libcr_c.a(__init_alloc.o)
 .ARM.attributes
                0x0000063c       0x39 c:/nxp/mcuxpressoide_10.2.0_759/ide/tools/bin/../lib/gcc/arm-none-eabi/7.2.1/../../../../arm-none-eabi/lib/thumb/v7e-m/fpv4-sp/hard\libcr_c.a(_cr_sbrk.o)
 .ARM.attributes
                0x00000675       0x39 c:/nxp/mcuxpressoide_10.2.0_759/ide/tools/bin/../lib/gcc/arm-none-eabi/7.2.1/../../../../arm-none-eabi/lib/thumb/v7e-m/fpv4-sp/hard\libcr_c.a(_hugeval.o)
 .ARM.attributes
                0x000006ae       0x39 c:/nxp/mcuxpressoide_10.2.0_759/ide/tools/bin/../lib/gcc/arm-none-eabi/7.2.1/../../../../arm-none-eabi/lib/thumb/v7e-m/fpv4-sp/hard\libcr_c.a(_cr_check_heap.o)
 .ARM.attributes
                0x000006e7       0x39 c:/nxp/mcuxpressoide_10.2.0_759/ide/tools/bin/../lib/gcc/arm-none-eabi/7.2.1/thumb/v7e-m/fpv4-sp/hard\libcr_eabihelpers.a(double.o)
 .ARM.attributes
                0x00000720       0x25 c:/nxp/mcuxpressoide_10.2.0_759/ide/tools/bin/../lib/gcc/arm-none-eabi/7.2.1/thumb/v7e-m/fpv4-sp/hard\libcr_eabihelpers.a(memcpy.o)
 .ARM.attributes
                0x00000745       0x39 c:/nxp/mcuxpressoide_10.2.0_759/ide/tools/bin/../lib/gcc/arm-none-eabi/7.2.1/../../../../arm-none-eabi/lib/thumb/v7e-m/fpv4-sp/hard\libcr_semihost_nf.a(__ciob.o)
 .ARM.attributes
                0x0000077e       0x25 c:/nxp/mcuxpressoide_10.2.0_759/ide/tools/bin/../lib/gcc/arm-none-eabi/7.2.1/../../../../arm-none-eabi/lib/thumb/v7e-m/fpv4-sp/hard\libcr_semihost_nf.a(__sys_appexit.o)
 .ARM.attributes
                0x000007a3       0x25 c:/nxp/mcuxpressoide_10.2.0_759/ide/tools/bin/../lib/gcc/arm-none-eabi/7.2.1/../../../../arm-none-eabi/lib/thumb/v7e-m/fpv4-sp/hard\libcr_semihost_nf.a(__sys_flen.o)
 .ARM.attributes
                0x000007c8       0x25 c:/nxp/mcuxpressoide_10.2.0_759/ide/tools/bin/../lib/gcc/arm-none-eabi/7.2.1/../../../../arm-none-eabi/lib/thumb/v7e-m/fpv4-sp/hard\libcr_semihost_nf.a(__sys_istty.o)
 .ARM.attributes
                0x000007ed       0x25 c:/nxp/mcuxpressoide_10.2.0_759/ide/tools/bin/../lib/gcc/arm-none-eabi/7.2.1/../../../../arm-none-eabi/lib/thumb/v7e-m/fpv4-sp/hard\libcr_semihost_nf.a(__sys_seek.o)
 .ARM.attributes
                0x00000812       0x25 c:/nxp/mcuxpressoide_10.2.0_759/ide/tools/bin/../lib/gcc/arm-none-eabi/7.2.1/../../../../arm-none-eabi/lib/thumb/v7e-m/fpv4-sp/hard\libcr_semihost_nf.a(__sys_write.o)

.debug_frame    0x00000000     0x1840
 .debug_frame   0x00000000      0x128 ./source/App.o
 .debug_frame   0x00000128       0x64 ./source/SysTick.o
 .debug_frame   0x0000018c      0x118 ./source/button.o
 .debug_frame   0x000002a4      0x1f4 ./source/card_reader.o
 .debug_frame   0x00000498      0x350 ./source/display.o
 .debug_frame   0x000007e8       0xf4 ./source/encoder.o
 .debug_frame   0x000008dc      0x224 ./source/gpio.o
 .debug_frame   0x00000b00       0xc8 ./source/leds.o
 .debug_frame   0x00000bc8      0x244 ./source/timer.o
 .debug_frame   0x00000e0c       0x70 ./SDK/startup/hardware.o
 .debug_frame   0x00000e7c       0x2c ./SDK/startup/main.o
 .debug_frame   0x00000ea8       0x20 ./SDK/startup/semihost_hardfault.o
 .debug_frame   0x00000ec8      0x904 ./SDK/startup/startup_mk64f12.o
 .debug_frame   0x000017cc       0x74 ./SDK/CMSIS/system_MK64F12.o
