Archive member included to satisfy reference by file (symbol)

d:/nxp/mcuxpressoide_10.2.0_759/ide/tools/bin/../lib/gcc/arm-none-eabi/7.2.1/../../../../arm-none-eabi/lib/thumb/v7e-m/fpv4-sp/hard\libcr_c.a(fpprintf.o)
                              ./source/App.o (printf)
d:/nxp/mcuxpressoide_10.2.0_759/ide/tools/bin/../lib/gcc/arm-none-eabi/7.2.1/../../../../arm-none-eabi/lib/thumb/v7e-m/fpv4-sp/hard\libcr_c.a(printf.o)
                              d:/nxp/mcuxpressoide_10.2.0_759/ide/tools/bin/../lib/gcc/arm-none-eabi/7.2.1/../../../../arm-none-eabi/lib/thumb/v7e-m/fpv4-sp/hard\libcr_c.a(fpprintf.o) (__vfprintf)
d:/nxp/mcuxpressoide_10.2.0_759/ide/tools/bin/../lib/gcc/arm-none-eabi/7.2.1/../../../../arm-none-eabi/lib/thumb/v7e-m/fpv4-sp/hard\libcr_c.a(strlen.o)
                              d:/nxp/mcuxpressoide_10.2.0_759/ide/tools/bin/../lib/gcc/arm-none-eabi/7.2.1/../../../../arm-none-eabi/lib/thumb/v7e-m/fpv4-sp/hard\libcr_c.a(printf.o) (strlen)
d:/nxp/mcuxpressoide_10.2.0_759/ide/tools/bin/../lib/gcc/arm-none-eabi/7.2.1/../../../../arm-none-eabi/lib/thumb/v7e-m/fpv4-sp/hard\libcr_c.a(memset.o)
                              d:/nxp/mcuxpressoide_10.2.0_759/ide/tools/bin/../lib/gcc/arm-none-eabi/7.2.1/../../../../arm-none-eabi/lib/thumb/v7e-m/fpv4-sp/hard\libcr_c.a(fpprintf.o) (memset)
d:/nxp/mcuxpressoide_10.2.0_759/ide/tools/bin/../lib/gcc/arm-none-eabi/7.2.1/../../../../arm-none-eabi/lib/thumb/v7e-m/fpv4-sp/hard\libcr_c.a(_deferredlazyseek.o)
                              d:/nxp/mcuxpressoide_10.2.0_759/ide/tools/bin/../lib/gcc/arm-none-eabi/7.2.1/../../../../arm-none-eabi/lib/thumb/v7e-m/fpv4-sp/hard\libcr_c.a(fpprintf.o) (__flsbuf)
d:/nxp/mcuxpressoide_10.2.0_759/ide/tools/bin/../lib/gcc/arm-none-eabi/7.2.1/../../../../arm-none-eabi/lib/thumb/v7e-m/fpv4-sp/hard\libcr_c.a(_fflush.o)
                              d:/nxp/mcuxpressoide_10.2.0_759/ide/tools/bin/../lib/gcc/arm-none-eabi/7.2.1/../../../../arm-none-eabi/lib/thumb/v7e-m/fpv4-sp/hard\libcr_c.a(_deferredlazyseek.o) (_fflush)
d:/nxp/mcuxpressoide_10.2.0_759/ide/tools/bin/../lib/gcc/arm-none-eabi/7.2.1/../../../../arm-none-eabi/lib/thumb/v7e-m/fpv4-sp/hard\libcr_c.a(_frexpl.o)
                              d:/nxp/mcuxpressoide_10.2.0_759/ide/tools/bin/../lib/gcc/arm-none-eabi/7.2.1/../../../../arm-none-eabi/lib/thumb/v7e-m/fpv4-sp/hard\libcr_c.a(fpprintf.o) (_frexpl)
d:/nxp/mcuxpressoide_10.2.0_759/ide/tools/bin/../lib/gcc/arm-none-eabi/7.2.1/../../../../arm-none-eabi/lib/thumb/v7e-m/fpv4-sp/hard\libcr_c.a(_ldexpl.o)
                              d:/nxp/mcuxpressoide_10.2.0_759/ide/tools/bin/../lib/gcc/arm-none-eabi/7.2.1/../../../../arm-none-eabi/lib/thumb/v7e-m/fpv4-sp/hard\libcr_c.a(fpprintf.o) (_ldexpl)
d:/nxp/mcuxpressoide_10.2.0_759/ide/tools/bin/../lib/gcc/arm-none-eabi/7.2.1/../../../../arm-none-eabi/lib/thumb/v7e-m/fpv4-sp/hard\libcr_c.a(_writebuf.o)
                              d:/nxp/mcuxpressoide_10.2.0_759/ide/tools/bin/../lib/gcc/arm-none-eabi/7.2.1/../../../../arm-none-eabi/lib/thumb/v7e-m/fpv4-sp/hard\libcr_c.a(_deferredlazyseek.o) (_Cwritebuf)
d:/nxp/mcuxpressoide_10.2.0_759/ide/tools/bin/../lib/gcc/arm-none-eabi/7.2.1/../../../../arm-none-eabi/lib/thumb/v7e-m/fpv4-sp/hard\libcr_c.a(alloc.o)
                              d:/nxp/mcuxpressoide_10.2.0_759/ide/tools/bin/../lib/gcc/arm-none-eabi/7.2.1/../../../../arm-none-eabi/lib/thumb/v7e-m/fpv4-sp/hard\libcr_c.a(fpprintf.o) (malloc)
d:/nxp/mcuxpressoide_10.2.0_759/ide/tools/bin/../lib/gcc/arm-none-eabi/7.2.1/../../../../arm-none-eabi/lib/thumb/v7e-m/fpv4-sp/hard\libcr_c.a(errno.o)
                              d:/nxp/mcuxpressoide_10.2.0_759/ide/tools/bin/../lib/gcc/arm-none-eabi/7.2.1/../../../../arm-none-eabi/lib/thumb/v7e-m/fpv4-sp/hard\libcr_c.a(_ldexpl.o) (errno)
d:/nxp/mcuxpressoide_10.2.0_759/ide/tools/bin/../lib/gcc/arm-none-eabi/7.2.1/../../../../arm-none-eabi/lib/thumb/v7e-m/fpv4-sp/hard\libcr_c.a(fseek.o)
                              d:/nxp/mcuxpressoide_10.2.0_759/ide/tools/bin/../lib/gcc/arm-none-eabi/7.2.1/../../../../arm-none-eabi/lib/thumb/v7e-m/fpv4-sp/hard\libcr_c.a(_deferredlazyseek.o) (fseek)
d:/nxp/mcuxpressoide_10.2.0_759/ide/tools/bin/../lib/gcc/arm-none-eabi/7.2.1/../../../../arm-none-eabi/lib/thumb/v7e-m/fpv4-sp/hard\libcr_c.a(ftell.o)
                              d:/nxp/mcuxpressoide_10.2.0_759/ide/tools/bin/../lib/gcc/arm-none-eabi/7.2.1/../../../../arm-none-eabi/lib/thumb/v7e-m/fpv4-sp/hard\libcr_c.a(fseek.o) (ftell)
d:/nxp/mcuxpressoide_10.2.0_759/ide/tools/bin/../lib/gcc/arm-none-eabi/7.2.1/../../../../arm-none-eabi/lib/thumb/v7e-m/fpv4-sp/hard\libcr_c.a(memcpy.o)
                              d:/nxp/mcuxpressoide_10.2.0_759/ide/tools/bin/../lib/gcc/arm-none-eabi/7.2.1/../../../../arm-none-eabi/lib/thumb/v7e-m/fpv4-sp/hard\libcr_c.a(alloc.o) (memcpy)
d:/nxp/mcuxpressoide_10.2.0_759/ide/tools/bin/../lib/gcc/arm-none-eabi/7.2.1/../../../../arm-none-eabi/lib/thumb/v7e-m/fpv4-sp/hard\libcr_c.a(__init_alloc.o)
[...]
Memory Configuration

Name             Origin             Length             Attributes
PROGRAM_FLASH    0x00000000         0x00100000         xr
SRAM_UPPER       0x20000000         0x00030000         xrw
SRAM_LOWER       0x1fff0000         0x00010000         xrw
FLEX_RAM         0x14000000         0x00001000         xrw
*default*        0x00000000         0xffffffff

Linker script and memory map

LOAD ./source/App.o
LOAD ./source/SysTick.o
LOAD ./source/button.o
LOAD ./source/display.o
LOAD ./source/encoder.o
LOAD ./source/gpio.o
LOAD ./source/leds.o
LOAD ./source/timer.o
LOAD ./source/user.o
LOAD ./SDK/startup/hardware.o
LOAD ./SDK/startup/main.o
LOAD ./SDK/startup/semihost_hardfault.o
LOAD ./SDK/startup/startup_mk64f12.o
LOAD ./SDK/CMSIS/system_MK64F12.o
START GROUP
LOAD d:/nxp/mcuxpressoide_10.2.0_759/ide/tools/bin/../lib/gcc/arm-none-eabi/7.2.1/../../../../arm-none-eabi/lib/thumb/v7e-m/fpv4-sp/hard\libcr_semihost_nf.a
LOAD d:/nxp/mcuxpressoide_10.2.0_759/ide/tools/bin/../lib/gcc/arm-none-eabi/7.2.1/../../../../arm-none-eabi/lib/thumb/v7e-m/fpv4-sp/hard\libcr_c.a
LOAD d:/nxp/mcuxpressoide_10.2.0_759/ide/tools/bin/../lib/gcc/arm-none-eabi/7.2.1/thumb/v7e-m/fpv4-sp/hard\libcr_eabihelpers.a
END GROUP
                0x00000000                __base_PROGRAM_FLASH = 0x0
                0x00000000                __base_Flash = 0x0
                0x00100000                __top_PROGRAM_FLASH = 0x100000
                0x00100000                __top_Flash = 0x100000
                0x20000000                __base_SRAM_UPPER = 0x20000000
                0x20000000                __base_RAM = 0x20000000
                0x20030000                __top_SRAM_UPPER = 0x20030000
                0x20030000                __top_RAM = 0x20030000
                0x1fff0000                __base_SRAM_LOWER = 0x1fff0000
                0x1fff0000                __base_RAM2 = 0x1fff0000
                0x20000000                __top_SRAM_LOWER = 0x20000000
                0x20000000                __top_RAM2 = 0x20000000
                0x14000000                __base_FLEX_RAM = 0x14000000
                0x14000000                __base_RAM3 = 0x14000000
                0x14001000                __top_FLEX_RAM = 0x14001000
                0x14001000                __top_RAM3 = 0x14001000

.text           0x00000000     0x33d0
 FILL mask 0xff
                0x00000000                __vectors_start__ = ABSOLUTE (.)
 *(SORT_BY_ALIGNMENT(.isr_vector))
 .isr_vector    0x00000000      0x198 ./SDK/startup/startup_mk64f12.o
                0x00000000                g_pfnVectors
                0x00000000                __Vectors
                0x00000198                . = ALIGN (0x4)
                0x00000198                __section_table_start = .
                0x00000198                __data_section_table = .
                0x00000198        0x4 LONG 0x33d0 LOADADDR (.data)
                0x0000019c        0x4 LONG 0x20000000 ADDR (.data)
                0x000001a0        0x4 LONG 0x8 SIZEOF (.data)
                0x000001a4        0x4 LONG 0x33d0 LOADADDR (.data_RAM2)
                0x000001a8        0x4 LONG 0x1fff0000 ADDR (.data_RAM2)
                0x000001ac        0x4 LONG 0x0 SIZEOF (.data_RAM2)
                0x000001b0        0x4 LONG 0x33d0 LOADADDR (.data_RAM3)
                0x000001b4        0x4 LONG 0x14000000 ADDR (.data_RAM3)
                0x000001b8        0x4 LONG 0x0 SIZEOF (.data_RAM3)
                0x000001bc                __data_section_table_end = .
                0x000001bc                __bss_section_table = .
                0x000001bc        0x4 LONG 0x20000008 ADDR (.bss)
                0x000001c0        0x4 LONG 0x450 SIZEOF (.bss)
                0x000001c4        0x4 LONG 0x1fff0000 ADDR (.bss_RAM2)
                0x000001c8        0x4 LONG 0x0 SIZEOF (.bss_RAM2)
                0x000001cc        0x4 LONG 0x14000000 ADDR (.bss_RAM3)
                0x000001d0        0x4 LONG 0x0 SIZEOF (.bss_RAM3)
                0x000001d4                __bss_section_table_end = .
                0x000001d4                __section_table_end = .
 *(SORT_BY_ALIGNMENT(.after_vectors*))
 .after_vectors.reset
                0x000001d4       0x4c ./SDK/startup/startup_mk64f12.o
                0x000001d4                ResetISR
 .after_vectors.init_data
                0x00000220       0x1e ./SDK/startup/startup_mk64f12.o
                0x00000220                data_init
 .after_vectors.init_bss
                0x0000023e       0x12 ./SDK/startup/startup_mk64f12.o
                0x0000023e                bss_init
 .after_vectors
                0x00000250       0x14 ./SDK/startup/startup_mk64f12.o
                0x00000250                NMI_Handler
                0x00000254                MemManage_Handler
                0x00000256                BusFault_Handler
                0x00000258                UsageFault_Handler
                0x0000025a                SVC_Handler
                0x0000025c                DebugMon_Handler
                0x0000025e                PendSV_Handler
                0x00000262                DMA_Error_DriverIRQHandler
                0x00000262                LPTMR0_DriverIRQHandler
                0x00000262                FTM1_DriverIRQHandler
                0x00000262                FTM2_DriverIRQHandler
                0x00000262                PIT2_DriverIRQHandler
                0x00000262                SDHC_DriverIRQHandler
                0x00000262                I2S0_Tx_DriverIRQHandler
                0x00000262                RTC_Seconds_DriverIRQHandler
                0x00000262                DMA6_DriverIRQHandler
                0x00000262                LLWU_DriverIRQHandler
                0x00000262                MCM_DriverIRQHandler
                0x00000262                MCG_DriverIRQHandler
                0x00000262                ENET_1588_Timer_DriverIRQHandler
                0x00000262                I2C2_DriverIRQHandler
                0x00000262                DAC1_DriverIRQHandler
                0x00000262                SPI1_DriverIRQHandler
                0x00000262                CMP1_DriverIRQHandler
                0x00000262                UART5_RX_TX_DriverIRQHandler
                0x00000262                FTM0_DriverIRQHandler
                0x00000262                IntDefaultHandler
                0x00000262                USB0_DriverIRQHandler
                0x00000262                UART5_ERR_DriverIRQHandler
                0x00000262                PORTC_DriverIRQHandler
                0x00000262                DMA11_DriverIRQHandler
                0x00000262                DAC0_DriverIRQHandler
                0x00000262                DMA10_DriverIRQHandler
                0x00000262                CMP2_DriverIRQHandler
                0x00000262                UART2_ERR_DriverIRQHandler
                0x00000262                SPI2_DriverIRQHandler
                0x00000262                LVD_LVW_DriverIRQHandler
                0x00000262                PIT0_DriverIRQHandler
                0x00000262                RNG_DriverIRQHandler
                0x00000262                DMA5_DriverIRQHandler
                0x00000262                DMA12_DriverIRQHandler
                0x00000262                UART2_RX_TX_DriverIRQHandler
                0x00000262                USBDCD_DriverIRQHandler
                0x00000262                UART3_ERR_DriverIRQHandler
                0x00000262                DMA3_DriverIRQHandler
                0x00000262                DMA8_DriverIRQHandler
                0x00000262                DMA9_DriverIRQHandler
                0x00000262                UART0_ERR_DriverIRQHandler
                0x00000262                CMT_DriverIRQHandler
                0x00000262                Reserved71_DriverIRQHandler
                0x00000262                ADC1_DriverIRQHandler
                0x00000262                PORTA_DriverIRQHandler
                0x00000262                DMA14_DriverIRQHandler
                0x00000262                PIT3_DriverIRQHandler
                0x00000262                PIT1_DriverIRQHandler
                0x00000262                WDOG_EWM_DriverIRQHandler
                0x00000262                PDB0_DriverIRQHandler
                0x00000262                RTC_DriverIRQHandler
                0x00000262                I2S0_Rx_DriverIRQHandler
                0x00000262                Read_Collision_DriverIRQHandler
                0x00000262                SWI_DriverIRQHandler
                0x00000262                UART4_RX_TX_DriverIRQHandler
                0x00000262                UART4_ERR_DriverIRQHandler
                0x00000262                PORTB_DriverIRQHandler
                0x00000262                UART0_LON_DriverIRQHandler
                0x00000262                DMA0_DriverIRQHandler
                0x00000262                DMA1_DriverIRQHandler
                0x00000262                I2C1_DriverIRQHandler
                0x00000262                UART3_RX_TX_DriverIRQHandler
                0x00000262                ENET_Receive_DriverIRQHandler
                0x00000262                DMA13_DriverIRQHandler
                0x00000262                ENET_Error_DriverIRQHandler
                0x00000262                DMA15_DriverIRQHandler
                0x00000262                UART0_RX_TX_DriverIRQHandler
                0x00000262                SPI0_DriverIRQHandler
                0x00000262                ADC0_DriverIRQHandler
                0x00000262                CMP0_DriverIRQHandler
                0x00000262                CAN0_DriverIRQHandler
                0x00000262                FTM3_DriverIRQHandler
                0x00000262                DMA4_DriverIRQHandler
                0x00000262                UART1_ERR_DriverIRQHandler
                0x00000262                DMA2_DriverIRQHandler
                0x00000262                ENET_Transmit_DriverIRQHandler
                0x00000262                PORTD_DriverIRQHandler
                0x00000262                PORTE_DriverIRQHandler
                0x00000262                FTFE_DriverIRQHandler
                0x00000262                I2C0_DriverIRQHandler
                0x00000262                DMA7_DriverIRQHandler
                0x00000262                UART1_RX_TX_DriverIRQHandler
                0x00000400                . = 0x400
 *fill*         0x00000264      0x19c ff
                0x00000400                PROVIDE (__FLASH_CONFIG_START__, .)
 *(SORT_BY_ALIGNMENT(.FlashConfig))
 .FlashConfig   0x00000400       0x10 ./SDK/startup/startup_mk64f12.o
                0x00000400                Flash_Config
                0x00000410                PROVIDE (__FLASH_CONFIG_END__, .)
                0x00000001                ASSERT (! ((__FLASH_CONFIG_START__ == __FLASH_CONFIG_END__)), Linker Flash Config Support Enabled, but no .FlashConfig section provided within application)
 *(SORT_BY_ALIGNMENT(.text*))
 .text.fp_display
                0x00000410      0x974 d:/nxp/mcuxpressoide_10.2.0_759/ide/tools/bin/../lib/gcc/arm-none-eabi/7.2.1/../../../../arm-none-eabi/lib/thumb/v7e-m/fpv4-sp/hard\libcr_c.a(fpprintf.o)
 *fill*         0x00000d84        0x4 ff
 .text._frexpl  0x00000d88       0x68 d:/nxp/mcuxpressoide_10.2.0_759/ide/tools/bin/../lib/gcc/arm-none-eabi/7.2.1/../../../../arm-none-eabi/lib/thumb/v7e-m/fpv4-sp/hard\libcr_c.a(_frexpl.o)
                0x00000d88                _frexpl
 .text._ldexpl  0x00000df0       0x58 d:/nxp/mcuxpressoide_10.2.0_759/ide/tools/bin/../lib/gcc/arm-none-eabi/7.2.1/../../../../arm-none-eabi/lib/thumb/v7e-m/fpv4-sp/hard\libcr_c.a(_ldexpl.o)
                0x00000df0                _ldexpl
 .text.App_Init
                0x00000e48       0x98 ./source/App.o
                0x00000e48                App_Init
 .text.App_Run  0x00000ee0       0x3c ./source/App.o
                0x00000ee0                App_Run
 .text.red_callback
                0x00000f1c       0x58 ./source/App.o
                0x00000f1c                red_callback
 .text.SysTick_Init
                0x00000f74       0x40 ./source/SysTick.o
                0x00000f74                SysTick_Init
 .text.SysTick_Handler
                0x00000fb4       0x24 ./source/SysTick.o
                0x00000fb4                SysTick_Handler
 .text.gpioMode
                0x00000fd8      0x13c ./source/gpio.o
                0x00000fd8                gpioMode
 .text.gpioWrite
                0x00001114       0x5c ./source/gpio.o
                0x00001114                gpioWrite
 .text.IRQHandler
                0x00001170       0x74 ./source/gpio.o
 .text.timerInit
                0x000011e4       0x28 ./source/timer.o
                0x000011e4                timerInit
 .text.timerGetId
                0x0000120c       0x2c ./source/timer.o
                0x0000120c                timerGetId
 .text.timerStart
                0x00001238       0xa4 ./source/timer.o
                0x00001238                timerStart
 .text.timerChangePeriod
                0x000012dc       0x74 ./source/timer.o
                0x000012dc                timerChangePeriod
 .text.timer_isr
                0x00001350       0xec ./source/timer.o
                0x00001350                timer_isr
 .text.hw_Init  0x0000143c      0x10c ./SDK/startup/hardware.o
                0x0000143c                hw_Init
 .text.hw_EnableInterrupts
                0x00001548       0x30 ./SDK/startup/hardware.o
                0x00001548                hw_EnableInterrupts
 .text.hw_DisableInterrupts
                0x00001578       0x20 ./SDK/startup/hardware.o
                0x00001578                hw_DisableInterrupts
 .text.SystemInit
                0x00001598       0x3c ./SDK/CMSIS/system_MK64F12.o
                0x00001598                SystemInit
 .text.sprintf  0x000015d4       0x6c d:/nxp/mcuxpressoide_10.2.0_759/ide/tools/bin/../lib/gcc/arm-none-eabi/7.2.1/../../../../arm-none-eabi/lib/thumb/v7e-m/fpv4-sp/hard\libcr_c.a(fpprintf.o)
                0x000015d4                sprintf
 .text.vsnprintf
                0x00001640       0x5c d:/nxp/mcuxpressoide_10.2.0_759/ide/tools/bin/../lib/gcc/arm-none-eabi/7.2.1/../../../../arm-none-eabi/lib/thumb/v7e-m/fpv4-sp/hard\libcr_c.a(fpprintf.o)
                0x00001640                vsnprintf
 .text.printf   0x0000169c       0x54 d:/nxp/mcuxpressoide_10.2.0_759/ide/tools/bin/../lib/gcc/arm-none-eabi/7.2.1/../../../../arm-none-eabi/lib/thumb/v7e-m/fpv4-sp/hard\libcr_c.a(fpprintf.o)
                0x0000169c                printf
 .text.__vfprintf
                0x000016f0      0xb98 d:/nxp/mcuxpressoide_10.2.0_759/ide/tools/bin/../lib/gcc/arm-none-eabi/7.2.1/../../../../arm-none-eabi/lib/thumb/v7e-m/fpv4-sp/hard\libcr_c.a(printf.o)
                0x000016f0                __vfprintf
 .text._Cwritebuf
                0x00002288       0x6c d:/nxp/mcuxpressoide_10.2.0_759/ide/tools/bin/../lib/gcc/arm-none-eabi/7.2.1/../../../../arm-none-eabi/lib/thumb/v7e-m/fpv4-sp/hard\libcr_c.a(_writebuf.o)
                0x00002288                _Cwritebuf
 .text.malloc   0x000022f4       0xc8 d:/nxp/mcuxpressoide_10.2.0_759/ide/tools/bin/../lib/gcc/arm-none-eabi/7.2.1/../../../../arm-none-eabi/lib/thumb/v7e-m/fpv4-sp/hard\libcr_c.a(alloc.o)
                0x000022f4                malloc
 .text._Csys_alloc
                0x000023bc       0x20 d:/nxp/mcuxpressoide_10.2.0_759/ide/tools/bin/../lib/gcc/arm-none-eabi/7.2.1/../../../../arm-none-eabi/lib/thumb/v7e-m/fpv4-sp/hard\libcr_c.a(alloc.o)
                0x000023bc                _Csys_alloc
 .text.fseek    0x000023dc      0x100 d:/nxp/mcuxpressoide_10.2.0_759/ide/tools/bin/../lib/gcc/arm-none-eabi/7.2.1/../../../../arm-none-eabi/lib/thumb/v7e-m/fpv4-sp/hard\libcr_c.a(fseek.o)
                0x000023dc                fseek
 .text.ftell    0x000024dc       0x44 d:/nxp/mcuxpressoide_10.2.0_759/ide/tools/bin/../lib/gcc/arm-none-eabi/7.2.1/../../../../arm-none-eabi/lib/thumb/v7e-m/fpv4-sp/hard\libcr_c.a(ftell.o)
                0x000024dc                ftell
 .text._sbrk    0x00002520       0x3c d:/nxp/mcuxpressoide_10.2.0_759/ide/tools/bin/../lib/gcc/arm-none-eabi/7.2.1/../../../../arm-none-eabi/lib/thumb/v7e-m/fpv4-sp/hard\libcr_c.a(_cr_sbrk.o)
                0x00002520                _sbrk
 .text.__check_heap_overflow
                0x0000255c       0x18 d:/nxp/mcuxpressoide_10.2.0_759/ide/tools/bin/../lib/gcc/arm-none-eabi/7.2.1/../../../../arm-none-eabi/lib/thumb/v7e-m/fpv4-sp/hard\libcr_c.a(_cr_check_heap.o)
                0x0000255c                __check_heap_overflow
 .text.__aeabi_dmul
                0x00002574      0x11c d:/nxp/mcuxpressoide_10.2.0_759/ide/tools/bin/../lib/gcc/arm-none-eabi/7.2.1/thumb/v7e-m/fpv4-sp/hard\libcr_eabihelpers.a(double.o)
                0x00002574                __aeabi_dmul
 .text.__aeabi_ddiv
                0x00002690      0x138 d:/nxp/mcuxpressoide_10.2.0_759/ide/tools/bin/../lib/gcc/arm-none-eabi/7.2.1/thumb/v7e-m/fpv4-sp/hard\libcr_eabihelpers.a(double.o)
                0x00002690                __aeabi_ddiv
 .text.__aeabi_dsub
                0x000027c8      0x1b4 d:/nxp/mcuxpressoide_10.2.0_759/ide/tools/bin/../lib/gcc/arm-none-eabi/7.2.1/thumb/v7e-m/fpv4-sp/hard\libcr_eabihelpers.a(double.o)
                0x000027c8                __aeabi_dsub
 .text.__aeabi_dadd
                0x0000297c      0x10c d:/nxp/mcuxpressoide_10.2.0_759/ide/tools/bin/../lib/gcc/arm-none-eabi/7.2.1/thumb/v7e-m/fpv4-sp/hard\libcr_eabihelpers.a(double.o)
                0x0000297c                __aeabi_dadd
 .text.__sys_appexit
                0x00002a88        0xc d:/nxp/mcuxpressoide_10.2.0_759/ide/tools/bin/../lib/gcc/arm-none-eabi/7.2.1/../../../../arm-none-eabi/lib/thumb/v7e-m/fpv4-sp/hard\libcr_semihost_nf.a(__sys_appexit.o)
                0x00002a88                __sys_appexit
                0x00002a88                __exit
 .text.blue_callback
                0x00002a94       0x10 ./source/App.o
                0x00002a94                blue_callback
 .text.PORTA_IRQHandler
                0x00002aa4       0x1e ./source/gpio.o
                0x00002aa4                PORTA_IRQHandler
 .text.PORTB_IRQHandler
                0x00002ac2       0x1e ./source/gpio.o
                0x00002ac2                PORTB_IRQHandler
 .text.PORTC_IRQHandler
                0x00002ae0       0x1e ./source/gpio.o
                0x00002ae0                PORTC_IRQHandler
 .text.PORTD_IRQHandler
                0x00002afe       0x1e ./source/gpio.o
                0x00002afe                PORTD_IRQHandler
 .text.PORTE_IRQHandler
                0x00002b1c       0x1e ./source/gpio.o
                0x00002b1c                PORTE_IRQHandler
 .text.main     0x00002b3a       0x1a ./SDK/startup/main.o
                0x00002b3a                main
 .text.HardFault_Handler
                0x00002b54       0x2c ./SDK/startup/semihost_hardfault.o
                0x00002b54                HardFault_Handler
 .text.DMA0_IRQHandler
                0x00002b80        0x8 ./SDK/startup/startup_mk64f12.o
                0x00002b80                DMA0_IRQHandler
 .text.DMA1_IRQHandler
                0x00002b88        0x8 ./SDK/startup/startup_mk64f12.o
                0x00002b88                DMA1_IRQHandler
 .text.DMA2_IRQHandler
                0x00002b90        0x8 ./SDK/startup/startup_mk64f12.o
                0x00002b90                DMA2_IRQHandler
 .text.DMA3_IRQHandler
                0x00002b98        0x8 ./SDK/startup/startup_mk64f12.o
                0x00002b98                DMA3_IRQHandler
 .text.DMA4_IRQHandler
                0x00002ba0        0x8 ./SDK/startup/startup_mk64f12.o
                0x00002ba0                DMA4_IRQHandler
 .text.DMA5_IRQHandler
                0x00002ba8        0x8 ./SDK/startup/startup_mk64f12.o
                0x00002ba8                DMA5_IRQHandler
 .text.DMA6_IRQHandler
                0x00002bb0        0x8 ./SDK/startup/startup_mk64f12.o
                0x00002bb0                DMA6_IRQHandler
 .text.DMA7_IRQHandler
                0x00002bb8        0x8 ./SDK/startup/startup_mk64f12.o
                0x00002bb8                DMA7_IRQHandler
 .text.DMA8_IRQHandler
                0x00002bc0        0x8 ./SDK/startup/startup_mk64f12.o
                0x00002bc0                DMA8_IRQHandler
 .text.DMA9_IRQHandler
                0x00002bc8        0x8 ./SDK/startup/startup_mk64f12.o
                0x00002bc8                DMA9_IRQHandler
 .text.DMA10_IRQHandler
                0x00002bd0        0x8 ./SDK/startup/startup_mk64f12.o
                0x00002bd0                DMA10_IRQHandler
 .text.DMA11_IRQHandler
                0x00002bd8        0x8 ./SDK/startup/startup_mk64f12.o
                0x00002bd8                DMA11_IRQHandler
 .text.DMA12_IRQHandler
                0x00002be0        0x8 ./SDK/startup/startup_mk64f12.o
                0x00002be0                DMA12_IRQHandler
 .text.DMA13_IRQHandler
                0x00002be8        0x8 ./SDK/startup/startup_mk64f12.o
                0x00002be8                DMA13_IRQHandler
 .text.DMA14_IRQHandler
                0x00002bf0        0x8 ./SDK/startup/startup_mk64f12.o
                0x00002bf0                DMA14_IRQHandler
 .text.DMA15_IRQHandler
                0x00002bf8        0x8 ./SDK/startup/startup_mk64f12.o
                0x00002bf8                DMA15_IRQHandler
 .text.DMA_Error_IRQHandler
                0x00002c00        0x8 ./SDK/startup/startup_mk64f12.o
                0x00002c00                DMA_Error_IRQHandler
 .text.MCM_IRQHandler
                0x00002c08        0x8 ./SDK/startup/startup_mk64f12.o
                0x00002c08                MCM_IRQHandler
 .text.FTFE_IRQHandler
                0x00002c10        0x8 ./SDK/startup/startup_mk64f12.o
                0x00002c10                FTFE_IRQHandler
 .text.Read_Collision_IRQHandler
                0x00002c18        0x8 ./SDK/startup/startup_mk64f12.o
                0x00002c18                Read_Collision_IRQHandler
 .text.LVD_LVW_IRQHandler
                0x00002c20        0x8 ./SDK/startup/startup_mk64f12.o
                0x00002c20                LVD_LVW_IRQHandler
 .text.LLWU_IRQHandler
                0x00002c28        0x8 ./SDK/startup/startup_mk64f12.o
                0x00002c28                LLWU_IRQHandler
 .text.WDOG_EWM_IRQHandler
                0x00002c30        0x8 ./SDK/startup/startup_mk64f12.o
                0x00002c30                WDOG_EWM_IRQHandler
 .text.RNG_IRQHandler
                0x00002c38        0x8 ./SDK/startup/startup_mk64f12.o
                0x00002c38                RNG_IRQHandler
 .text.I2C0_IRQHandler
                0x00002c40        0x8 ./SDK/startup/startup_mk64f12.o
                0x00002c40                I2C0_IRQHandler
 .text.I2C1_IRQHandler
                0x00002c48        0x8 ./SDK/startup/startup_mk64f12.o
                0x00002c48                I2C1_IRQHandler
 .text.SPI0_IRQHandler
                0x00002c50        0x8 ./SDK/startup/startup_mk64f12.o
                0x00002c50                SPI0_IRQHandler
 .text.SPI1_IRQHandler
                0x00002c58        0x8 ./SDK/startup/startup_mk64f12.o
                0x00002c58                SPI1_IRQHandler
 .text.I2S0_Tx_IRQHandler
                0x00002c60        0x8 ./SDK/startup/startup_mk64f12.o
                0x00002c60                I2S0_Tx_IRQHandler
 .text.I2S0_Rx_IRQHandler
                0x00002c68        0x8 ./SDK/startup/startup_mk64f12.o
                0x00002c68                I2S0_Rx_IRQHandler
 .text.UART0_LON_IRQHandler
                0x00002c70        0x8 ./SDK/startup/startup_mk64f12.o
                0x00002c70                UART0_LON_IRQHandler
 .text.UART0_RX_TX_IRQHandler
                0x00002c78        0x8 ./SDK/startup/startup_mk64f12.o
                0x00002c78                UART0_RX_TX_IRQHandler
 .text.UART0_ERR_IRQHandler
                0x00002c80        0x8 ./SDK/startup/startup_mk64f12.o
                0x00002c80                UART0_ERR_IRQHandler
 .text.UART1_RX_TX_IRQHandler
                0x00002c88        0x8 ./SDK/startup/startup_mk64f12.o
                0x00002c88                UART1_RX_TX_IRQHandler
 .text.UART1_ERR_IRQHandler
                0x00002c90        0x8 ./SDK/startup/startup_mk64f12.o
                0x00002c90                UART1_ERR_IRQHandler
 .text.UART2_RX_TX_IRQHandler
                0x00002c98        0x8 ./SDK/startup/startup_mk64f12.o
                0x00002c98                UART2_RX_TX_IRQHandler
 .text.UART2_ERR_IRQHandler
                0x00002ca0        0x8 ./SDK/startup/startup_mk64f12.o
                0x00002ca0                UART2_ERR_IRQHandler
 .text.UART3_RX_TX_IRQHandler
                0x00002ca8        0x8 ./SDK/startup/startup_mk64f12.o
                0x00002ca8                UART3_RX_TX_IRQHandler
 .text.UART3_ERR_IRQHandler
                0x00002cb0        0x8 ./SDK/startup/startup_mk64f12.o
                0x00002cb0                UART3_ERR_IRQHandler
 .text.ADC0_IRQHandler
                0x00002cb8        0x8 ./SDK/startup/startup_mk64f12.o
                0x00002cb8                ADC0_IRQHandler
 .text.CMP0_IRQHandler
                0x00002cc0        0x8 ./SDK/startup/startup_mk64f12.o
                0x00002cc0                CMP0_IRQHandler
 .text.CMP1_IRQHandler
                0x00002cc8        0x8 ./SDK/startup/startup_mk64f12.o
                0x00002cc8                CMP1_IRQHandler
 .text.FTM0_IRQHandler
                0x00002cd0        0x8 ./SDK/startup/startup_mk64f12.o
                0x00002cd0                FTM0_IRQHandler
 .text.FTM1_IRQHandler
                0x00002cd8        0x8 ./SDK/startup/startup_mk64f12.o
                0x00002cd8                FTM1_IRQHandler
 .text.FTM2_IRQHandler
                0x00002ce0        0x8 ./SDK/startup/startup_mk64f12.o
                0x00002ce0                FTM2_IRQHandler
 .text.CMT_IRQHandler
                0x00002ce8        0x8 ./SDK/startup/startup_mk64f12.o
                0x00002ce8                CMT_IRQHandler
 .text.RTC_IRQHandler
                0x00002cf0        0x8 ./SDK/startup/startup_mk64f12.o
                0x00002cf0                RTC_IRQHandler
 .text.RTC_Seconds_IRQHandler
                0x00002cf8        0x8 ./SDK/startup/startup_mk64f12.o
                0x00002cf8                RTC_Seconds_IRQHandler
 .text.PIT0_IRQHandler
                0x00002d00        0x8 ./SDK/startup/startup_mk64f12.o
                0x00002d00                PIT0_IRQHandler
 .text.PIT1_IRQHandler
                0x00002d08        0x8 ./SDK/startup/startup_mk64f12.o
                0x00002d08                PIT1_IRQHandler
 .text.PIT2_IRQHandler
                0x00002d10        0x8 ./SDK/startup/startup_mk64f12.o
                0x00002d10                PIT2_IRQHandler
 .text.PIT3_IRQHandler
                0x00002d18        0x8 ./SDK/startup/startup_mk64f12.o
                0x00002d18                PIT3_IRQHandler
 .text.PDB0_IRQHandler
                0x00002d20        0x8 ./SDK/startup/startup_mk64f12.o
                0x00002d20                PDB0_IRQHandler
 .text.USB0_IRQHandler
                0x00002d28        0x8 ./SDK/startup/startup_mk64f12.o
                0x00002d28                USB0_IRQHandler
 .text.USBDCD_IRQHandler
                0x00002d30        0x8 ./SDK/startup/startup_mk64f12.o
                0x00002d30                USBDCD_IRQHandler
 .text.Reserved71_IRQHandler
                0x00002d38        0x8 ./SDK/startup/startup_mk64f12.o
                0x00002d38                Reserved71_IRQHandler
 .text.DAC0_IRQHandler
                0x00002d40        0x8 ./SDK/startup/startup_mk64f12.o
                0x00002d40                DAC0_IRQHandler
 .text.MCG_IRQHandler
                0x00002d48        0x8 ./SDK/startup/startup_mk64f12.o
                0x00002d48                MCG_IRQHandler
 .text.LPTMR0_IRQHandler
                0x00002d50        0x8 ./SDK/startup/startup_mk64f12.o
                0x00002d50                LPTMR0_IRQHandler
 .text.SWI_IRQHandler
                0x00002d58        0x8 ./SDK/startup/startup_mk64f12.o
                0x00002d58                SWI_IRQHandler
 .text.SPI2_IRQHandler
                0x00002d60        0x8 ./SDK/startup/startup_mk64f12.o
                0x00002d60                SPI2_IRQHandler
 .text.UART4_RX_TX_IRQHandler
                0x00002d68        0x8 ./SDK/startup/startup_mk64f12.o
                0x00002d68                UART4_RX_TX_IRQHandler
 .text.UART4_ERR_IRQHandler
                0x00002d70        0x8 ./SDK/startup/startup_mk64f12.o
                0x00002d70                UART4_ERR_IRQHandler
 .text.UART5_RX_TX_IRQHandler
                0x00002d78        0x8 ./SDK/startup/startup_mk64f12.o
                0x00002d78                UART5_RX_TX_IRQHandler
 .text.UART5_ERR_IRQHandler
                0x00002d80        0x8 ./SDK/startup/startup_mk64f12.o
                0x00002d80                UART5_ERR_IRQHandler
 .text.CMP2_IRQHandler
                0x00002d88        0x8 ./SDK/startup/startup_mk64f12.o
                0x00002d88                CMP2_IRQHandler
 .text.FTM3_IRQHandler
                0x00002d90        0x8 ./SDK/startup/startup_mk64f12.o
                0x00002d90                FTM3_IRQHandler
 .text.DAC1_IRQHandler
                0x00002d98        0x8 ./SDK/startup/startup_mk64f12.o
                0x00002d98                DAC1_IRQHandler
 .text.ADC1_IRQHandler
                0x00002da0        0x8 ./SDK/startup/startup_mk64f12.o
                0x00002da0                ADC1_IRQHandler
 .text.I2C2_IRQHandler
                0x00002da8        0x8 ./SDK/startup/startup_mk64f12.o
                0x00002da8                I2C2_IRQHandler
 .text.CAN0_ORed_Message_buffer_IRQHandler
                0x00002db0        0x8 ./SDK/startup/startup_mk64f12.o
                0x00002db0                CAN0_ORed_Message_buffer_IRQHandler
 .text.CAN0_Bus_Off_IRQHandler
                0x00002db8        0x8 ./SDK/startup/startup_mk64f12.o
                0x00002db8                CAN0_Bus_Off_IRQHandler
 .text.CAN0_Error_IRQHandler
                0x00002dc0        0x8 ./SDK/startup/startup_mk64f12.o
                0x00002dc0                CAN0_Error_IRQHandler
 .text.CAN0_Tx_Warning_IRQHandler
                0x00002dc8        0x8 ./SDK/startup/startup_mk64f12.o
                0x00002dc8                CAN0_Tx_Warning_IRQHandler
 .text.CAN0_Rx_Warning_IRQHandler
                0x00002dd0        0x8 ./SDK/startup/startup_mk64f12.o
                0x00002dd0                CAN0_Rx_Warning_IRQHandler
 .text.CAN0_Wake_Up_IRQHandler
                0x00002dd8        0x8 ./SDK/startup/startup_mk64f12.o
                0x00002dd8                CAN0_Wake_Up_IRQHandler
 .text.SDHC_IRQHandler
                0x00002de0        0x8 ./SDK/startup/startup_mk64f12.o
                0x00002de0                SDHC_IRQHandler
 .text.ENET_1588_Timer_IRQHandler
                0x00002de8        0x8 ./SDK/startup/startup_mk64f12.o
                0x00002de8                ENET_1588_Timer_IRQHandler
 .text.ENET_Transmit_IRQHandler
                0x00002df0        0x8 ./SDK/startup/startup_mk64f12.o
                0x00002df0                ENET_Transmit_IRQHandler
 .text.ENET_Receive_IRQHandler
                0x00002df8        0x8 ./SDK/startup/startup_mk64f12.o
                0x00002df8                ENET_Receive_IRQHandler
 .text.ENET_Error_IRQHandler
                0x00002e00        0x8 ./SDK/startup/startup_mk64f12.o
                0x00002e00                ENET_Error_IRQHandler
 .text.SystemInitHook
                0x00002e08        0xe ./SDK/CMSIS/system_MK64F12.o
                0x00002e08                SystemInitHook
 .text.fp_round
                0x00002e16       0x4e d:/nxp/mcuxpressoide_10.2.0_759/ide/tools/bin/../lib/gcc/arm-none-eabi/7.2.1/../../../../arm-none-eabi/lib/thumb/v7e-m/fpv4-sp/hard\libcr_c.a(fpprintf.o)
 .text.pr_dec.constprop.1
                0x00002e64       0x26 d:/nxp/mcuxpressoide_10.2.0_759/ide/tools/bin/../lib/gcc/arm-none-eabi/7.2.1/../../../../arm-none-eabi/lib/thumb/v7e-m/fpv4-sp/hard\libcr_c.a(fpprintf.o)
 .text.strlen   0x00002e8a       0x4a d:/nxp/mcuxpressoide_10.2.0_759/ide/tools/bin/../lib/gcc/arm-none-eabi/7.2.1/../../../../arm-none-eabi/lib/thumb/v7e-m/fpv4-sp/hard\libcr_c.a(strlen.o)
                0x00002e8a                strlen
 .text.memset   0x00002ed4        0x4 d:/nxp/mcuxpressoide_10.2.0_759/ide/tools/bin/../lib/gcc/arm-none-eabi/7.2.1/../../../../arm-none-eabi/lib/thumb/v7e-m/fpv4-sp/hard\libcr_c.a(memset.o)
                0x00002ed4                memset
 .text._deferredlazyseek
                0x00002ed8       0x40 d:/nxp/mcuxpressoide_10.2.0_759/ide/tools/bin/../lib/gcc/arm-none-eabi/7.2.1/../../../../arm-none-eabi/lib/thumb/v7e-m/fpv4-sp/hard\libcr_c.a(_deferredlazyseek.o)
                0x00002ed8                _deferredlazyseek
 .text.__flsbuf
                0x00002f18      0x140 d:/nxp/mcuxpressoide_10.2.0_759/ide/tools/bin/../lib/gcc/arm-none-eabi/7.2.1/../../../../arm-none-eabi/lib/thumb/v7e-m/fpv4-sp/hard\libcr_c.a(_deferredlazyseek.o)
                0x00002f18                __flsbuf
 .text._fflush  0x00003058       0x52 d:/nxp/mcuxpressoide_10.2.0_759/ide/tools/bin/../lib/gcc/arm-none-eabi/7.2.1/../../../../arm-none-eabi/lib/thumb/v7e-m/fpv4-sp/hard\libcr_c.a(_fflush.o)
                0x00003058                _fflush
 .text.free     0x000030aa       0x30 d:/nxp/mcuxpressoide_10.2.0_759/ide/tools/bin/../lib/gcc/arm-none-eabi/7.2.1/../../../../arm-none-eabi/lib/thumb/v7e-m/fpv4-sp/hard\libcr_c.a(alloc.o)
                0x000030aa                free
 .text.__aeabi_d2iz
                0x000030da       0x40 d:/nxp/mcuxpressoide_10.2.0_759/ide/tools/bin/../lib/gcc/arm-none-eabi/7.2.1/thumb/v7e-m/fpv4-sp/hard\libcr_eabihelpers.a(double.o)
                0x000030da                __aeabi_d2iz
 .text.__bhs_ui2d
                0x0000311a       0x46 d:/nxp/mcuxpressoide_10.2.0_759/ide/tools/bin/../lib/gcc/arm-none-eabi/7.2.1/thumb/v7e-m/fpv4-sp/hard\libcr_eabihelpers.a(double.o)
                0x0000311a                __bhs_ui2d
 .text.__aeabi_i2d
                0x00003160       0x12 d:/nxp/mcuxpressoide_10.2.0_759/ide/tools/bin/../lib/gcc/arm-none-eabi/7.2.1/thumb/v7e-m/fpv4-sp/hard\libcr_eabihelpers.a(double.o)
                0x00003160                __aeabi_i2d
 .text.__aeabi_dcmpeq
                0x00003172       0x30 d:/nxp/mcuxpressoide_10.2.0_759/ide/tools/bin/../lib/gcc/arm-none-eabi/7.2.1/thumb/v7e-m/fpv4-sp/hard\libcr_eabihelpers.a(double.o)
                0x00003172                __aeabi_dcmpeq
 .text.__aeabi_dcmplt
                0x000031a2       0x58 d:/nxp/mcuxpressoide_10.2.0_759/ide/tools/bin/../lib/gcc/arm-none-eabi/7.2.1/thumb/v7e-m/fpv4-sp/hard\libcr_eabihelpers.a(double.o)
                0x000031a2                __aeabi_dcmplt
 .text.__aeabi_dcmple
                0x000031fa       0x5a d:/nxp/mcuxpressoide_10.2.0_759/ide/tools/bin/../lib/gcc/arm-none-eabi/7.2.1/thumb/v7e-m/fpv4-sp/hard\libcr_eabihelpers.a(double.o)
                0x000031fa                __aeabi_dcmple
 .text.__aeabi_dcmpge
                0x00003254       0x58 d:/nxp/mcuxpressoide_10.2.0_759/ide/tools/bin/../lib/gcc/arm-none-eabi/7.2.1/thumb/v7e-m/fpv4-sp/hard\libcr_eabihelpers.a(double.o)
                0x00003254                __aeabi_dcmpge
 .text.__aeabi_memset_lowlevel
                0x000032ac       0x32 d:/nxp/mcuxpressoide_10.2.0_759/ide/tools/bin/../lib/gcc/arm-none-eabi/7.2.1/thumb/v7e-m/fpv4-sp/hard\libcr_eabihelpers.a(memcpy.o)
                0x000032ac                __aeabi_lowlevel_memset
 .text.__sys_flen
                0x000032de        0xc d:/nxp/mcuxpressoide_10.2.0_759/ide/tools/bin/../lib/gcc/arm-none-eabi/7.2.1/../../../../arm-none-eabi/lib/thumb/v7e-m/fpv4-sp/hard\libcr_semihost_nf.a(__sys_flen.o)
                0x000032de                __sys_flen
 .text.__sys_istty
                0x000032ea        0xc d:/nxp/mcuxpressoide_10.2.0_759/ide/tools/bin/../lib/gcc/arm-none-eabi/7.2.1/../../../../arm-none-eabi/lib/thumb/v7e-m/fpv4-sp/hard\libcr_semihost_nf.a(__sys_istty.o)
                0x000032ea                __sys_istty
 .text.__sys_seek
                0x000032f6        0xc d:/nxp/mcuxpressoide_10.2.0_759/ide/tools/bin/../lib/gcc/arm-none-eabi/7.2.1/../../../../arm-none-eabi/lib/thumb/v7e-m/fpv4-sp/hard\libcr_semihost_nf.a(__sys_seek.o)
                0x000032f6                __sys_seek
 .text.__sys_write
                0x00003302        0xc d:/nxp/mcuxpressoide_10.2.0_759/ide/tools/bin/../lib/gcc/arm-none-eabi/7.2.1/../../../../arm-none-eabi/lib/thumb/v7e-m/fpv4-sp/hard\libcr_semihost_nf.a(__sys_write.o)
                0x00003302                __sys_write
 *(SORT_BY_ALIGNMENT(.rodata) SORT_BY_ALIGNMENT(.rodata.*) SORT_BY_ALIGNMENT(.constdata) SORT_BY_ALIGNMENT(.constdata.*))
 *fill*         0x0000330e        0x2 ff
 .rodata.__huge_vall
                0x00003310        0x8 d:/nxp/mcuxpressoide_10.2.0_759/ide/tools/bin/../lib/gcc/arm-none-eabi/7.2.1/../../../../arm-none-eabi/lib/thumb/v7e-m/fpv4-sp/hard\libcr_c.a(_hugeval.o)
                0x00003310                __huge_vall
 .rodata        0x00003318        0x9 ./source/App.o
 *fill*         0x00003321        0x3 ff
 .rodata.PORT_PTRS
                0x00003324       0x14 ./source/gpio.o
 .rodata.GPIO_PTRS
                0x00003338       0x14 ./source/gpio.o
 .rodata.fp_display.str1.1
                0x0000334c       0x34 d:/nxp/mcuxpressoide_10.2.0_759/ide/tools/bin/../lib/gcc/arm-none-eabi/7.2.1/../../../../arm-none-eabi/lib/thumb/v7e-m/fpv4-sp/hard\libcr_c.a(fpprintf.o)
                                 0x35 (size before relaxing)
 .rodata.__vfprintf.str1.1
                0x00003380       0x31 d:/nxp/mcuxpressoide_10.2.0_759/ide/tools/bin/../lib/gcc/arm-none-eabi/7.2.1/../../../../arm-none-eabi/lib/thumb/v7e-m/fpv4-sp/hard\libcr_c.a(printf.o)
                                 0x38 (size before relaxing)
 .rodata._Csys_alloc.str1.1
                0x000033b1       0x18 d:/nxp/mcuxpressoide_10.2.0_759/ide/tools/bin/../lib/gcc/arm-none-eabi/7.2.1/../../../../arm-none-eabi/lib/thumb/v7e-m/fpv4-sp/hard\libcr_c.a(alloc.o)
                0x000033d0                . = ALIGN (0x8)
 *fill*         0x000033c9        0x7 ff

.glue_7         0x000033d0        0x0
 .glue_7        0x000033d0        0x0 linker stubs

.glue_7t        0x000033d0        0x0
 .glue_7t       0x000033d0        0x0 linker stubs

.vfp11_veneer   0x000033d0        0x0
 .vfp11_veneer  0x000033d0        0x0 linker stubs

.v4_bx          0x000033d0        0x0
 .v4_bx         0x000033d0        0x0 linker stubs

.iplt           0x000033d0        0x0
 .iplt          0x000033d0        0x0 ./source/App.o

.rel.dyn        0x000033d0        0x0
 .rel.iplt      0x000033d0        0x0 ./source/App.o

.ARM.extab
 *(SORT_BY_ALIGNMENT(.ARM.extab*) SORT_BY_ALIGNMENT(.gnu.linkonce.armextab.*))
                0x000033d0                __exidx_start = .

.ARM.exidx
 *(SORT_BY_ALIGNMENT(.ARM.exidx*) SORT_BY_ALIGNMENT(.gnu.linkonce.armexidx.*))
                0x000033d0                __exidx_end = .
                0x000033d0                _etext = .

.m_usb_data
 *(SORT_BY_ALIGNMENT(m_usb_bdt))

.data_RAM2      0x1fff0000        0x0 load address 0x000033d0
 FILL mask 0xff
                [!provide]                PROVIDE (__start_data_RAM2, .)
 *(SORT_BY_ALIGNMENT(.ramfunc.$RAM2))
 *(SORT_BY_ALIGNMENT(.ramfunc.$SRAM_LOWER))
 *(SORT_BY_ALIGNMENT(.data.$RAM2*))
 *(SORT_BY_ALIGNMENT(.data.$SRAM_LOWER*))
                0x1fff0000                . = ALIGN (0x8)
                [!provide]                PROVIDE (__end_data_RAM2, .)

.data_RAM3      0x14000000        0x0 load address 0x000033d0
 FILL mask 0xff
                [!provide]                PROVIDE (__start_data_RAM3, .)
 *(SORT_BY_ALIGNMENT(.ramfunc.$RAM3))
 *(SORT_BY_ALIGNMENT(.ramfunc.$FLEX_RAM))
 *(SORT_BY_ALIGNMENT(.data.$RAM3*))
 *(SORT_BY_ALIGNMENT(.data.$FLEX_RAM*))
                0x14000000                . = ALIGN (0x8)
                [!provide]                PROVIDE (__end_data_RAM3, .)

.uninit_RESERVED
                0x20000000        0x0
 *(SORT_BY_ALIGNMENT(.bss.$RESERVED*))
                0x20000000                . = ALIGN (0x4)
                0x20000000                _end_uninit_RESERVED = .

.data           0x20000000        0x8 load address 0x000033d0
 FILL mask 0xff
                0x20000000                _data = .
 *(SORT_BY_ALIGNMENT(vtable))
 *(SORT_BY_ALIGNMENT(.ramfunc*))
 *(SORT_BY_ALIGNMENT(.data*))
 .data.timers_cant
                0x20000000        0x1 ./source/timer.o
                0x20000000                timers_cant
                0x20000008                . = ALIGN (0x8)
 *fill*         0x20000001        0x7 ff
                0x20000008                _edata = .

.igot.plt       0x20000008        0x0 load address 0x000033d8
 .igot.plt      0x20000008        0x0 ./source/App.o

.bss_RAM2       0x1fff0000        0x0
                [!provide]                PROVIDE (__start_bss_RAM2, .)
 *(SORT_BY_ALIGNMENT(.bss.$RAM2*))
 *(SORT_BY_ALIGNMENT(.bss.$SRAM_LOWER*))
                0x1fff0000                . = ALIGN ((. != 0x0)?0x8:0x1)
                [!provide]                PROVIDE (__end_bss_RAM2, .)

.bss_RAM3       0x14000000        0x0
                [!provide]                PROVIDE (__start_bss_RAM3, .)
 *(SORT_BY_ALIGNMENT(.bss.$RAM3*))
 *(SORT_BY_ALIGNMENT(.bss.$FLEX_RAM*))
                0x14000000                . = ALIGN ((. != 0x0)?0x8:0x1)
                [!provide]                PROVIDE (__end_bss_RAM3, .)

.bss            0x20000008      0x450
                0x20000008                _bss = .
 *(SORT_BY_ALIGNMENT(.bss*))
 .bss.callback_ptr
                0x20000008        0x4 ./source/SysTick.o
                0x20000008                callback_ptr
 .bss.CALLBACKS
                0x2000000c      0x280 ./source/gpio.o
 .bss.timers    0x2000028c      0x100 ./source/timer.o
                0x2000028c                timers
 .bss.__LDM_interruptDisableCount
                0x2000038c        0x4 ./SDK/startup/hardware.o
 .bss.errno     0x20000390        0x4 d:/nxp/mcuxpressoide_10.2.0_759/ide/tools/bin/../lib/gcc/arm-none-eabi/7.2.1/../../../../arm-none-eabi/lib/thumb/v7e-m/fpv4-sp/hard\libcr_c.a(errno.o)
                0x20000390                errno
 .bss.__end_of_heap
                0x20000394        0x4 d:/nxp/mcuxpressoide_10.2.0_759/ide/tools/bin/../lib/gcc/arm-none-eabi/7.2.1/../../../../arm-none-eabi/lib/thumb/v7e-m/fpv4-sp/hard\libcr_c.a(__init_alloc.o)
                0x20000394                __end_of_heap
 .bss.__heaps   0x20000398        0x4 d:/nxp/mcuxpressoide_10.2.0_759/ide/tools/bin/../lib/gcc/arm-none-eabi/7.2.1/../../../../arm-none-eabi/lib/thumb/v7e-m/fpv4-sp/hard\libcr_c.a(__init_alloc.o)
                0x20000398                __heaps
 .bss.__Ciob    0x2000039c       0xb4 d:/nxp/mcuxpressoide_10.2.0_759/ide/tools/bin/../lib/gcc/arm-none-eabi/7.2.1/../../../../arm-none-eabi/lib/thumb/v7e-m/fpv4-sp/hard\libcr_semihost_nf.a(__ciob.o)
                0x2000039c                __Ciob
 .bss.sec       0x20000450        0x1 ./source/App.o
                0x20000450                sec
 .bss.red_timer
                0x20000451        0x1 ./source/App.o
                0x20000451                red_timer
 .bss.blue_timer
                0x20000452        0x1 ./source/App.o
                0x20000452                blue_timer
 .bss.red_state
                0x20000453        0x1 ./source/App.o
                0x20000453                red_state
 *(SORT_BY_ALIGNMENT(COMMON))
                0x20000458                . = ALIGN (0x8)
 *fill*         0x20000454        0x4 
                0x20000458                _ebss = .
                [!provide]                PROVIDE (end, .)

.noinit_RAM2    0x1fff0000        0x0
 *(SORT_BY_ALIGNMENT(.noinit.$RAM2*))
 *(SORT_BY_ALIGNMENT(.noinit.$SRAM_LOWER*))
                0x1fff0000                . = ALIGN (0x8)

.noinit_RAM3    0x14000000        0x0
 *(SORT_BY_ALIGNMENT(.noinit.$RAM3*))
 *(SORT_BY_ALIGNMENT(.noinit.$FLEX_RAM*))
                0x14000000                . = ALIGN (0x8)

.noinit         0x20000458        0x0
                0x20000458                _noinit = .
 *(SORT_BY_ALIGNMENT(.noinit*))
                0x20000458                . = ALIGN (0x8)
                0x20000458                _end_noinit = .
                0x00001000                _HeapSize = 0x1000

.heap           0x20000458     0x1000
                0x20000458                _pvHeapStart = .
                0x20001458                . = (. + _HeapSize)
 *fill*         0x20000458     0x1000 
                0x20001458                . = ALIGN (0x8)
                0x20001458                _pvHeapLimit = .
                0x00001000                _StackSize = 0x1000

.heap2stackfill
                0x20001458     0x1000
                0x20002458                . = (. + _StackSize)
 *fill*         0x20001458     0x1000 

.stack          0x2002f000        0x0
                0x2002f000                _vStackBase = .
                0x2002f000                . = ALIGN (0x8)
                0x20030000                _vStackTop = (. + _StackSize)
                0x00000000                _image_start = LOADADDR (.text)
                0x000033d8                _image_end = (LOADADDR (.data) + SIZEOF (.data))
                0x000033d8                _image_size = (_image_end - _image_start)
OUTPUT(TP1 Micros.axf elf32-littlearm)

.debug_info     0x00000000     0x384d
 .debug_info    0x00000000      0x994 ./source/App.o
 .debug_info    0x00000994      0x14e ./source/SysTick.o
 .debug_info    0x00000ae2      0xb30 ./source/gpio.o
 .debug_info    0x00001612      0xc28 ./source/timer.o
 .debug_info    0x0000223a      0x675 ./SDK/startup/hardware.o
 .debug_info    0x000028af       0xb7 ./SDK/startup/main.o
 .debug_info    0x00002966       0x3b ./SDK/startup/semihost_hardfault.o
 .debug_info    0x000029a1      0x8b0 ./SDK/startup/startup_mk64f12.o
 .debug_info    0x00003251      0x5fc ./SDK/CMSIS/system_MK64F12.o

.debug_abbrev   0x00000000      0xc55
 .debug_abbrev  0x00000000      0x205 ./source/App.o
 .debug_abbrev  0x00000205      0x106 ./source/SysTick.o
 .debug_abbrev  0x0000030b      0x24a ./source/gpio.o
 .debug_abbrev  0x00000555      0x281 ./source/timer.o
 .debug_abbrev  0x000007d6      0x138 ./SDK/startup/hardware.o
 .debug_abbrev  0x0000090e       0x7d ./SDK/startup/main.o
 .debug_abbrev  0x0000098b       0x2f ./SDK/startup/semihost_hardfault.o
 .debug_abbrev  0x000009ba      0x15c ./SDK/startup/startup_mk64f12.o
 .debug_abbrev  0x00000b16      0x13f ./SDK/CMSIS/system_MK64F12.o

.debug_aranges  0x00000000      0x540
 .debug_aranges
                0x00000000       0x38 ./source/App.o
 .debug_aranges
                0x00000038       0x28 ./source/SysTick.o
 .debug_aranges
                0x00000060       0x80 ./source/gpio.o
 .debug_aranges
                0x000000e0       0x90 ./source/timer.o
 .debug_aranges
                0x00000170       0x30 ./SDK/startup/hardware.o
 .debug_aranges
                0x000001a0       0x20 ./SDK/startup/main.o
 .debug_aranges
                0x000001c0       0x20 ./SDK/startup/semihost_hardfault.o
 .debug_aranges
                0x000001e0      0x330 ./SDK/startup/startup_mk64f12.o
 .debug_aranges
                0x00000510       0x30 ./SDK/CMSIS/system_MK64F12.o

.debug_ranges   0x00000000      0x4c8
 .debug_ranges  0x00000000       0x28 ./source/App.o
 .debug_ranges  0x00000028       0x18 ./source/SysTick.o
 .debug_ranges  0x00000040       0x88 ./source/gpio.o
 .debug_ranges  0x000000c8       0x80 ./source/timer.o
 .debug_ranges  0x00000148       0x20 ./SDK/startup/hardware.o
 .debug_ranges  0x00000168       0x10 ./SDK/startup/main.o
 .debug_ranges  0x00000178       0x10 ./SDK/startup/semihost_hardfault.o
 .debug_ranges  0x00000188      0x320 ./SDK/startup/startup_mk64f12.o
 .debug_ranges  0x000004a8       0x20 ./SDK/CMSIS/system_MK64F12.o

.debug_macro    0x00000000    0x127c0
 .debug_macro   0x00000000      0x23e ./source/App.o
 .debug_macro   0x0000023e      0xa60 ./source/App.o
 .debug_macro   0x00000c9e       0x22 ./source/App.o
 .debug_macro   0x00000cc0       0x52 ./source/App.o
 .debug_macro   0x00000d12       0x17 ./source/App.o
 .debug_macro   0x00000d29       0x8d ./source/App.o
 .debug_macro   0x00000db6       0x35 ./source/App.o
 .debug_macro   0x00000deb       0x9c ./source/App.o
 .debug_macro   0x00000e87       0x16 ./source/App.o
 .debug_macro   0x00000e9d       0x57 ./source/App.o
 .debug_macro   0x00000ef4       0x97 ./source/App.o
 .debug_macro   0x00000f8b      0x330 ./source/App.o
 .debug_macro   0x000012bb       0xfd ./source/App.o
 .debug_macro   0x000013b8       0x10 ./source/App.o
 .debug_macro   0x000013c8       0x58 ./source/App.o
 .debug_macro   0x00001420       0x1f ./source/App.o
 .debug_macro   0x0000143f       0x43 ./source/App.o
 .debug_macro   0x00001482       0x20 ./source/App.o
 .debug_macro   0x000014a2      0x18e ./source/App.o
 .debug_macro   0x00001630       0x10 ./source/App.o
 .debug_macro   0x00001640       0x6a ./source/App.o
 .debug_macro   0x000016aa       0x1c ./source/App.o
 .debug_macro   0x000016c6       0x52 ./source/App.o
 .debug_macro   0x00001718       0x40 ./source/App.o
 .debug_macro   0x00001758       0x10 ./source/App.o
 .debug_macro   0x00001768       0x40 ./source/App.o
 .debug_macro   0x000017a8       0xd7 ./source/App.o
 .debug_macro   0x0000187f       0x1c ./source/App.o
 .debug_macro   0x0000189b       0x3d ./source/App.o
 .debug_macro   0x000018d8       0x16 ./source/App.o
 .debug_macro   0x000018ee      0x16f ./source/App.o
 .debug_macro   0x00001a5d       0x16 ./source/App.o
 .debug_macro   0x00001a73       0x35 ./source/App.o
 .debug_macro   0x00001aa8      0x34e ./source/App.o
 .debug_macro   0x00001df6       0x22 ./source/App.o
 .debug_macro   0x00001e18       0x3a ./source/App.o
 .debug_macro   0x00001e52       0x76 ./source/App.o
 .debug_macro   0x00001ec8       0x16 ./source/App.o
 .debug_macro   0x00001ede       0x16 ./source/App.o
 .debug_macro   0x00001ef4       0x29 ./source/App.o
 .debug_macro   0x00001f1d       0x1c ./source/App.o
 .debug_macro   0x00001f39       0xe6 ./source/SysTick.o
 .debug_macro   0x0000201f       0x5c ./source/SysTick.o
 .debug_macro   0x0000207b       0x1c ./source/SysTick.o
 .debug_macro   0x00002097       0x22 ./source/SysTick.o
 .debug_macro   0x000020b9       0xdf ./source/SysTick.o
 .debug_macro   0x00002198      0xecf ./source/SysTick.o
 .debug_macro   0x00003067       0x48 ./source/SysTick.o
 .debug_macro   0x000030af     0xe07b ./source/SysTick.o
 .debug_macro   0x0001112a       0x10 ./source/SysTick.o
 .debug_macro   0x0001113a     0x122b ./source/SysTick.o
 .debug_macro   0x00012365       0x16 ./source/SysTick.o
 .debug_macro   0x0001237b       0xcd ./source/gpio.o
 .debug_macro   0x00012448       0x40 ./source/gpio.o
 .debug_macro   0x00012488      0x136 ./source/timer.o
 .debug_macro   0x000125be       0x10 ./source/timer.o
 .debug_macro   0x000125ce       0x9c ./SDK/startup/hardware.o
 .debug_macro   0x0001266a       0x9c ./SDK/startup/main.o
 .debug_macro   0x00012706       0x11 ./SDK/startup/semihost_hardfault.o
 .debug_macro   0x00012717       0x29 ./SDK/startup/startup_mk64f12.o
 .debug_macro   0x00012740       0x80 ./SDK/CMSIS/system_MK64F12.o

.debug_line     0x00000000     0x182c
 .debug_line    0x00000000      0x3a9 ./source/App.o
 .debug_line    0x000003a9      0x19f ./source/SysTick.o
 .debug_line    0x00000548      0x2e9 ./source/gpio.o
 .debug_line    0x00000831      0x3ba ./source/timer.o
 .debug_line    0x00000beb      0x1d4 ./SDK/startup/hardware.o
 .debug_line    0x00000dbf      0x175 ./SDK/startup/main.o
 .debug_line    0x00000f34       0x59 ./SDK/startup/semihost_hardfault.o
 .debug_line    0x00000f8d      0x6d8 ./SDK/startup/startup_mk64f12.o
 .debug_line    0x00001665      0x1c7 ./SDK/CMSIS/system_MK64F12.o

.debug_str      0x00000000    0x7ce15
 .debug_str     0x00000000     0x80ff ./source/App.o
                               0x8397 (size before relaxing)
 .debug_str     0x000080ff    0x738f1 ./source/SysTick.o
                              0x7711b (size before relaxing)
 .debug_str     0x0007b9f0      0x8cc ./source/gpio.o
                              0x7799e (size before relaxing)
 .debug_str     0x0007c2bc      0x159 ./source/timer.o
                               0x6e7f (size before relaxing)
 .debug_str     0x0007c415      0x178 ./SDK/startup/hardware.o
                              0x77205 (size before relaxing)
 .debug_str     0x0007c58d       0x1b ./SDK/startup/main.o
                              0x76fd9 (size before relaxing)
 .debug_str     0x0007c5a8       0x36 ./SDK/startup/semihost_hardfault.o
                               0x2d3f (size before relaxing)
 .debug_str     0x0007c5de      0x7d5 ./SDK/startup/startup_mk64f12.o
                               0x35ad (size before relaxing)
 .debug_str     0x0007cdb3       0x62 ./SDK/CMSIS/system_MK64F12.o
                              0x77114 (size before relaxing)

.comment        0x00000000       0x7e
 .comment       0x00000000       0x7e ./source/App.o
                                 0x7f (size before relaxing)
 .comment       0x0000007e       0x7f ./source/SysTick.o
 .comment       0x0000007e       0x7f ./source/gpio.o
 .comment       0x0000007e       0x7f ./source/timer.o
 .comment       0x0000007e       0x7f ./SDK/startup/hardware.o
 .comment       0x0000007e       0x7f ./SDK/startup/main.o
 .comment       0x0000007e       0x7f ./SDK/startup/semihost_hardfault.o
 .comment       0x0000007e       0x7f ./SDK/startup/startup_mk64f12.o
 .comment       0x0000007e       0x7f ./SDK/CMSIS/system_MK64F12.o
 .comment       0x0000007e       0x7f d:/nxp/mcuxpressoide_10.2.0_759/ide/tools/bin/../lib/gcc/arm-none-eabi/7.2.1/../../../../arm-none-eabi/lib/thumb/v7e-m/fpv4-sp/hard\libcr_c.a(fpprintf.o)
 .comment       0x0000007e       0x7f d:/nxp/mcuxpressoide_10.2.0_759/ide/tools/bin/../lib/gcc/arm-none-eabi/7.2.1/../../../../arm-none-eabi/lib/thumb/v7e-m/fpv4-sp/hard\libcr_c.a(printf.o)
 .comment       0x0000007e       0x7f d:/nxp/mcuxpressoide_10.2.0_759/ide/tools/bin/../lib/gcc/arm-none-eabi/7.2.1/../../../../arm-none-eabi/lib/thumb/v7e-m/fpv4-sp/hard\libcr_c.a(strlen.o)
 .comment       0x0000007e       0x7f d:/nxp/mcuxpressoide_10.2.0_759/ide/tools/bin/../lib/gcc/arm-none-eabi/7.2.1/../../../../arm-none-eabi/lib/thumb/v7e-m/fpv4-sp/hard\libcr_c.a(memset.o)
 .comment       0x0000007e       0x7f d:/nxp/mcuxpressoide_10.2.0_759/ide/tools/bin/../lib/gcc/arm-none-eabi/7.2.1/../../../../arm-none-eabi/lib/thumb/v7e-m/fpv4-sp/hard\libcr_c.a(_deferredlazyseek.o)
 .comment       0x0000007e       0x7f d:/nxp/mcuxpressoide_10.2.0_759/ide/tools/bin/../lib/gcc/arm-none-eabi/7.2.1/../../../../arm-none-eabi/lib/thumb/v7e-m/fpv4-sp/hard\libcr_c.a(_fflush.o)
 .comment       0x0000007e       0x7f d:/nxp/mcuxpressoide_10.2.0_759/ide/tools/bin/../lib/gcc/arm-none-eabi/7.2.1/../../../../arm-none-eabi/lib/thumb/v7e-m/fpv4-sp/hard\libcr_c.a(_frexpl.o)
 .comment       0x0000007e       0x7f d:/nxp/mcuxpressoide_10.2.0_759/ide/tools/bin/../lib/gcc/arm-none-eabi/7.2.1/../../../../arm-none-eabi/lib/thumb/v7e-m/fpv4-sp/hard\libcr_c.a(_ldexpl.o)
 .comment       0x0000007e       0x7f d:/nxp/mcuxpressoide_10.2.0_759/ide/tools/bin/../lib/gcc/arm-none-eabi/7.2.1/../../../../arm-none-eabi/lib/thumb/v7e-m/fpv4-sp/hard\libcr_c.a(_writebuf.o)
 .comment       0x0000007e       0x7f d:/nxp/mcuxpressoide_10.2.0_759/ide/tools/bin/../lib/gcc/arm-none-eabi/7.2.1/../../../../arm-none-eabi/lib/thumb/v7e-m/fpv4-sp/hard\libcr_c.a(alloc.o)
 .comment       0x0000007e       0x7f d:/nxp/mcuxpressoide_10.2.0_759/ide/tools/bin/../lib/gcc/arm-none-eabi/7.2.1/../../../../arm-none-eabi/lib/thumb/v7e-m/fpv4-sp/hard\libcr_c.a(errno.o)
 .comment       0x0000007e       0x7f d:/nxp/mcuxpressoide_10.2.0_759/ide/tools/bin/../lib/gcc/arm-none-eabi/7.2.1/../../../../arm-none-eabi/lib/thumb/v7e-m/fpv4-sp/hard\libcr_c.a(fseek.o)
 .comment       0x0000007e       0x7f d:/nxp/mcuxpressoide_10.2.0_759/ide/tools/bin/../lib/gcc/arm-none-eabi/7.2.1/../../../../arm-none-eabi/lib/thumb/v7e-m/fpv4-sp/hard\libcr_c.a(ftell.o)
 .comment       0x0000007e       0x7f d:/nxp/mcuxpressoide_10.2.0_759/ide/tools/bin/../lib/gcc/arm-none-eabi/7.2.1/../../../../arm-none-eabi/lib/thumb/v7e-m/fpv4-sp/hard\libcr_c.a(__init_alloc.o)
 .comment       0x0000007e       0x7f d:/nxp/mcuxpressoide_10.2.0_759/ide/tools/bin/../lib/gcc/arm-none-eabi/7.2.1/../../../../arm-none-eabi/lib/thumb/v7e-m/fpv4-sp/hard\libcr_c.a(_cr_sbrk.o)
 .comment       0x0000007e       0x7f d:/nxp/mcuxpressoide_10.2.0_759/ide/tools/bin/../lib/gcc/arm-none-eabi/7.2.1/../../../../arm-none-eabi/lib/thumb/v7e-m/fpv4-sp/hard\libcr_c.a(_hugeval.o)
 .comment       0x0000007e       0x7f d:/nxp/mcuxpressoide_10.2.0_759/ide/tools/bin/../lib/gcc/arm-none-eabi/7.2.1/../../../../arm-none-eabi/lib/thumb/v7e-m/fpv4-sp/hard\libcr_c.a(_cr_check_heap.o)
 .comment       0x0000007e       0x7f d:/nxp/mcuxpressoide_10.2.0_759/ide/tools/bin/../lib/gcc/arm-none-eabi/7.2.1/thumb/v7e-m/fpv4-sp/hard\libcr_eabihelpers.a(double.o)
 .comment       0x0000007e       0x7f d:/nxp/mcuxpressoide_10.2.0_759/ide/tools/bin/../lib/gcc/arm-none-eabi/7.2.1/../../../../arm-none-eabi/lib/thumb/v7e-m/fpv4-sp/hard\libcr_semihost_nf.a(__ciob.o)

.ARM.attributes
                0x00000000       0x37
 .ARM.attributes
                0x00000000       0x39 ./source/App.o
 .ARM.attributes
                0x00000039       0x39 ./source/SysTick.o
 .ARM.attributes
                0x00000072       0x39 ./source/gpio.o
 .ARM.attributes
                0x000000ab       0x39 ./source/timer.o
 .ARM.attributes
                0x000000e4       0x39 ./SDK/startup/hardware.o
 .ARM.attributes
                0x0000011d       0x39 ./SDK/startup/main.o
 .ARM.attributes
                0x00000156       0x39 ./SDK/startup/semihost_hardfault.o
 .ARM.attributes
                0x0000018f       0x39 ./SDK/startup/startup_mk64f12.o
 .ARM.attributes
                0x000001c8       0x39 ./SDK/CMSIS/system_MK64F12.o
 .ARM.attributes
                0x00000201       0x39 d:/nxp/mcuxpressoide_10.2.0_759/ide/tools/bin/../lib/gcc/arm-none-eabi/7.2.1/../../../../arm-none-eabi/lib/thumb/v7e-m/fpv4-sp/hard\libcr_c.a(fpprintf.o)
 .ARM.attributes
                0x0000023a       0x39 d:/nxp/mcuxpressoide_10.2.0_759/ide/tools/bin/../lib/gcc/arm-none-eabi/7.2.1/../../../../arm-none-eabi/lib/thumb/v7e-m/fpv4-sp/hard\libcr_c.a(printf.o)
 .ARM.attributes
                0x00000273       0x39 d:/nxp/mcuxpressoide_10.2.0_759/ide/tools/bin/../lib/gcc/arm-none-eabi/7.2.1/../../../../arm-none-eabi/lib/thumb/v7e-m/fpv4-sp/hard\libcr_c.a(strlen.o)
 .ARM.attributes
                0x000002ac       0x39 d:/nxp/mcuxpressoide_10.2.0_759/ide/tools/bin/../lib/gcc/arm-none-eabi/7.2.1/../../../../arm-none-eabi/lib/thumb/v7e-m/fpv4-sp/hard\libcr_c.a(memset.o)
 .ARM.attributes
                0x000002e5       0x39 d:/nxp/mcuxpressoide_10.2.0_759/ide/tools/bin/../lib/gcc/arm-none-eabi/7.2.1/../../../../arm-none-eabi/lib/thumb/v7e-m/fpv4-sp/hard\libcr_c.a(_deferredlazyseek.o)
 .ARM.attributes
                0x0000031e       0x39 d:/nxp/mcuxpressoide_10.2.0_759/ide/tools/bin/../lib/gcc/arm-none-eabi/7.2.1/../../../../arm-none-eabi/lib/thumb/v7e-m/fpv4-sp/hard\libcr_c.a(_fflush.o)
 .ARM.attributes
                0x00000357       0x39 d:/nxp/mcuxpressoide_10.2.0_759/ide/tools/bin/../lib/gcc/arm-none-eabi/7.2.1/../../../../arm-none-eabi/lib/thumb/v7e-m/fpv4-sp/hard\libcr_c.a(_frexpl.o)
 .ARM.attributes
                0x00000390       0x39 d:/nxp/mcuxpressoide_10.2.0_759/ide/tools/bin/../lib/gcc/arm-none-eabi/7.2.1/../../../../arm-none-eabi/lib/thumb/v7e-m/fpv4-sp/hard\libcr_c.a(_ldexpl.o)
 .ARM.attributes
                0x000003c9       0x39 d:/nxp/mcuxpressoide_10.2.0_759/ide/tools/bin/../lib/gcc/arm-none-eabi/7.2.1/../../../../arm-none-eabi/lib/thumb/v7e-m/fpv4-sp/hard\libcr_c.a(_writebuf.o)
 .ARM.attributes
                0x00000402       0x39 d:/nxp/mcuxpressoide_10.2.0_759/ide/tools/bin/../lib/gcc/arm-none-eabi/7.2.1/../../../../arm-none-eabi/lib/thumb/v7e-m/fpv4-sp/hard\libcr_c.a(alloc.o)
 .ARM.attributes
                0x0000043b       0x39 d:/nxp/mcuxpressoide_10.2.0_759/ide/tools/bin/../lib/gcc/arm-none-eabi/7.2.1/../../../../arm-none-eabi/lib/thumb/v7e-m/fpv4-sp/hard\libcr_c.a(errno.o)
 .ARM.attributes
                0x00000474       0x39 d:/nxp/mcuxpressoide_10.2.0_759/ide/tools/bin/../lib/gcc/arm-none-eabi/7.2.1/../../../../arm-none-eabi/lib/thumb/v7e-m/fpv4-sp/hard\libcr_c.a(fseek.o)
 .ARM.attributes
                0x000004ad       0x39 d:/nxp/mcuxpressoide_10.2.0_759/ide/tools/bin/../lib/gcc/arm-none-eabi/7.2.1/../../../../arm-none-eabi/lib/thumb/v7e-m/fpv4-sp/hard\libcr_c.a(ftell.o)
 .ARM.attributes
                0x000004e6       0x39 d:/nxp/mcuxpressoide_10.2.0_759/ide/tools/bin/../lib/gcc/arm-none-eabi/7.2.1/../../../../arm-none-eabi/lib/thumb/v7e-m/fpv4-sp/hard\libcr_c.a(__init_alloc.o)
 .ARM.attributes
                0x0000051f       0x39 d:/nxp/mcuxpressoide_10.2.0_759/ide/tools/bin/../lib/gcc/arm-none-eabi/7.2.1/../../../../arm-none-eabi/lib/thumb/v7e-m/fpv4-sp/hard\libcr_c.a(_cr_sbrk.o)
 .ARM.attributes
                0x00000558       0x39 d:/nxp/mcuxpressoide_10.2.0_759/ide/tools/bin/../lib/gcc/arm-none-eabi/7.2.1/../../../../arm-none-eabi/lib/thumb/v7e-m/fpv4-sp/hard\libcr_c.a(_hugeval.o)
 .ARM.attributes
                0x00000591       0x39 d:/nxp/mcuxpressoide_10.2.0_759/ide/tools/bin/../lib/gcc/arm-none-eabi/7.2.1/../../../../arm-none-eabi/lib/thumb/v7e-m/fpv4-sp/hard\libcr_c.a(_cr_check_heap.o)
 .ARM.attributes
                0x000005ca       0x39 d:/nxp/mcuxpressoide_10.2.0_759/ide/tools/bin/../lib/gcc/arm-none-eabi/7.2.1/thumb/v7e-m/fpv4-sp/hard\libcr_eabihelpers.a(double.o)
 .ARM.attributes
                0x00000603       0x25 d:/nxp/mcuxpressoide_10.2.0_759/ide/tools/bin/../lib/gcc/arm-none-eabi/7.2.1/thumb/v7e-m/fpv4-sp/hard\libcr_eabihelpers.a(memcpy.o)
 .ARM.attributes
                0x00000628       0x39 d:/nxp/mcuxpressoide_10.2.0_759/ide/tools/bin/../lib/gcc/arm-none-eabi/7.2.1/../../../../arm-none-eabi/lib/thumb/v7e-m/fpv4-sp/hard\libcr_semihost_nf.a(__ciob.o)
 .ARM.attributes
                0x00000661       0x25 d:/nxp/mcuxpressoide_10.2.0_759/ide/tools/bin/../lib/gcc/arm-none-eabi/7.2.1/../../../../arm-none-eabi/lib/thumb/v7e-m/fpv4-sp/hard\libcr_semihost_nf.a(__sys_appexit.o)
 .ARM.attributes
                0x00000686       0x25 d:/nxp/mcuxpressoide_10.2.0_759/ide/tools/bin/../lib/gcc/arm-none-eabi/7.2.1/../../../../arm-none-eabi/lib/thumb/v7e-m/fpv4-sp/hard\libcr_semihost_nf.a(__sys_flen.o)
 .ARM.attributes
                0x000006ab       0x25 d:/nxp/mcuxpressoide_10.2.0_759/ide/tools/bin/../lib/gcc/arm-none-eabi/7.2.1/../../../../arm-none-eabi/lib/thumb/v7e-m/fpv4-sp/hard\libcr_semihost_nf.a(__sys_istty.o)
 .ARM.attributes
                0x000006d0       0x25 d:/nxp/mcuxpressoide_10.2.0_759/ide/tools/bin/../lib/gcc/arm-none-eabi/7.2.1/../../../../arm-none-eabi/lib/thumb/v7e-m/fpv4-sp/hard\libcr_semihost_nf.a(__sys_seek.o)
 .ARM.attributes
                0x000006f5       0x25 d:/nxp/mcuxpressoide_10.2.0_759/ide/tools/bin/../lib/gcc/arm-none-eabi/7.2.1/../../../../arm-none-eabi/lib/thumb/v7e-m/fpv4-sp/hard\libcr_semihost_nf.a(__sys_write.o)

.debug_frame    0x00000000      0xf88
 .debug_frame   0x00000000       0x80 ./source/App.o
 .debug_frame   0x00000080       0x64 ./source/SysTick.o
 .debug_frame   0x000000e4      0x224 ./source/gpio.o
 .debug_frame   0x00000308      0x24c ./source/timer.o
 .debug_frame   0x00000554       0x70 ./SDK/startup/hardware.o
 .debug_frame   0x000005c4       0x2c ./SDK/startup/main.o
 .debug_frame   0x000005f0       0x20 ./SDK/startup/semihost_hardfault.o
 .debug_frame   0x00000610      0x904 ./SDK/startup/startup_mk64f12.o
 .debug_frame   0x00000f14       0x74 ./SDK/CMSIS/system_MK64F12.o
